Component: ARM Compiler 5.06 update 7 (build 960) Tool: armlink [4d3601]

==============================================================================

Section Cross References

    startup_stm32f103xb.o(RESET) refers to startup_stm32f103xb.o(STACK) for __initial_sp
    startup_stm32f103xb.o(RESET) refers to startup_stm32f103xb.o(.text) for Reset_Handler
    startup_stm32f103xb.o(RESET) refers to stm32f1xx_it.o(i.NMI_Handler) for NMI_Handler
    startup_stm32f103xb.o(RESET) refers to stm32f1xx_it.o(i.HardFault_Handler) for HardFault_Handler
    startup_stm32f103xb.o(RESET) refers to stm32f1xx_it.o(i.MemManage_Handler) for MemManage_Handler
    startup_stm32f103xb.o(RESET) refers to stm32f1xx_it.o(i.BusFault_Handler) for BusFault_Handler
    startup_stm32f103xb.o(RESET) refers to stm32f1xx_it.o(i.UsageFault_Handler) for UsageFault_Handler
    startup_stm32f103xb.o(RESET) refers to stm32f1xx_it.o(i.SVC_Handler) for SVC_Handler
    startup_stm32f103xb.o(RESET) refers to stm32f1xx_it.o(i.DebugMon_Handler) for DebugMon_Handler
    startup_stm32f103xb.o(RESET) refers to stm32f1xx_it.o(i.PendSV_Handler) for PendSV_Handler
    startup_stm32f103xb.o(RESET) refers to stm32f1xx_it.o(i.SysTick_Handler) for SysTick_Handler
    startup_stm32f103xb.o(RESET) refers to stm32f1xx_it.o(i.TIM1_UP_IRQHandler) for TIM1_UP_IRQHandler
    startup_stm32f103xb.o(RESET) refers to stm32f1xx_it.o(i.TIM1_CC_IRQHandler) for TIM1_CC_IRQHandler
    startup_stm32f103xb.o(RESET) refers to stm32f1xx_it.o(i.USART1_IRQHandler) for USART1_IRQHandler
    startup_stm32f103xb.o(.text) refers to system_stm32f1xx_1.o(i.SystemInit) for SystemInit
    startup_stm32f103xb.o(.text) refers to entry.o(.ARM.Collect$$$$00000000) for __main
    encoder.o(i.GetTim2Encoder) refers to tim.o(.bss) for htim2
    encoder.o(i.GetTim2Encoder) refers to encoder.o(.data) for .data
    encoder.o(i.GetTim4Encoder) refers to tim.o(.bss) for htim4
    encoder.o(i.GetTim4Encoder) refers to encoder.o(.data) for .data
    mpu6050.o(i.MPU_Get_Accelerometer) refers to mpu6050.o(i.MPU_Read_Len) for MPU_Read_Len
    mpu6050.o(i.MPU_Get_Gyroscope) refers to mpu6050.o(i.MPU_Read_Len) for MPU_Read_Len
    mpu6050.o(i.MPU_Get_Temperature) refers to mpu6050.o(i.MPU_Read_Len) for MPU_Read_Len
    mpu6050.o(i.MPU_Get_Temperature) refers to dflti.o(.text) for __aeabi_i2d
    mpu6050.o(i.MPU_Get_Temperature) refers to ddiv.o(.text) for __aeabi_ddiv
    mpu6050.o(i.MPU_Get_Temperature) refers to dadd.o(.text) for __aeabi_dadd
    mpu6050.o(i.MPU_Get_Temperature) refers to dmul.o(.text) for __aeabi_dmul
    mpu6050.o(i.MPU_Get_Temperature) refers to d2f.o(.text) for __aeabi_d2f
    mpu6050.o(i.MPU_Get_Temperature) refers to fdiv.o(.text) for __aeabi_fdiv
    mpu6050.o(i.MPU_Init) refers to stm32f1xx_hal_i2c.o(i.HAL_I2C_Init) for HAL_I2C_Init
    mpu6050.o(i.MPU_Init) refers to mpu6050.o(i.MPU_Write_Byte) for MPU_Write_Byte
    mpu6050.o(i.MPU_Init) refers to mpu6050.o(i.MPU_Set_Gyro_Fsr) for MPU_Set_Gyro_Fsr
    mpu6050.o(i.MPU_Init) refers to mpu6050.o(i.MPU_Set_Accel_Fsr) for MPU_Set_Accel_Fsr
    mpu6050.o(i.MPU_Init) refers to mpu6050.o(i.MPU_Set_Rate) for MPU_Set_Rate
    mpu6050.o(i.MPU_Init) refers to mpu6050.o(i.MPU_Read_Byte) for MPU_Read_Byte
    mpu6050.o(i.MPU_Init) refers to i2c.o(.bss) for hi2c1
    mpu6050.o(i.MPU_Read_Byte) refers to stm32f1xx_hal_i2c.o(i.HAL_I2C_Mem_Read) for HAL_I2C_Mem_Read
    mpu6050.o(i.MPU_Read_Byte) refers to stm32f1xx_hal.o(i.HAL_Delay) for HAL_Delay
    mpu6050.o(i.MPU_Read_Byte) refers to i2c.o(.bss) for hi2c1
    mpu6050.o(i.MPU_Read_Len) refers to stm32f1xx_hal_i2c.o(i.HAL_I2C_Mem_Read) for HAL_I2C_Mem_Read
    mpu6050.o(i.MPU_Read_Len) refers to i2c.o(.bss) for hi2c1
    mpu6050.o(i.MPU_Set_Accel_Fsr) refers to mpu6050.o(i.MPU_Write_Byte) for MPU_Write_Byte
    mpu6050.o(i.MPU_Set_Gyro_Fsr) refers to mpu6050.o(i.MPU_Write_Byte) for MPU_Write_Byte
    mpu6050.o(i.MPU_Set_LPF) refers to mpu6050.o(i.MPU_Write_Byte) for MPU_Write_Byte
    mpu6050.o(i.MPU_Set_Rate) refers to mpu6050.o(i.MPU_Write_Byte) for MPU_Write_Byte
    mpu6050.o(i.MPU_Set_Rate) refers to mpu6050.o(i.MPU_Set_LPF) for MPU_Set_LPF
    mpu6050.o(i.MPU_Write_Byte) refers to stm32f1xx_hal_i2c.o(i.HAL_I2C_Mem_Write) for HAL_I2C_Mem_Write
    mpu6050.o(i.MPU_Write_Byte) refers to stm32f1xx_hal.o(i.HAL_Delay) for HAL_Delay
    mpu6050.o(i.MPU_Write_Byte) refers to i2c.o(.bss) for hi2c1
    mpu6050.o(i.MPU_Write_Len) refers to stm32f1xx_hal_i2c.o(i.HAL_I2C_Mem_Write) for HAL_I2C_Mem_Write
    mpu6050.o(i.MPU_Write_Len) refers to stm32f1xx_hal.o(i.HAL_Delay) for HAL_Delay
    mpu6050.o(i.MPU_Write_Len) refers to i2c.o(.bss) for hi2c1
    filter.o(i.ComplementaryFilter) refers to fmul.o(.text) for __aeabi_fmul
    filter.o(i.ComplementaryFilter) refers to fadd.o(.text) for __aeabi_fadd
    filter.o(i.ComplementaryFilter) refers to filter.o(.data) for .data
    control.o(i.AngleCalculate) refers to dflti.o(.text) for __aeabi_i2d
[...]
    i.u8g2_DrawStr                           0x08004e58   Section        0  u8g2_font.o(i.u8g2_DrawStr)
    i.u8g2_IsIntersection                    0x08004e68   Section        0  u8g2_intersection.o(i.u8g2_IsIntersection)
    i.u8g2_SendBuffer                        0x08004e98   Section        0  u8g2_buffer.o(i.u8g2_SendBuffer)
    i.u8g2_SetFont                           0x08004eaa   Section        0  u8g2_font.o(i.u8g2_SetFont)
    i.u8g2_SetFontPosBaseline                0x08004ecc   Section        0  u8g2_font.o(i.u8g2_SetFontPosBaseline)
    i.u8g2_SetMaxClipWindow                  0x08004ed8   Section        0  u8g2_setup.o(i.u8g2_SetMaxClipWindow)
    i.u8g2_SetupBuffer                       0x08004ef4   Section        0  u8g2_setup.o(i.u8g2_SetupBuffer)
    i.u8g2_Setup_ssd1306_128x64_noname_f     0x08004f38   Section        0  u8g2_d_setup.o(i.u8g2_Setup_ssd1306_128x64_noname_f)
    i.u8g2_UpdateRefHeight                   0x08004f70   Section        0  u8g2_font.o(i.u8g2_UpdateRefHeight)
    i.u8g2_add_vector_x                      0x08004fc2   Section        0  u8g2_font.o(i.u8g2_add_vector_x)
    i.u8g2_add_vector_y                      0x08004fde   Section        0  u8g2_font.o(i.u8g2_add_vector_y)
    i.u8g2_apply_clip_window                 0x08004ffa   Section        0  u8g2_setup.o(i.u8g2_apply_clip_window)
    u8g2_apply_clip_window                   0x08004ffb   Thumb Code   110  u8g2_setup.o(i.u8g2_apply_clip_window)
    i.u8g2_clip_intersection2                0x08005068   Section        0  u8g2_hvline.o(i.u8g2_clip_intersection2)
    u8g2_clip_intersection2                  0x08005069   Thumb Code    60  u8g2_hvline.o(i.u8g2_clip_intersection2)
    i.u8g2_draw_hv_line_2dir                 0x080050a4   Section        0  u8g2_hvline.o(i.u8g2_draw_hv_line_2dir)
    i.u8g2_draw_l90_r0                       0x080050b6   Section        0  u8g2_setup.o(i.u8g2_draw_l90_r0)
    i.u8g2_draw_string                       0x080050c2   Section        0  u8g2_font.o(i.u8g2_draw_string)
    u8g2_draw_string                         0x080050c3   Thumb Code   118  u8g2_font.o(i.u8g2_draw_string)
    i.u8g2_font_calc_vref_font               0x08005138   Section        0  u8g2_font.o(i.u8g2_font_calc_vref_font)
    i.u8g2_font_decode_get_signed_bits       0x0800513c   Section        0  u8g2_font.o(i.u8g2_font_decode_get_signed_bits)
    i.u8g2_font_decode_get_unsigned_bits     0x08005150   Section        0  u8g2_font.o(i.u8g2_font_decode_get_unsigned_bits)
    i.u8g2_font_decode_glyph                 0x08005184   Section        0  u8g2_font.o(i.u8g2_font_decode_glyph)
    i.u8g2_font_decode_len                   0x08005298   Section        0  u8g2_font.o(i.u8g2_font_decode_len)
    i.u8g2_font_get_glyph_data               0x08005324   Section        0  u8g2_font.o(i.u8g2_font_get_glyph_data)
    i.u8g2_font_get_word                     0x08005396   Section        0  u8g2_font.o(i.u8g2_font_get_word)
    u8g2_font_get_word                       0x08005397   Thumb Code    20  u8g2_font.o(i.u8g2_font_get_word)
    i.u8g2_font_setup_decode                 0x080053aa   Section        0  u8g2_font.o(i.u8g2_font_setup_decode)
    u8g2_font_setup_decode                   0x080053ab   Thumb Code    52  u8g2_font.o(i.u8g2_font_setup_decode)
    i.u8g2_is_intersection_decision_tree     0x080053de   Section        0  u8g2_intersection.o(i.u8g2_is_intersection_decision_tree)
    i.u8g2_ll_hvline_vertical_top_lsb        0x080053f8   Section        0  u8g2_ll_hvline.o(i.u8g2_ll_hvline_vertical_top_lsb)
    i.u8g2_m_16_8_f                          0x08005488   Section        0  u8g2_d_memory.o(i.u8g2_m_16_8_f)
    i.u8g2_read_font_info                    0x08005494   Section        0  u8g2_font.o(i.u8g2_read_font_info)
    i.u8g2_send_buffer                       0x080054fe   Section        0  u8g2_buffer.o(i.u8g2_send_buffer)
    u8g2_send_buffer                         0x080054ff   Thumb Code    78  u8g2_buffer.o(i.u8g2_send_buffer)
    i.u8g2_update_dimension_common           0x0800554c   Section        0  u8g2_setup.o(i.u8g2_update_dimension_common)
    u8g2_update_dimension_common             0x0800554d   Thumb Code    70  u8g2_setup.o(i.u8g2_update_dimension_common)
    i.u8g2_update_dimension_r0               0x08005592   Section        0  u8g2_setup.o(i.u8g2_update_dimension_r0)
    i.u8g2_update_page_win_r0                0x08005596   Section        0  u8g2_setup.o(i.u8g2_update_page_win_r0)
    i.u8x8_DrawTile                          0x080055b8   Section        0  u8x8_display.o(i.u8x8_DrawTile)
    i.u8x8_InitDisplay                       0x080055d6   Section        0  u8x8_display.o(i.u8x8_InitDisplay)
    i.u8x8_RefreshDisplay                    0x080055e6   Section        0  u8x8_display.o(i.u8x8_RefreshDisplay)
    i.u8x8_SetPowerSave                      0x080055f6   Section        0  u8x8_display.o(i.u8x8_SetPowerSave)
    i.u8x8_Setup                             0x08005606   Section        0  u8x8_setup.o(i.u8x8_Setup)
    i.u8x8_SetupDefaults                     0x08005628   Section        0  u8x8_setup.o(i.u8x8_SetupDefaults)
    i.u8x8_SetupMemory                       0x0800564c   Section        0  u8x8_display.o(i.u8x8_SetupMemory)
    i.u8x8_ascii_next                        0x0800565c   Section        0  u8x8_8x8.o(i.u8x8_ascii_next)
    i.u8x8_byte_4wire_sw_spi                 0x0800566c   Section        0  u8x8_byte.o(i.u8x8_byte_4wire_sw_spi)
    i.u8x8_byte_SendByte                     0x08005756   Section        0  u8x8_byte.o(i.u8x8_byte_SendByte)
    i.u8x8_byte_SetDC                        0x08005764   Section        0  u8x8_byte.o(i.u8x8_byte_SetDC)
    i.u8x8_cad_001                           0x08005774   Section        0  u8x8_cad.o(i.u8x8_cad_001)
    i.u8x8_cad_EndTransfer                   0x080057c6   Section        0  u8x8_cad.o(i.u8x8_cad_EndTransfer)
    i.u8x8_cad_SendArg                       0x080057d6   Section        0  u8x8_cad.o(i.u8x8_cad_SendArg)
    i.u8x8_cad_SendCmd                       0x080057e6   Section        0  u8x8_cad.o(i.u8x8_cad_SendCmd)
    i.u8x8_cad_SendData                      0x080057f6   Section        0  u8x8_cad.o(i.u8x8_cad_SendData)
    i.u8x8_cad_SendSequence                  0x08005808   Section        0  u8x8_cad.o(i.u8x8_cad_SendSequence)
    i.u8x8_cad_StartTransfer                 0x08005870   Section        0  u8x8_cad.o(i.u8x8_cad_StartTransfer)
    i.u8x8_d_helper_display_init             0x08005880   Section        0  u8x8_display.o(i.u8x8_d_helper_display_init)
    i.u8x8_d_helper_display_setup_memory     0x080058e0   Section        0  u8x8_display.o(i.u8x8_d_helper_display_setup_memory)
    i.u8x8_d_ssd1306_128x64_noname           0x080058ec   Section        0  u8x8_d_ssd1306_128x64_noname.o(i.u8x8_d_ssd1306_128x64_noname)
    i.u8x8_d_ssd1306_sh1106_generic          0x08005928   Section        0  u8x8_d_ssd1306_128x64_noname.o(i.u8x8_d_ssd1306_sh1106_generic)
    u8x8_d_ssd1306_sh1106_generic            0x08005929   Thumb Code   196  u8x8_d_ssd1306_128x64_noname.o(i.u8x8_d_ssd1306_sh1106_generic)
    i.u8x8_dummy_cb                          0x080059f0   Section        0  u8x8_setup.o(i.u8x8_dummy_cb)
    i.u8x8_gpio_call                         0x080059f4   Section        0  u8x8_gpio.o(i.u8x8_gpio_call)
    i.u8x8_stm32_gpio_and_delay              0x08005a00   Section        0  oled.o(i.u8x8_stm32_gpio_and_delay)
    i.u8x8_utf8_init                         0x08005a70   Section        0  u8x8_8x8.o(i.u8x8_utf8_init)
    .constdata                               0x08005a78   Section      794  u8g2_fonts.o(.constdata)
    .constdata                               0x08005d94   Section       12  u8g2_setup.o(.constdata)
    .constdata                               0x08005da0   Section      276  u8x8_d_ssd1306_128x64_noname.o(.constdata)
    u8x8_d_ssd1306_128x64_noname_powersave0_seq 0x08005da0   Data           5  u8x8_d_ssd1306_128x64_noname.o(.constdata)
    u8x8_d_ssd1306_128x64_noname_powersave1_seq 0x08005da5   Data           5  u8x8_d_ssd1306_128x64_noname.o(.constdata)
    u8x8_d_ssd1306_128x64_noname_flip0_seq   0x08005daa   Data           7  u8x8_d_ssd1306_128x64_noname.o(.constdata)
    u8x8_d_ssd1306_128x64_noname_flip1_seq   0x08005db1   Data           7  u8x8_d_ssd1306_128x64_noname.o(.constdata)
    u8x8_d_ssd1306_128x64_noname_init_seq    0x08005db8   Data          53  u8x8_d_ssd1306_128x64_noname.o(.constdata)
    u8x8_d_ssd1306_128x64_vcomh0_init_seq    0x08005ded   Data          53  u8x8_d_ssd1306_128x64_noname.o(.constdata)
    u8x8_d_ssd1306_128x64_alt0_init_seq      0x08005e22   Data          53  u8x8_d_ssd1306_128x64_noname.o(.constdata)
    u8x8_d_sh1106_128x64_winstar_init_seq    0x08005e57   Data          45  u8x8_d_ssd1306_128x64_noname.o(.constdata)
    u8x8_ssd1306_128x64_noname_display_info  0x08005e84   Data          24  u8x8_d_ssd1306_128x64_noname.o(.constdata)
    u8x8_sh1106_128x64_noname_display_info   0x08005e9c   Data          24  u8x8_d_ssd1306_128x64_noname.o(.constdata)
    .constdata                               0x08005eb4   Section       16  system_stm32f1xx_1.o(.constdata)
    .constdata                               0x08005ec4   Section        8  system_stm32f1xx_1.o(.constdata)
    .constdata                               0x08005ed0   Section      152  atan.o(.constdata)
    atanhi                                   0x08005ed0   Data          32  atan.o(.constdata)
    atanlo                                   0x08005ef0   Data          32  atan.o(.constdata)
    aTodd                                    0x08005f10   Data          40  atan.o(.constdata)
    aTeven                                   0x08005f38   Data          48  atan.o(.constdata)
    .constdata                               0x08005f68   Section        8  qnan.o(.constdata)
    .data                                    0x20000000   Section        8  filter.o(.data)
    .data                                    0x20000008   Section      124  control.o(.data)
    .data                                    0x20000084   Section        4  control.o(.data)
    .data                                    0x20000088   Section        4  control.o(.data)
    .data                                    0x2000008c   Section       16  ultrasonic.o(.data)
    .data                                    0x200000a0   Section       96  main.o(.data)
    .data                                    0x20000100   Section       12  stm32f1xx_hal.o(.data)
    .data                                    0x2000010c   Section        4  system_stm32f1xx_1.o(.data)
    .data                                    0x20000110   Section        4  errno.o(.data)
    _errno                                   0x20000110   Data           4  errno.o(.data)
    .bss                                     0x20000114   Section       16  outputdata.o(.bss)
    .bss                                     0x20000124   Section     1024  u8g2_d_memory.o(.bss)
    buf                                      0x20000124   Data        1024  u8g2_d_memory.o(.bss)
    .bss                                     0x20000524   Section       44  main.o(.bss)
    .bss                                     0x20000550   Section       84  i2c.o(.bss)
    .bss                                     0x200005a4   Section      288  tim.o(.bss)
    .bss                                     0x200006c4   Section       64  usart.o(.bss)
    STACK                                    0x20000708   Section     1024  startup_stm32f103xb.o(STACK)

    Global Symbols

    Symbol Name                              Value     Ov Type        Size  Object(Section)

    BuildAttributes$$THM_ISAv4$P$D$K$B$S$PE$A:L22UL41UL21$X:L11$S22US41US21$IEEE1$IW$USESV6$~STKCKD$USESV7$~SHL$OTIME$ROPI$IEEEX$EBA8$MICROLIB$REQ8$PRES8$EABIv2 0x00000000   Number         0  anon$$obj.o ABSOLUTE
    __ARM_use_no_argv                        0x00000000   Number         0  main.o ABSOLUTE
    _printf_a                                0x00000000   Number         0  stubs.o ABSOLUTE
    _printf_c                                0x00000000   Number         0  stubs.o ABSOLUTE
    _printf_charcount                        0x00000000   Number         0  stubs.o ABSOLUTE
    _printf_d                                0x00000000   Number         0  stubs.o ABSOLUTE
    _printf_e                                0x00000000   Number         0  stubs.o ABSOLUTE
    _printf_f                                0x00000000   Number         0  stubs.o ABSOLUTE
    _printf_flags                            0x00000000   Number         0  stubs.o ABSOLUTE
    _printf_fp_dec                           0x00000000   Number         0  stubs.o ABSOLUTE
    _printf_fp_hex                           0x00000000   Number         0  stubs.o ABSOLUTE
    _printf_g                                0x00000000   Number         0  stubs.o ABSOLUTE
    _printf_i                                0x00000000   Number         0  stubs.o ABSOLUTE
    _printf_int_dec                          0x00000000   Number         0  stubs.o ABSOLUTE
    _printf_l                                0x00000000   Number         0  stubs.o ABSOLUTE
    _printf_lc                               0x00000000   Number         0  stubs.o ABSOLUTE
    _printf_ll                               0x00000000   Number         0  stubs.o ABSOLUTE
    _printf_lld                              0x00000000   Number         0  stubs.o ABSOLUTE
    _printf_lli                              0x00000000   Number         0  stubs.o ABSOLUTE
    _printf_llo                              0x00000000   Number         0  stubs.o ABSOLUTE
    _printf_llu                              0x00000000   Number         0  stubs.o ABSOLUTE
    _printf_llx                              0x00000000   Number         0  stubs.o ABSOLUTE
    _printf_longlong_dec                     0x00000000   Number         0  stubs.o ABSOLUTE
    _printf_longlong_hex                     0x00000000   Number         0  stubs.o ABSOLUTE
    _printf_longlong_oct                     0x00000000   Number         0  stubs.o ABSOLUTE
    _printf_ls                               0x00000000   Number         0  stubs.o ABSOLUTE
    _printf_mbtowc                           0x00000000   Number         0  stubs.o ABSOLUTE
    _printf_n                                0x00000000   Number         0  stubs.o ABSOLUTE
    _printf_o                                0x00000000   Number         0  stubs.o ABSOLUTE
    _printf_p                                0x00000000   Number         0  stubs.o ABSOLUTE
    _printf_percent                          0x00000000   Number         0  stubs.o ABSOLUTE
    _printf_pre_padding                      0x00000000   Number         0  stubs.o ABSOLUTE
    _printf_return_value                     0x00000000   Number         0  stubs.o ABSOLUTE
    _printf_s                                0x00000000   Number         0  stubs.o ABSOLUTE
    _printf_sizespec                         0x00000000   Number         0  stubs.o ABSOLUTE
    _printf_str                              0x00000000   Number         0  stubs.o ABSOLUTE
    _printf_truncate_signed                  0x00000000   Number         0  stubs.o ABSOLUTE
    _printf_truncate_unsigned                0x00000000   Number         0  stubs.o ABSOLUTE
    _printf_u                                0x00000000   Number         0  stubs.o ABSOLUTE
    _printf_wc                               0x00000000   Number         0  stubs.o ABSOLUTE
    _printf_wctomb                           0x00000000   Number         0  stubs.o ABSOLUTE
    _printf_widthprec                        0x00000000   Number         0  stubs.o ABSOLUTE
    _printf_x                                0x00000000   Number         0  stubs.o ABSOLUTE
    __arm_fini_                               - Undefined Weak Reference
    __cpp_initialize__aeabi_                  - Undefined Weak Reference
    __cxa_finalize                            - Undefined Weak Reference
    __decompress                              - Undefined Weak Reference
    _clock_init                               - Undefined Weak Reference
    _microlib_exit                            - Undefined Weak Reference
    __Vectors_Size                           0x000000ec   Number         0  startup_stm32f103xb.o ABSOLUTE
    __Vectors                                0x08000000   Data           4  startup_stm32f103xb.o(RESET)
    __Vectors_End                            0x080000ec   Data           0  startup_stm32f103xb.o(RESET)
    __main                                   0x080000ed   Thumb Code     0  entry.o(.ARM.Collect$$$$00000000)
    _main_stk                                0x080000ed   Thumb Code     0  entry2.o(.ARM.Collect$$$$00000001)
    _main_scatterload                        0x080000f1   Thumb Code     0  entry5.o(.ARM.Collect$$$$00000004)
    __main_after_scatterload                 0x080000f5   Thumb Code     0  entry5.o(.ARM.Collect$$$$00000004)
    _main_clock                              0x080000f5   Thumb Code     0  entry7b.o(.ARM.Collect$$$$00000008)
    _main_cpp_init                           0x080000f5   Thumb Code     0  entry8b.o(.ARM.Collect$$$$0000000A)
    _main_init                               0x080000f5   Thumb Code     0  entry9a.o(.ARM.Collect$$$$0000000B)
    __rt_lib_shutdown_fini                   0x080000fd   Thumb Code     0  entry12b.o(.ARM.Collect$$$$0000000E)
    __rt_final_cpp                           0x08000101   Thumb Code     0  entry10a.o(.ARM.Collect$$$$0000000F)
    __rt_final_exit                          0x08000101   Thumb Code     0  entry11a.o(.ARM.Collect$$$$00000011)
    Reset_Handler                            0x08000105   Thumb Code     8  startup_stm32f103xb.o(.text)
    ADC1_2_IRQHandler                        0x0800011f   Thumb Code     0  startup_stm32f103xb.o(.text)
    CAN1_RX1_IRQHandler                      0x0800011f   Thumb Code     0  startup_stm32f103xb.o(.text)
    CAN1_SCE_IRQHandler                      0x0800011f   Thumb Code     0  startup_stm32f103xb.o(.text)
    DMA1_Channel1_IRQHandler                 0x0800011f   Thumb Code     0  startup_stm32f103xb.o(.text)
    DMA1_Channel2_IRQHandler                 0x0800011f   Thumb Code     0  startup_stm32f103xb.o(.text)
    DMA1_Channel3_IRQHandler                 0x0800011f   Thumb Code     0  startup_stm32f103xb.o(.text)
    DMA1_Channel4_IRQHandler                 0x0800011f   Thumb Code     0  startup_stm32f103xb.o(.text)
    DMA1_Channel5_IRQHandler                 0x0800011f   Thumb Code     0  startup_stm32f103xb.o(.text)
    DMA1_Channel6_IRQHandler                 0x0800011f   Thumb Code     0  startup_stm32f103xb.o(.text)
    DMA1_Channel7_IRQHandler                 0x0800011f   Thumb Code     0  startup_stm32f103xb.o(.text)
    EXTI0_IRQHandler                         0x0800011f   Thumb Code     0  startup_stm32f103xb.o(.text)
    EXTI15_10_IRQHandler                     0x0800011f   Thumb Code     0  startup_stm32f103xb.o(.text)
    EXTI1_IRQHandler                         0x0800011f   Thumb Code     0  startup_stm32f103xb.o(.text)
    EXTI2_IRQHandler                         0x0800011f   Thumb Code     0  startup_stm32f103xb.o(.text)
    EXTI3_IRQHandler                         0x0800011f   Thumb Code     0  startup_stm32f103xb.o(.text)
    EXTI4_IRQHandler                         0x0800011f   Thumb Code     0  startup_stm32f103xb.o(.text)
    EXTI9_5_IRQHandler                       0x0800011f   Thumb Code     0  startup_stm32f103xb.o(.text)
    FLASH_IRQHandler                         0x0800011f   Thumb Code     0  startup_stm32f103xb.o(.text)
    I2C1_ER_IRQHandler                       0x0800011f   Thumb Code     0  startup_stm32f103xb.o(.text)
    I2C1_EV_IRQHandler                       0x0800011f   Thumb Code     0  startup_stm32f103xb.o(.text)
    I2C2_ER_IRQHandler                       0x0800011f   Thumb Code     0  startup_stm32f103xb.o(.text)
    I2C2_EV_IRQHandler                       0x0800011f   Thumb Code     0  startup_stm32f103xb.o(.text)
    PVD_IRQHandler                           0x0800011f   Thumb Code     0  startup_stm32f103xb.o(.text)
    RCC_IRQHandler                           0x0800011f   Thumb Code     0  startup_stm32f103xb.o(.text)
    RTC_Alarm_IRQHandler                     0x0800011f   Thumb Code     0  startup_stm32f103xb.o(.text)
    RTC_IRQHandler                           0x0800011f   Thumb Code     0  startup_stm32f103xb.o(.text)
    SPI1_IRQHandler                          0x0800011f   Thumb Code     0  startup_stm32f103xb.o(.text)
    SPI2_IRQHandler                          0x0800011f   Thumb Code     0  startup_stm32f103xb.o(.text)
    TAMPER_IRQHandler                        0x0800011f   Thumb Code     0  startup_stm32f103xb.o(.text)
    TIM1_BRK_IRQHandler                      0x0800011f   Thumb Code     0  startup_stm32f103xb.o(.text)
    TIM1_TRG_COM_IRQHandler                  0x0800011f   Thumb Code     0  startup_stm32f103xb.o(.text)
    TIM2_IRQHandler                          0x0800011f   Thumb Code     0  startup_stm32f103xb.o(.text)
    TIM3_IRQHandler                          0x0800011f   Thumb Code     0  startup_stm32f103xb.o(.text)
    TIM4_IRQHandler                          0x0800011f   Thumb Code     0  startup_stm32f103xb.o(.text)
    USART2_IRQHandler                        0x0800011f   Thumb Code     0  startup_stm32f103xb.o(.text)
    USART3_IRQHandler                        0x0800011f   Thumb Code     0  startup_stm32f103xb.o(.text)
    USBWakeUp_IRQHandler                     0x0800011f   Thumb Code     0  startup_stm32f103xb.o(.text)
    USB_HP_CAN1_TX_IRQHandler                0x0800011f   Thumb Code     0  startup_stm32f103xb.o(.text)
    USB_LP_CAN1_RX0_IRQHandler               0x0800011f   Thumb Code     0  startup_stm32f103xb.o(.text)
    WWDG_IRQHandler                          0x0800011f   Thumb Code     0  startup_stm32f103xb.o(.text)
    __aeabi_llsr                             0x08000129   Thumb Code    32  llushr.o(.text)
    _ll_ushift_r                             0x08000129   Thumb Code     0  llushr.o(.text)
    __aeabi_memset                           0x08000149   Thumb Code    14  memseta.o(.text)
    __aeabi_memset4                          0x08000149   Thumb Code     0  memseta.o(.text)
    __aeabi_memset8                          0x08000149   Thumb Code     0  memseta.o(.text)
    __aeabi_memclr                           0x08000157   Thumb Code     4  memseta.o(.text)
    __aeabi_memclr4                          0x08000157   Thumb Code     0  memseta.o(.text)
    __aeabi_memclr8                          0x08000157   Thumb Code     0  memseta.o(.text)
    _memset$wrapper                          0x0800015b   Thumb Code    18  memseta.o(.text)
    __aeabi_fadd                             0x0800016d   Thumb Code   164  fadd.o(.text)
    __aeabi_fsub                             0x08000211   Thumb Code     6  fadd.o(.text)
    __aeabi_frsub                            0x08000217   Thumb Code     6  fadd.o(.text)
    __aeabi_fmul                             0x0800021d   Thumb Code   100  fmul.o(.text)
    __aeabi_fdiv                             0x08000281   Thumb Code   124  fdiv.o(.text)
    __aeabi_dadd                             0x080002fd   Thumb Code   322  dadd.o(.text)
    __aeabi_dsub                             0x0800043f   Thumb Code     6  dadd.o(.text)
    __aeabi_drsub                            0x08000445   Thumb Code     6  dadd.o(.text)
    __aeabi_dmul                             0x0800044b   Thumb Code   228  dmul.o(.text)
    __aeabi_ddiv                             0x0800052f   Thumb Code   222  ddiv.o(.text)
    __ARM_scalbn                             0x0800060d   Thumb Code    46  dscalb.o(.text)
    scalbn                                   0x0800060d   Thumb Code     0  dscalb.o(.text)
    __aeabi_i2f                              0x0800063b   Thumb Code    18  fflti.o(.text)
    __aeabi_i2d                              0x0800064d   Thumb Code    34  dflti.o(.text)
    __aeabi_f2iz                             0x0800066f   Thumb Code    50  ffixi.o(.text)
    __aeabi_d2iz                             0x080006a1   Thumb Code    62  dfixi.o(.text)
    __aeabi_f2d                              0x080006df   Thumb Code    38  f2d.o(.text)
    __aeabi_cdrcmple                         0x08000705   Thumb Code    48  cdrcmple.o(.text)
    __aeabi_d2f                              0x08000735   Thumb Code    56  d2f.o(.text)
    __aeabi_uidiv                            0x0800076d   Thumb Code     0  uidiv.o(.text)
    __aeabi_uidivmod                         0x0800076d   Thumb Code    44  uidiv.o(.text)
    __aeabi_uldivmod                         0x08000799   Thumb Code    98  uldiv.o(.text)
    __aeabi_llsl                             0x080007fb   Thumb Code    30  llshl.o(.text)
    _ll_shift_l                              0x080007fb   Thumb Code     0  llshl.o(.text)
    __aeabi_lasr                             0x08000819   Thumb Code    36  llsshr.o(.text)
    _ll_sshift_r                             0x08000819   Thumb Code     0  llsshr.o(.text)
    __I$use$fp                               0x0800083d   Thumb Code     0  iusefp.o(.text)
    _float_round                             0x0800083d   Thumb Code    18  fepilogue.o(.text)
    _float_epilogue                          0x0800084f   Thumb Code    92  fepilogue.o(.text)
    _double_round                            0x080008ab   Thumb Code    30  depilogue.o(.text)
    _double_epilogue                         0x080008c9   Thumb Code   156  depilogue.o(.text)
    __aeabi_d2ulz                            0x08000965   Thumb Code    48  dfixul.o(.text)
    __aeabi_cdcmpeq                          0x08000995   Thumb Code     0  cdcmple.o(.text)
    __aeabi_cdcmple                          0x08000995   Thumb Code    48  cdcmple.o(.text)
    __scatterload                            0x080009c5   Thumb Code    28  init.o(.text)
    __scatterload_rt2                        0x080009c5   Thumb Code     0  init.o(.text)
    AngleCalculate                           0x080009e9   Thumb Code   176  control.o(i.AngleCalculate)
    AngleControl                             0x08000ab1   Thumb Code    38  control.o(i.AngleControl)
    ApproachDegree90Delta                    0x08000ae5   Thumb Code   166  main.o(i.ApproachDegree90Delta)
    AvoidTask                                0x08000b99   Thumb Code    24  main.o(i.AvoidTask)
    BusFault_Handler                         0x08000bb5   Thumb Code     2  stm32f1xx_it.o(i.BusFault_Handler)
    CheckActionFinished                      0x08000bb9   Thumb Code   156  main.o(i.CheckActionFinished)
    ComplementaryFilter                      0x08000c79   Thumb Code    58  filter.o(i.ComplementaryFilter)
    DebugMon_Handler                         0x08000cc1   Thumb Code     2  stm32f1xx_it.o(i.DebugMon_Handler)
    Error_Handler                            0x08000cc3   Thumb Code     4  main.o(i.Error_Handler)
    ExecAction                               0x08000cc9   Thumb Code    40  main.o(i.ExecAction)
    GetMPUData                               0x08000cf5   Thumb Code    28  control.o(i.GetMPUData)
    GetMotorPulse                            0x08000d15   Thumb Code    58  control.o(i.GetMotorPulse)
    HAL_DMA_Abort_IT                         0x08000d5d   Thumb Code   148  stm32f1xx_hal_dma.o(i.HAL_DMA_Abort_IT)
    HAL_Delay                                0x08000df5   Thumb Code    32  stm32f1xx_hal.o(i.HAL_Delay)
    HAL_GPIO_Init                            0x08000e19   Thumb Code   446  stm32f1xx_hal_gpio.o(i.HAL_GPIO_Init)
    HAL_GPIO_ReadPin                         0x08000ff9   Thumb Code    10  stm32f1xx_hal_gpio.o(i.HAL_GPIO_ReadPin)
    HAL_GPIO_WritePin                        0x08001003   Thumb Code    10  stm32f1xx_hal_gpio.o(i.HAL_GPIO_WritePin)
    HAL_GetTick                              0x0800100d   Thumb Code     6  stm32f1xx_hal.o(i.HAL_GetTick)
    HAL_I2C_Init                             0x08001019   Thumb Code   376  stm32f1xx_hal_i2c.o(i.HAL_I2C_Init)
    HAL_I2C_Mem_Read                         0x080011a1   Thumb Code   574  stm32f1xx_hal_i2c.o(i.HAL_I2C_Mem_Read)
    HAL_I2C_Mem_Write                        0x080013f1   Thumb Code   294  stm32f1xx_hal_i2c.o(i.HAL_I2C_Mem_Write)
    HAL_I2C_MspInit                          0x08001521   Thumb Code    96  i2c.o(i.HAL_I2C_MspInit)
    HAL_IncTick                              0x08001591   Thumb Code    12  stm32f1xx_hal.o(i.HAL_IncTick)
    HAL_Init                                 0x080015a1   Thumb Code    32  stm32f1xx_hal.o(i.HAL_Init)
    HAL_InitTick                             0x080015c5   Thumb Code    54  stm32f1xx_hal.o(i.HAL_InitTick)
    HAL_MspInit                              0x08001605   Thumb Code    52  stm32f1xx_hal_msp.o(i.HAL_MspInit)
    HAL_NVIC_EnableIRQ                       0x08001641   Thumb Code    26  stm32f1xx_hal_cortex.o(i.HAL_NVIC_EnableIRQ)
    HAL_NVIC_SetPriority                     0x0800165d   Thumb Code    60  stm32f1xx_hal_cortex.o(i.HAL_NVIC_SetPriority)
    HAL_NVIC_SetPriorityGrouping             0x0800169d   Thumb Code    26  stm32f1xx_hal_cortex.o(i.HAL_NVIC_SetPriorityGrouping)
    HAL_RCC_ClockConfig                      0x080016c1   Thumb Code   280  stm32f1xx_hal_rcc.o(i.HAL_RCC_ClockConfig)
    HAL_RCC_GetPCLK1Freq                     0x080017ed   Thumb Code    20  stm32f1xx_hal_rcc.o(i.HAL_RCC_GetPCLK1Freq)
    HAL_RCC_GetPCLK2Freq                     0x0800180d   Thumb Code    20  stm32f1xx_hal_rcc.o(i.HAL_RCC_GetPCLK2Freq)
    HAL_RCC_GetSysClockFreq                  0x0800182d   Thumb Code    74  stm32f1xx_hal_rcc.o(i.HAL_RCC_GetSysClockFreq)
    HAL_RCC_OscConfig                        0x08001899   Thumb Code   778  stm32f1xx_hal_rcc.o(i.HAL_RCC_OscConfig)
    HAL_SYSTICK_Callback                     0x08001bb9   Thumb Code     2  stm32f1xx_hal_cortex.o(i.HAL_SYSTICK_Callback)
    HAL_SYSTICK_Config                       0x08001bbb   Thumb Code    40  stm32f1xx_hal_cortex.o(i.HAL_SYSTICK_Config)
    HAL_SYSTICK_IRQHandler                   0x08001be3   Thumb Code     8  stm32f1xx_hal_cortex.o(i.HAL_SYSTICK_IRQHandler)
    HAL_TIMEx_BreakCallback                  0x08001beb   Thumb Code     2  stm32f1xx_hal_tim_ex.o(i.HAL_TIMEx_BreakCallback)
    HAL_TIMEx_CommutCallback                 0x08001bed   Thumb Code     2  stm32f1xx_hal_tim_ex.o(i.HAL_TIMEx_CommutCallback)
    HAL_TIMEx_MasterConfigSynchronization    0x08001bf1   Thumb Code    92  stm32f1xx_hal_tim_ex.o(i.HAL_TIMEx_MasterConfigSynchronization)
    HAL_TIM_Encoder_Init                     0x08001c59   Thumb Code   164  stm32f1xx_hal_tim.o(i.HAL_TIM_Encoder_Init)
    HAL_TIM_Encoder_MspInit                  0x08001cfd   Thumb Code   122  tim.o(i.HAL_TIM_Encoder_MspInit)
    HAL_TIM_Encoder_Start                    0x08001d89   Thumb Code   142  stm32f1xx_hal_tim.o(i.HAL_TIM_Encoder_Start)
    HAL_TIM_IC_CaptureCallback               0x08001e19   Thumb Code   128  stm32f1xx_it.o(i.HAL_TIM_IC_CaptureCallback)
    HAL_TIM_IC_ConfigChannel                 0x08001ea5   Thumb Code   270  stm32f1xx_hal_tim.o(i.HAL_TIM_IC_ConfigChannel)
    HAL_TIM_IC_Init                          0x08001fb3   Thumb Code    90  stm32f1xx_hal_tim.o(i.HAL_TIM_IC_Init)
    HAL_TIM_IC_MspInit                       0x0800200d   Thumb Code   106  tim.o(i.HAL_TIM_IC_MspInit)
    HAL_TIM_IC_Start_IT                      0x08002085   Thumb Code   212  stm32f1xx_hal_tim.o(i.HAL_TIM_IC_Start_IT)
    HAL_TIM_IRQHandler                       0x08002165   Thumb Code   358  stm32f1xx_hal_tim.o(i.HAL_TIM_IRQHandler)
    HAL_TIM_MspPostInit                      0x080022cd   Thumb Code    62  tim.o(i.HAL_TIM_MspPostInit)
    HAL_TIM_OC_DelayElapsedCallback          0x08002319   Thumb Code     2  stm32f1xx_hal_tim.o(i.HAL_TIM_OC_DelayElapsedCallback)
    HAL_TIM_PWM_ConfigChannel                0x0800231b   Thumb Code   198  stm32f1xx_hal_tim.o(i.HAL_TIM_PWM_ConfigChannel)
    HAL_TIM_PWM_Init                         0x080023e1   Thumb Code    90  stm32f1xx_hal_tim.o(i.HAL_TIM_PWM_Init)
    HAL_TIM_PWM_MspInit                      0x0800243d   Thumb Code    30  tim.o(i.HAL_TIM_PWM_MspInit)
    HAL_TIM_PWM_PulseFinishedCallback        0x08002465   Thumb Code     2  stm32f1xx_hal_tim.o(i.HAL_TIM_PWM_PulseFinishedCallback)
    HAL_TIM_PWM_Start                        0x08002469   Thumb Code   144  stm32f1xx_hal_tim.o(i.HAL_TIM_PWM_Start)
    HAL_TIM_PeriodElapsedCallback            0x08002505   Thumb Code    44  stm32f1xx_it.o(i.HAL_TIM_PeriodElapsedCallback)
    HAL_TIM_ReadCapturedValue                0x0800253d   Thumb Code    42  stm32f1xx_hal_tim.o(i.HAL_TIM_ReadCapturedValue)
    HAL_TIM_TriggerCallback                  0x08002567   Thumb Code     2  stm32f1xx_hal_tim.o(i.HAL_TIM_TriggerCallback)
    HAL_UART_ErrorCallback                   0x08002569   Thumb Code     2  stm32f1xx_hal_uart.o(i.HAL_UART_ErrorCallback)
    HAL_UART_IRQHandler                      0x0800256d   Thumb Code   344  stm32f1xx_hal_uart.o(i.HAL_UART_IRQHandler)
    HAL_UART_Init                            0x080026c9   Thumb Code    98  stm32f1xx_hal_uart.o(i.HAL_UART_Init)
    HAL_UART_MspInit                         0x0800272d   Thumb Code   116  usart.o(i.HAL_UART_MspInit)
    HAL_UART_RxCpltCallback                  0x080027ad   Thumb Code     2  stm32f1xx_hal_uart.o(i.HAL_UART_RxCpltCallback)
    HAL_UART_TxCpltCallback                  0x080027af   Thumb Code     2  stm32f1xx_hal_uart.o(i.HAL_UART_TxCpltCallback)
    HardFault_Handler                        0x080027b1   Thumb Code     2  stm32f1xx_it.o(i.HardFault_Handler)
    KeepStraight                             0x08002b81   Thumb Code   172  main.o(i.KeepStraight)
    MPU_Get_Accelerometer                    0x08002c41   Thumb Code    48  mpu6050.o(i.MPU_Get_Accelerometer)
    MPU_Get_Gyroscope                        0x08002c71   Thumb Code    48  mpu6050.o(i.MPU_Get_Gyroscope)
    MPU_Init                                 0x08002ca1   Thumb Code   114  mpu6050.o(i.MPU_Init)
    MPU_Read_Byte                            0x08002d19   Thumb Code    46  mpu6050.o(i.MPU_Read_Byte)
    MPU_Read_Len                             0x08002d4d   Thumb Code    28  mpu6050.o(i.MPU_Read_Len)
    MPU_Set_Accel_Fsr                        0x08002d6d   Thumb Code    10  mpu6050.o(i.MPU_Set_Accel_Fsr)
    MPU_Set_Gyro_Fsr                         0x08002d77   Thumb Code    10  mpu6050.o(i.MPU_Set_Gyro_Fsr)
    MPU_Set_LPF                              0x08002d81   Thumb Code    48  mpu6050.o(i.MPU_Set_LPF)
    MPU_Set_Rate                             0x08002db1   Thumb Code    46  mpu6050.o(i.MPU_Set_Rate)
    MPU_Write_Byte                           0x08002de1   Thumb Code    42  mpu6050.o(i.MPU_Write_Byte)
    MX_GPIO_Init                             0x08002e11   Thumb Code   260  gpio.o(i.MX_GPIO_Init)
    MX_I2C1_Init                             0x08002f25   Thumb Code    50  i2c.o(i.MX_I2C1_Init)
    MX_TIM1_Init                             0x08002f65   Thumb Code   102  tim.o(i.MX_TIM1_Init)
    MX_TIM2_Init                             0x08002fd5   Thumb Code   100  tim.o(i.MX_TIM2_Init)
    MX_TIM3_Init                             0x0800303d   Thumb Code   122  tim.o(i.MX_TIM3_Init)
    MX_TIM4_Init                             0x080030c1   Thumb Code    98  tim.o(i.MX_TIM4_Init)
    MX_USART1_UART_Init                      0x0800312d   Thumb Code    48  usart.o(i.MX_USART1_UART_Init)
    MemManage_Handler                        0x08003165   Thumb Code     2  stm32f1xx_it.o(i.MemManage_Handler)
    MotorOutput                              0x08003169   Thumb Code   138  control.o(i.MotorOutput)
    NMI_Handler                              0x08003205   Thumb Code     2  stm32f1xx_it.o(i.NMI_Handler)
    OLED_Init                                0x08003209   Thumb Code   128  oled.o(i.OLED_Init)
    PendSV_Handler                           0x08003295   Thumb Code     2  stm32f1xx_it.o(i.PendSV_Handler)
    ReadDistance                             0x08003299   Thumb Code    66  ultrasonic.o(i.ReadDistance)
    RecordDistance                           0x080032e5   Thumb Code   138  main.o(i.RecordDistance)
    SVC_Handler                              0x08003379   Thumb Code     2  stm32f1xx_it.o(i.SVC_Handler)
    SecTask                                  0x0800337d   Thumb Code   166  main.o(i.SecTask)
    SetLeft                                  0x08003441   Thumb Code    36  main.o(i.SetLeft)
    SetMotorVoltageAndDirection              0x08003475   Thumb Code   128  control.o(i.SetMotorVoltageAndDirection)
    SetRight                                 0x08003501   Thumb Code    36  main.o(i.SetRight)
    SetWantStraight                          0x08003535   Thumb Code    26  main.o(i.SetWantStraight)
    SoftTimerCountDown                       0x0800355d   Thumb Code    26  main.o(i.SoftTimerCountDown)
    SpeedControl                             0x0800357d   Thumb Code   176  control.o(i.SpeedControl)
    SpeedControlOutput                       0x08003649   Thumb Code    46  control.o(i.SpeedControlOutput)
    StateControl                             0x08003681   Thumb Code    48  main.o(i.StateControl)
    SysTick_Handler                          0x080036b9   Thumb Code   114  stm32f1xx_it.o(i.SysTick_Handler)
    SystemClock_Config                       0x08003739   Thumb Code    94  main.o(i.SystemClock_Config)
    SystemInit                               0x08003797   Thumb Code     2  system_stm32f1xx_1.o(i.SystemInit)
    TIM1_CC_IRQHandler                       0x08003799   Thumb Code     6  stm32f1xx_it.o(i.TIM1_CC_IRQHandler)
    TIM1_UP_IRQHandler                       0x080037a5   Thumb Code     6  stm32f1xx_it.o(i.TIM1_UP_IRQHandler)
    TIM_Base_SetConfig                       0x080037b1   Thumb Code    94  stm32f1xx_hal_tim.o(i.TIM_Base_SetConfig)
    TIM_CCxChannelCmd                        0x0800381d   Thumb Code    26  stm32f1xx_hal_tim.o(i.TIM_CCxChannelCmd)
    TIM_OC2_SetConfig                        0x08003889   Thumb Code    84  stm32f1xx_hal_tim.o(i.TIM_OC2_SetConfig)
    TIM_TI1_SetConfig                        0x0800397d   Thumb Code    76  stm32f1xx_hal_tim.o(i.TIM_TI1_SetConfig)
    TraceTask                                0x08003a0d   Thumb Code   168  main.o(i.TraceTask)
    TurnLeft                                 0x08003ab9   Thumb Code    64  main.o(i.TurnLeft)
    TurnRight                                0x08003b09   Thumb Code    64  main.o(i.TurnRight)
    USART1_IRQHandler                        0x08003cc9   Thumb Code     6  stm32f1xx_it.o(i.USART1_IRQHandler)
    UsageFault_Handler                       0x08003cd5   Thumb Code     2  stm32f1xx_it.o(i.UsageFault_Handler)
    __0sprintf                               0x08003cd9   Thumb Code    34  printfa.o(i.__0sprintf)
    __1sprintf                               0x08003cd9   Thumb Code     0  printfa.o(i.__0sprintf)
    __2sprintf                               0x08003cd9   Thumb Code     0  printfa.o(i.__0sprintf)
    __c89sprintf                             0x08003cd9   Thumb Code     0  printfa.o(i.__0sprintf)
    sprintf                                  0x08003cd9   Thumb Code     0  printfa.o(i.__0sprintf)
    __ARM_fpclassify                         0x08003d01   Thumb Code    40  fpclassify.o(i.__ARM_fpclassify)
    __kernel_poly                            0x08003d49   Thumb Code   170  poly.o(i.__kernel_poly)
    __mathlib_dbl_infnan                     0x08003df3   Thumb Code     6  dunder.o(i.__mathlib_dbl_infnan)
    __mathlib_dbl_infnan2                    0x08003df9   Thumb Code     4  dunder.o(i.__mathlib_dbl_infnan2)
    __mathlib_dbl_underflow                  0x08003dfd   Thumb Code    10  dunder.o(i.__mathlib_dbl_underflow)
    __scatterload_copy                       0x08003e0d   Thumb Code    14  handlers.o(i.__scatterload_copy)
    __scatterload_null                       0x08003e1b   Thumb Code     2  handlers.o(i.__scatterload_null)
    __scatterload_zeroinit                   0x08003e1d   Thumb Code    14  handlers.o(i.__scatterload_zeroinit)
    __set_errno                              0x08003e2d   Thumb Code     6  errno.o(i.__set_errno)
    atan                                     0x080046cd   Thumb Code   474  atan.o(i.atan)
    atan2                                    0x080048ed   Thumb Code   374  atan2.o(i.atan2)
    main                                     0x08004a89   Thumb Code   508  main.o(i.main)
    u8g2_ClearBuffer                         0x08004d29   Thumb Code    18  u8g2_buffer.o(i.u8g2_ClearBuffer)
    u8g2_DrawGlyph                           0x08004d3b   Thumb Code   112  u8g2_font.o(i.u8g2_DrawGlyph)
    u8g2_DrawHVLine                          0x08004dad   Thumb Code   172  u8g2_hvline.o(i.u8g2_DrawHVLine)
    u8g2_DrawStr                             0x08004e59   Thumb Code    12  u8g2_font.o(i.u8g2_DrawStr)
    u8g2_IsIntersection                      0x08004e69   Thumb Code    48  u8g2_intersection.o(i.u8g2_IsIntersection)
    u8g2_SendBuffer                          0x08004e99   Thumb Code    18  u8g2_buffer.o(i.u8g2_SendBuffer)
    u8g2_SetFont                             0x08004eab   Thumb Code    32  u8g2_font.o(i.u8g2_SetFont)
    u8g2_SetFontPosBaseline                  0x08004ecd   Thumb Code     6  u8g2_font.o(i.u8g2_SetFontPosBaseline)
    u8g2_SetMaxClipWindow                    0x08004ed9   Thumb Code    28  u8g2_setup.o(i.u8g2_SetMaxClipWindow)
    u8g2_SetupBuffer                         0x08004ef5   Thumb Code    66  u8g2_setup.o(i.u8g2_SetupBuffer)
    u8g2_Setup_ssd1306_128x64_noname_f       0x08004f39   Thumb Code    42  u8g2_d_setup.o(i.u8g2_Setup_ssd1306_128x64_noname_f)
    u8g2_UpdateRefHeight                     0x08004f71   Thumb Code    82  u8g2_font.o(i.u8g2_UpdateRefHeight)
    u8g2_add_vector_x                        0x08004fc3   Thumb Code    28  u8g2_font.o(i.u8g2_add_vector_x)
    u8g2_add_vector_y                        0x08004fdf   Thumb Code    28  u8g2_font.o(i.u8g2_add_vector_y)
    u8g2_draw_hv_line_2dir                   0x080050a5   Thumb Code    18  u8g2_hvline.o(i.u8g2_draw_hv_line_2dir)
    u8g2_draw_l90_r0                         0x080050b7   Thumb Code    12  u8g2_setup.o(i.u8g2_draw_l90_r0)
    u8g2_font_calc_vref_font                 0x08005139   Thumb Code     4  u8g2_font.o(i.u8g2_font_calc_vref_font)
    u8g2_font_decode_get_signed_bits         0x0800513d   Thumb Code    20  u8g2_font.o(i.u8g2_font_decode_get_signed_bits)
    u8g2_font_decode_get_unsigned_bits       0x08005151   Thumb Code    52  u8g2_font.o(i.u8g2_font_decode_get_unsigned_bits)
    u8g2_font_decode_glyph                   0x08005185   Thumb Code   276  u8g2_font.o(i.u8g2_font_decode_glyph)
    u8g2_font_decode_len                     0x08005299   Thumb Code   140  u8g2_font.o(i.u8g2_font_decode_len)
    u8g2_font_get_glyph_data                 0x08005325   Thumb Code   114  u8g2_font.o(i.u8g2_font_get_glyph_data)
    u8g2_is_intersection_decision_tree       0x080053df   Thumb Code    24  u8g2_intersection.o(i.u8g2_is_intersection_decision_tree)
    u8g2_ll_hvline_vertical_top_lsb          0x080053f9   Thumb Code   144  u8g2_ll_hvline.o(i.u8g2_ll_hvline_vertical_top_lsb)
    u8g2_m_16_8_f                            0x08005489   Thumb Code     8  u8g2_d_memory.o(i.u8g2_m_16_8_f)
    u8g2_read_font_info                      0x08005495   Thumb Code   106  u8g2_font.o(i.u8g2_read_font_info)
    u8g2_update_dimension_r0                 0x08005593   Thumb Code     4  u8g2_setup.o(i.u8g2_update_dimension_r0)
    u8g2_update_page_win_r0                  0x08005597   Thumb Code    34  u8g2_setup.o(i.u8g2_update_page_win_r0)
    u8x8_DrawTile                            0x080055b9   Thumb Code    30  u8x8_display.o(i.u8x8_DrawTile)
    u8x8_InitDisplay                         0x080055d7   Thumb Code    16  u8x8_display.o(i.u8x8_InitDisplay)
    u8x8_RefreshDisplay                      0x080055e7   Thumb Code    16  u8x8_display.o(i.u8x8_RefreshDisplay)
    u8x8_SetPowerSave                        0x080055f7   Thumb Code    16  u8x8_display.o(i.u8x8_SetPowerSave)
    u8x8_Setup                               0x08005607   Thumb Code    34  u8x8_setup.o(i.u8x8_Setup)
    u8x8_SetupDefaults                       0x08005629   Thumb Code    32  u8x8_setup.o(i.u8x8_SetupDefaults)
    u8x8_SetupMemory                         0x0800564d   Thumb Code    16  u8x8_display.o(i.u8x8_SetupMemory)
    u8x8_ascii_next                          0x0800565d   Thumb Code    14  u8x8_8x8.o(i.u8x8_ascii_next)
    u8x8_byte_4wire_sw_spi                   0x0800566d   Thumb Code   234  u8x8_byte.o(i.u8x8_byte_4wire_sw_spi)
    u8x8_byte_SendByte                       0x08005757   Thumb Code    14  u8x8_byte.o(i.u8x8_byte_SendByte)
    u8x8_byte_SetDC                          0x08005765   Thumb Code    16  u8x8_byte.o(i.u8x8_byte_SetDC)
    u8x8_cad_001                             0x08005775   Thumb Code    82  u8x8_cad.o(i.u8x8_cad_001)
    u8x8_cad_EndTransfer                     0x080057c7   Thumb Code    16  u8x8_cad.o(i.u8x8_cad_EndTransfer)
    u8x8_cad_SendArg                         0x080057d7   Thumb Code    16  u8x8_cad.o(i.u8x8_cad_SendArg)
    u8x8_cad_SendCmd                         0x080057e7   Thumb Code    16  u8x8_cad.o(i.u8x8_cad_SendCmd)
    u8x8_cad_SendData                        0x080057f7   Thumb Code    16  u8x8_cad.o(i.u8x8_cad_SendData)
    u8x8_cad_SendSequence                    0x08005809   Thumb Code   104  u8x8_cad.o(i.u8x8_cad_SendSequence)
    u8x8_cad_StartTransfer                   0x08005871   Thumb Code    16  u8x8_cad.o(i.u8x8_cad_StartTransfer)
    u8x8_d_helper_display_init               0x08005881   Thumb Code    96  u8x8_display.o(i.u8x8_d_helper_display_init)
    u8x8_d_helper_display_setup_memory       0x080058e1   Thumb Code    10  u8x8_display.o(i.u8x8_d_helper_display_setup_memory)
    u8x8_d_ssd1306_128x64_noname             0x080058ed   Thumb Code    54  u8x8_d_ssd1306_128x64_noname.o(i.u8x8_d_ssd1306_128x64_noname)
    u8x8_dummy_cb                            0x080059f1   Thumb Code     4  u8x8_setup.o(i.u8x8_dummy_cb)
    u8x8_gpio_call                           0x080059f5   Thumb Code    12  u8x8_gpio.o(i.u8x8_gpio_call)
    u8x8_stm32_gpio_and_delay                0x08005a01   Thumb Code   104  oled.o(i.u8x8_stm32_gpio_and_delay)
    u8x8_utf8_init                           0x08005a71   Thumb Code     8  u8x8_8x8.o(i.u8x8_utf8_init)
    u8g2_font_4x6_mr                         0x08005a78   Data         794  u8g2_fonts.o(.constdata)
    u8g2_cb_r0                               0x08005d94   Data          12  u8g2_setup.o(.constdata)
    AHBPrescTable                            0x08005eb4   Data          16  system_stm32f1xx_1.o(.constdata)
    APBPrescTable                            0x08005ec4   Data           8  system_stm32f1xx_1.o(.constdata)
    __mathlib_zero                           0x08005f68   Data           8  qnan.o(.constdata)
    Region$$Table$$Base                      0x08005f70   Number         0  anon$$obj.o(Region$$Table)
    Region$$Table$$Limit                     0x08005f90   Number         0  anon$$obj.o(Region$$Table)
    angle                                    0x20000000   Data           4  filter.o(.data)
    a                                        0x20000004   Data           4  filter.o(.data)
    x_nAcc                                   0x20000008   Data           2  control.o(.data)
    y_nAcc                                   0x2000000a   Data           2  control.o(.data)
    z_nAcc                                   0x2000000c   Data           2  control.o(.data)
    x_nGyro                                  0x2000000e   Data           2  control.o(.data)
    y_nGyro                                  0x20000010   Data           2  control.o(.data)
    z_nGyro                                  0x20000012   Data           2  control.o(.data)
    g_nTargetSpeed                           0x20000014   Data           4  control.o(.data)
    g_fCarAngleOffset                        0x20000018   Data           4  control.o(.data)
    g_nLeftBias                              0x2000001c   Data           4  control.o(.data)
    g_nRightBias                             0x20000020   Data           4  control.o(.data)
    g_lLeftMotorPulseAction                  0x20000024   Data           4  control.o(.data)
    g_lRightMotorPulseAction                 0x20000028   Data           4  control.o(.data)
    dt                                       0x2000002c   Data           4  control.o(.data)
    x_fAcc                                   0x20000030   Data           4  control.o(.data)
    y_fAcc                                   0x20000034   Data           4  control.o(.data)
    z_fAcc                                   0x20000038   Data           4  control.o(.data)
    g_fAccAngle                              0x2000003c   Data           4  control.o(.data)
    g_fGyroAngleSpeed                        0x20000040   Data           4  control.o(.data)
    g_fCarAngle                              0x20000044   Data           4  control.o(.data)
    g_nLeftMotorPulse                        0x20000048   Data           4  control.o(.data)
    g_nRightMotorPulse                       0x2000004c   Data           4  control.o(.data)
    nPwmBais                                 0x20000050   Data           4  control.o(.data)
    g_fLeftMotorOut                          0x20000054   Data           4  control.o(.data)
    g_fRightMotorOut                         0x20000058   Data           4  control.o(.data)
    g_fAngleControlOut                       0x2000005c   Data           4  control.o(.data)
    g_fCarSpeed                              0x20000060   Data           4  control.o(.data)
    g_fCarSpeedPrev                          0x20000064   Data           4  control.o(.data)
    g_fCarPosition                           0x20000068   Data           4  control.o(.data)
    g_lLeftMotorPulseSigma                   0x2000006c   Data           4  control.o(.data)
    g_lRightMotorPulseSigma                  0x20000070   Data           4  control.o(.data)
    g_fSpeedControlOut                       0x20000074   Data           4  control.o(.data)
    g_fSpeedControlOutNew                    0x20000078   Data           4  control.o(.data)
    g_fSpeedControlOutOld                    0x2000007c   Data           4  control.o(.data)
    g_nSpeedControlPeriod                    0x20000080   Data           4  control.o(.data)
    g_nMainEventCount                        0x20000084   Data           4  control.o(.data)
    g_nSpeedControlCount                     0x20000088   Data           4  control.o(.data)
    Distance                                 0x2000008c   Data           4  ultrasonic.o(.data)
    UltraError                               0x20000090   Data           4  ultrasonic.o(.data)
    TIM1CH4_CAPTURE_STA                      0x20000094   Data           4  ultrasonic.o(.data)
    TIM1CH4_CAPTURE_VAL                      0x20000098   Data           4  ultrasonic.o(.data)
    DEBUG_SLEEP                              0x200000a0   Data           4  main.o(.data)
    stage                                    0x200000a4   Data           4  main.o(.data)
    flag                                     0x200000a8   Data           4  main.o(.data)
    La                                       0x200000ac   Data           4  main.o(.data)
    Lb                                       0x200000b0   Data           4  main.o(.data)
    Ra                                       0x200000b4   Data           4  main.o(.data)
    Rb                                       0x200000b8   Data           4  main.o(.data)
    state                                    0x200000bc   Data           4  main.o(.data)
    action                                   0x200000c0   Data           4  main.o(.data)
    g_nLeftBiasAvoidance                     0x200000c4   Data           4  main.o(.data)
    g_nRightBiasAvoidance                    0x200000c8   Data           4  main.o(.data)
    g_nTargetSpeedAvoidance                  0x200000cc   Data           4  main.o(.data)
    g_nTargetPulse                           0x200000d0   Data           4  main.o(.data)
    g_nStartPulse                            0x200000d4   Data           4  main.o(.data)
    g_nLeftBiasTrail                         0x200000d8   Data           4  main.o(.data)
    g_nRightBiasTrail                        0x200000dc   Data           4  main.o(.data)
    g_nTargetSpeedTrail                      0x200000e0   Data           4  main.o(.data)
    g_nLastActivedLaser                      0x200000e4   Data           4  main.o(.data)
    g_nLastActivedLaserCount                 0x200000e8   Data           4  main.o(.data)
    g_nWantStraight                          0x200000ec   Data           4  main.o(.data)
    g_nStraightMotorPulseActionDelta         0x200000f0   Data           4  main.o(.data)
    g_nTurnSpeedPercent                      0x200000f8   Data           8  main.o(.data)
    uwTickFreq                               0x20000100   Data           1  stm32f1xx_hal.o(.data)
    uwTickPrio                               0x20000104   Data           4  stm32f1xx_hal.o(.data)
    uwTick                                   0x20000108   Data           4  stm32f1xx_hal.o(.data)
    SystemCoreClock                          0x2000010c   Data           4  system_stm32f1xx_1.o(.data)
    OutData                                  0x20000114   Data          16  outputdata.o(.bss)
    SoftTimer                                0x20000524   Data          10  main.o(.bss)
    lastDist                                 0x20000530   Data          16  main.o(.bss)
    DebugDist                                0x20000540   Data          16  main.o(.bss)
    hi2c1                                    0x20000550   Data          84  i2c.o(.bss)
    htim1                                    0x200005a4   Data          72  tim.o(.bss)
    htim2                                    0x200005ec   Data          72  tim.o(.bss)
    htim3                                    0x20000634   Data          72  tim.o(.bss)
    htim4                                    0x2000067c   Data          72  tim.o(.bss)
    huart1                                   0x200006c4   Data          64  usart.o(.bss)
    __initial_sp                             0x20000b08   Data           0  startup_stm32f103xb.o(STACK)



==============================================================================

Memory Map of the image

  Image Entry point : 0x080000ed

  Load Region LR_IROM1 (Base: 0x08000000, Size: 0x000060a4, Max: 0x00010000, ABSOLUTE)

    Execution Region ER_IROM1 (Exec base: 0x08000000, Load base: 0x08000000, Size: 0x00005f90, Max: 0x00010000, ABSOLUTE)

    Exec Addr    Load Addr    Size         Type   Attr      Idx    E Section Name        Object

    0x08000000   0x08000000   0x000000ec   Data   RO            3    RESET               startup_stm32f103xb.o
    0x080000ec   0x080000ec   0x00000000   Code   RO         7430  * .ARM.Collect$$$$00000000  mc_w.l(entry.o)
    0x080000ec   0x080000ec   0x00000004   Code   RO         7751    .ARM.Collect$$$$00000001  mc_w.l(entry2.o)
    0x080000f0   0x080000f0   0x00000004   Code   RO         7754    .ARM.Collect$$$$00000004  mc_w.l(entry5.o)
    0x080000f4   0x080000f4   0x00000000   Code   RO         7756    .ARM.Collect$$$$00000008  mc_w.l(entry7b.o)
    0x080000f4   0x080000f4   0x00000000   Code   RO         7758    .ARM.Collect$$$$0000000A  mc_w.l(entry8b.o)
    0x080000f4   0x080000f4   0x00000008   Code   RO         7759    .ARM.Collect$$$$0000000B  mc_w.l(entry9a.o)
    0x080000fc   0x080000fc   0x00000004   Code   RO         7766    .ARM.Collect$$$$0000000E  mc_w.l(entry12b.o)
    0x08000100   0x08000100   0x00000000   Code   RO         7761    .ARM.Collect$$$$0000000F  mc_w.l(entry10a.o)
    0x08000100   0x08000100   0x00000000   Code   RO         7763    .ARM.Collect$$$$00000011  mc_w.l(entry11a.o)
    0x08000100   0x08000100   0x00000004   Code   RO         7752    .ARM.Collect$$$$00002712  mc_w.l(entry2.o)
    0x08000104   0x08000104   0x00000024   Code   RO            4    .text               startup_stm32f103xb.o
    0x08000128   0x08000128   0x00000020   Code   RO         7433    .text               mc_w.l(llushr.o)
    0x08000148   0x08000148   0x00000024   Code   RO         7435    .text               mc_w.l(memseta.o)
    0x0800016c   0x0800016c   0x000000b0   Code   RO         7698    .text               mf_w.l(fadd.o)
    0x0800021c   0x0800021c   0x00000064   Code   RO         7700    .text               mf_w.l(fmul.o)
    0x08000280   0x08000280   0x0000007c   Code   RO         7702    .text               mf_w.l(fdiv.o)
    0x080002fc   0x080002fc   0x0000014e   Code   RO         7704    .text               mf_w.l(dadd.o)
    0x0800044a   0x0800044a   0x000000e4   Code   RO         7706    .text               mf_w.l(dmul.o)
    0x0800052e   0x0800052e   0x000000de   Code   RO         7708    .text               mf_w.l(ddiv.o)
    0x0800060c   0x0800060c   0x0000002e   Code   RO         7710    .text               mf_w.l(dscalb.o)
    0x0800063a   0x0800063a   0x00000012   Code   RO         7712    .text               mf_w.l(fflti.o)
    0x0800064c   0x0800064c   0x00000022   Code   RO         7714    .text               mf_w.l(dflti.o)
    0x0800066e   0x0800066e   0x00000032   Code   RO         7716    .text               mf_w.l(ffixi.o)
    0x080006a0   0x080006a0   0x0000003e   Code   RO         7718    .text               mf_w.l(dfixi.o)
    0x080006de   0x080006de   0x00000026   Code   RO         7720    .text               mf_w.l(f2d.o)
    0x08000704   0x08000704   0x00000030   Code   RO         7722    .text               mf_w.l(cdrcmple.o)
    0x08000734   0x08000734   0x00000038   Code   RO         7724    .text               mf_w.l(d2f.o)
    0x0800076c   0x0800076c   0x0000002c   Code   RO         7768    .text               mc_w.l(uidiv.o)
    0x08000798   0x08000798   0x00000062   Code   RO         7770    .text               mc_w.l(uldiv.o)
    0x080007fa   0x080007fa   0x0000001e   Code   RO         7772    .text               mc_w.l(llshl.o)
    0x08000818   0x08000818   0x00000024   Code   RO         7774    .text               mc_w.l(llsshr.o)
    0x0800083c   0x0800083c   0x00000000   Code   RO         7783    .text               mc_w.l(iusefp.o)
    0x0800083c   0x0800083c   0x0000006e   Code   RO         7784    .text               mf_w.l(fepilogue.o)
    0x080008aa   0x080008aa   0x000000ba   Code   RO         7786    .text               mf_w.l(depilogue.o)
    0x08000964   0x08000964   0x00000030   Code   RO         7788    .text               mf_w.l(dfixul.o)
    0x08000994   0x08000994   0x00000030   Code   RO         7790    .text               mf_w.l(cdcmple.o)
    0x080009c4   0x080009c4   0x00000024   Code   RO         7796    .text               mc_w.l(init.o)
    0x080009e8   0x080009e8   0x000000c8   Code   RO          256    i.AngleCalculate    control.o
    0x08000ab0   0x08000ab0   0x00000034   Code   RO          257    i.AngleControl      control.o
    0x08000ae4   0x08000ae4   0x000000b4   Code   RO         4167    i.ApproachDegree90Delta  main.o
    0x08000b98   0x08000b98   0x0000001c   Code   RO         4168    i.AvoidTask         main.o
    0x08000bb4   0x08000bb4   0x00000002   Code   RO         4525    i.BusFault_Handler  stm32f1xx_it.o
    0x08000bb6   0x08000bb6   0x00000002   PAD
    0x08000bb8   0x08000bb8   0x000000c0   Code   RO         4169    i.CheckActionFinished  main.o
    0x08000c78   0x08000c78   0x00000048   Code   RO          235    i.ComplementaryFilter  filter.o
    0x08000cc0   0x08000cc0   0x00000002   Code   RO         4526    i.DebugMon_Handler  stm32f1xx_it.o
    0x08000cc2   0x08000cc2   0x00000004   Code   RO         4170    i.Error_Handler     main.o
    0x08000cc6   0x08000cc6   0x00000002   PAD
    0x08000cc8   0x08000cc8   0x0000002c   Code   RO         4171    i.ExecAction        main.o
    0x08000cf4   0x08000cf4   0x00000020   Code   RO          258    i.GetMPUData        control.o
    0x08000d14   0x08000d14   0x00000048   Code   RO          259    i.GetMotorPulse     control.o
    0x08000d5c   0x08000d5c   0x00000098   Code   RO         5498    i.HAL_DMA_Abort_IT  stm32f1xx_hal_dma.o
    0x08000df4   0x08000df4   0x00000024   Code   RO         5125    i.HAL_Delay         stm32f1xx_hal.o
    0x08000e18   0x08000e18   0x000001e0   Code   RO         5433    i.HAL_GPIO_Init     stm32f1xx_hal_gpio.o
    0x08000ff8   0x08000ff8   0x0000000a   Code   RO         5435    i.HAL_GPIO_ReadPin  stm32f1xx_hal_gpio.o
    0x08001002   0x08001002   0x0000000a   Code   RO         5437    i.HAL_GPIO_WritePin  stm32f1xx_hal_gpio.o
    0x0800100c   0x0800100c   0x0000000c   Code   RO         5129    i.HAL_GetTick       stm32f1xx_hal.o
    0x08001018   0x08001018   0x00000188   Code   RO         4702    i.HAL_I2C_Init      stm32f1xx_hal_i2c.o
    0x080011a0   0x080011a0   0x00000250   Code   RO         4720    i.HAL_I2C_Mem_Read  stm32f1xx_hal_i2c.o
    0x080013f0   0x080013f0   0x00000130   Code   RO         4723    i.HAL_I2C_Mem_Write  stm32f1xx_hal_i2c.o
    0x08001520   0x08001520   0x00000070   Code   RO         4342    i.HAL_I2C_MspInit   i2c.o
    0x08001590   0x08001590   0x00000010   Code   RO         5135    i.HAL_IncTick       stm32f1xx_hal.o
    0x080015a0   0x080015a0   0x00000024   Code   RO         5136    i.HAL_Init          stm32f1xx_hal.o
    0x080015c4   0x080015c4   0x00000040   Code   RO         5137    i.HAL_InitTick      stm32f1xx_hal.o
    0x08001604   0x08001604   0x0000003c   Code   RO         4631    i.HAL_MspInit       stm32f1xx_hal_msp.o
    0x08001640   0x08001640   0x0000001a   Code   RO         5593    i.HAL_NVIC_EnableIRQ  stm32f1xx_hal_cortex.o
    0x0800165a   0x0800165a   0x00000002   PAD
    0x0800165c   0x0800165c   0x00000040   Code   RO         5599    i.HAL_NVIC_SetPriority  stm32f1xx_hal_cortex.o
    0x0800169c   0x0800169c   0x00000024   Code   RO         5600    i.HAL_NVIC_SetPriorityGrouping  stm32f1xx_hal_cortex.o
    0x080016c0   0x080016c0   0x0000012c   Code   RO         5293    i.HAL_RCC_ClockConfig  stm32f1xx_hal_rcc.o
    0x080017ec   0x080017ec   0x00000020   Code   RO         5300    i.HAL_RCC_GetPCLK1Freq  stm32f1xx_hal_rcc.o
    0x0800180c   0x0800180c   0x00000020   Code   RO         5301    i.HAL_RCC_GetPCLK2Freq  stm32f1xx_hal_rcc.o
    0x0800182c   0x0800182c   0x0000006c   Code   RO         5302    i.HAL_RCC_GetSysClockFreq  stm32f1xx_hal_rcc.o
    0x08001898   0x08001898   0x00000320   Code   RO         5305    i.HAL_RCC_OscConfig  stm32f1xx_hal_rcc.o
    0x08001bb8   0x08001bb8   0x00000002   Code   RO         5603    i.HAL_SYSTICK_Callback  stm32f1xx_hal_cortex.o
    0x08001bba   0x08001bba   0x00000028   Code   RO         5604    i.HAL_SYSTICK_Config  stm32f1xx_hal_cortex.o
    0x08001be2   0x08001be2   0x00000008   Code   RO         5605    i.HAL_SYSTICK_IRQHandler  stm32f1xx_hal_cortex.o
    0x08001bea   0x08001bea   0x00000002   Code   RO         6799    i.HAL_TIMEx_BreakCallback  stm32f1xx_hal_tim_ex.o
    0x08001bec   0x08001bec   0x00000002   Code   RO         6800    i.HAL_TIMEx_CommutCallback  stm32f1xx_hal_tim_ex.o
    0x08001bee   0x08001bee   0x00000002   PAD
    0x08001bf0   0x08001bf0   0x00000068   Code   RO         6818    i.HAL_TIMEx_MasterConfigSynchronization  stm32f1xx_hal_tim_ex.o
    0x08001c58   0x08001c58   0x000000a4   Code   RO         6116    i.HAL_TIM_Encoder_Init  stm32f1xx_hal_tim.o
    0x08001cfc   0x08001cfc   0x0000008c   Code   RO         4384    i.HAL_TIM_Encoder_MspInit  tim.o
    0x08001d88   0x08001d88   0x0000008e   Code   RO         6119    i.HAL_TIM_Encoder_Start  stm32f1xx_hal_tim.o
    0x08001e16   0x08001e16   0x00000002   PAD
    0x08001e18   0x08001e18   0x0000008c   Code   RO         4527    i.HAL_TIM_IC_CaptureCallback  stm32f1xx_it.o
    0x08001ea4   0x08001ea4   0x0000010e   Code   RO         6131    i.HAL_TIM_IC_ConfigChannel  stm32f1xx_hal_tim.o
    0x08001fb2   0x08001fb2   0x0000005a   Code   RO         6134    i.HAL_TIM_IC_Init   stm32f1xx_hal_tim.o
    0x0800200c   0x0800200c   0x00000078   Code   RO         4386    i.HAL_TIM_IC_MspInit  tim.o
    0x08002084   0x08002084   0x000000e0   Code   RO         6139    i.HAL_TIM_IC_Start_IT  stm32f1xx_hal_tim.o
    0x08002164   0x08002164   0x00000166   Code   RO         6143    i.HAL_TIM_IRQHandler  stm32f1xx_hal_tim.o
    0x080022ca   0x080022ca   0x00000002   PAD
    0x080022cc   0x080022cc   0x0000004c   Code   RO         4387    i.HAL_TIM_MspPostInit  tim.o
    0x08002318   0x08002318   0x00000002   Code   RO         6146    i.HAL_TIM_OC_DelayElapsedCallback  stm32f1xx_hal_tim.o
    0x0800231a   0x0800231a   0x000000c6   Code   RO         6167    i.HAL_TIM_PWM_ConfigChannel  stm32f1xx_hal_tim.o
    0x080023e0   0x080023e0   0x0000005a   Code   RO         6170    i.HAL_TIM_PWM_Init  stm32f1xx_hal_tim.o
    0x0800243a   0x0800243a   0x00000002   PAD
    0x0800243c   0x0800243c   0x00000028   Code   RO         4389    i.HAL_TIM_PWM_MspInit  tim.o
    0x08002464   0x08002464   0x00000002   Code   RO         6173    i.HAL_TIM_PWM_PulseFinishedCallback  stm32f1xx_hal_tim.o
    0x08002466   0x08002466   0x00000002   PAD
    0x08002468   0x08002468   0x0000009c   Code   RO         6175    i.HAL_TIM_PWM_Start  stm32f1xx_hal_tim.o
    0x08002504   0x08002504   0x00000038   Code   RO         4528    i.HAL_TIM_PeriodElapsedCallback  stm32f1xx_it.o
    0x0800253c   0x0800253c   0x0000002a   Code   RO         6183    i.HAL_TIM_ReadCapturedValue  stm32f1xx_hal_tim.o
    0x08002566   0x08002566   0x00000002   Code   RO         6186    i.HAL_TIM_TriggerCallback  stm32f1xx_hal_tim.o
    0x08002568   0x08002568   0x00000002   Code   RO         7087    i.HAL_UART_ErrorCallback  stm32f1xx_hal_uart.o
    0x0800256a   0x0800256a   0x00000002   PAD
    0x0800256c   0x0800256c   0x0000015c   Code   RO         7090    i.HAL_UART_IRQHandler  stm32f1xx_hal_uart.o
    0x080026c8   0x080026c8   0x00000062   Code   RO         7091    i.HAL_UART_Init     stm32f1xx_hal_uart.o
    0x0800272a   0x0800272a   0x00000002   PAD
    0x0800272c   0x0800272c   0x00000080   Code   RO         4474    i.HAL_UART_MspInit  usart.o
    0x080027ac   0x080027ac   0x00000002   Code   RO         7097    i.HAL_UART_RxCpltCallback  stm32f1xx_hal_uart.o
    0x080027ae   0x080027ae   0x00000002   Code   RO         7102    i.HAL_UART_TxCpltCallback  stm32f1xx_hal_uart.o
    0x080027b0   0x080027b0   0x00000002   Code   RO         4529    i.HardFault_Handler  stm32f1xx_it.o
    0x080027b2   0x080027b2   0x0000002e   Code   RO         4744    i.I2C_IsAcknowledgeFailed  stm32f1xx_hal_i2c.o
    0x080027e0   0x080027e0   0x000000fc   Code   RO         4754    i.I2C_RequestMemoryRead  stm32f1xx_hal_i2c.o
    0x080028dc   0x080028dc   0x000000a8   Code   RO         4755    i.I2C_RequestMemoryWrite  stm32f1xx_hal_i2c.o
    0x08002984   0x08002984   0x0000004c   Code   RO         4758    i.I2C_WaitOnBTFFlagUntilTimeout  stm32f1xx_hal_i2c.o
    0x080029d0   0x080029d0   0x00000068   Code   RO         4759    i.I2C_WaitOnFlagUntilTimeout  stm32f1xx_hal_i2c.o
    0x08002a38   0x08002a38   0x00000096   Code   RO         4760    i.I2C_WaitOnMasterAddressFlagUntilTimeout  stm32f1xx_hal_i2c.o
    0x08002ace   0x08002ace   0x00000066   Code   RO         4761    i.I2C_WaitOnRXNEFlagUntilTimeout  stm32f1xx_hal_i2c.o
    0x08002b34   0x08002b34   0x0000004c   Code   RO         4762    i.I2C_WaitOnTXEFlagUntilTimeout  stm32f1xx_hal_i2c.o
    0x08002b80   0x08002b80   0x000000c0   Code   RO         4172    i.KeepStraight      main.o
    0x08002c40   0x08002c40   0x00000030   Code   RO          148    i.MPU_Get_Accelerometer  mpu6050.o
    0x08002c70   0x08002c70   0x00000030   Code   RO          149    i.MPU_Get_Gyroscope  mpu6050.o
    0x08002ca0   0x08002ca0   0x00000078   Code   RO          151    i.MPU_Init          mpu6050.o
    0x08002d18   0x08002d18   0x00000034   Code   RO          152    i.MPU_Read_Byte     mpu6050.o
    0x08002d4c   0x08002d4c   0x00000020   Code   RO          153    i.MPU_Read_Len      mpu6050.o
    0x08002d6c   0x08002d6c   0x0000000a   Code   RO          154    i.MPU_Set_Accel_Fsr  mpu6050.o
    0x08002d76   0x08002d76   0x0000000a   Code   RO          155    i.MPU_Set_Gyro_Fsr  mpu6050.o
    0x08002d80   0x08002d80   0x00000030   Code   RO          156    i.MPU_Set_LPF       mpu6050.o
    0x08002db0   0x08002db0   0x0000002e   Code   RO          157    i.MPU_Set_Rate      mpu6050.o
    0x08002dde   0x08002dde   0x00000002   PAD
    0x08002de0   0x08002de0   0x00000030   Code   RO          158    i.MPU_Write_Byte    mpu6050.o
    0x08002e10   0x08002e10   0x00000114   Code   RO         4317    i.MX_GPIO_Init      gpio.o
    0x08002f24   0x08002f24   0x00000040   Code   RO         4343    i.MX_I2C1_Init      i2c.o
    0x08002f64   0x08002f64   0x00000070   Code   RO         4390    i.MX_TIM1_Init      tim.o
    0x08002fd4   0x08002fd4   0x00000068   Code   RO         4391    i.MX_TIM2_Init      tim.o
    0x0800303c   0x0800303c   0x00000084   Code   RO         4392    i.MX_TIM3_Init      tim.o
    0x080030c0   0x080030c0   0x0000006c   Code   RO         4393    i.MX_TIM4_Init      tim.o
    0x0800312c   0x0800312c   0x00000038   Code   RO         4475    i.MX_USART1_UART_Init  usart.o
    0x08003164   0x08003164   0x00000002   Code   RO         4530    i.MemManage_Handler  stm32f1xx_it.o
    0x08003166   0x08003166   0x00000002   PAD
    0x08003168   0x08003168   0x0000009c   Code   RO          260    i.MotorOutput       control.o
    0x08003204   0x08003204   0x00000002   Code   RO         4531    i.NMI_Handler       stm32f1xx_it.o
    0x08003206   0x08003206   0x00000002   PAD
    0x08003208   0x08003208   0x0000008c   Code   RO         3231    i.OLED_Init         oled.o
    0x08003294   0x08003294   0x00000002   Code   RO         4532    i.PendSV_Handler    stm32f1xx_it.o
    0x08003296   0x08003296   0x00000002   PAD
    0x08003298   0x08003298   0x0000004c   Code   RO         4126    i.ReadDistance      ultrasonic.o
    0x080032e4   0x080032e4   0x00000094   Code   RO         4173    i.RecordDistance    main.o
    0x08003378   0x08003378   0x00000002   Code   RO         4533    i.SVC_Handler       stm32f1xx_it.o
    0x0800337a   0x0800337a   0x00000002   PAD
    0x0800337c   0x0800337c   0x000000c4   Code   RO         4174    i.SecTask           main.o
    0x08003440   0x08003440   0x00000034   Code   RO         4175    i.SetLeft           main.o
    0x08003474   0x08003474   0x0000008c   Code   RO          261    i.SetMotorVoltageAndDirection  control.o
    0x08003500   0x08003500   0x00000034   Code   RO         4176    i.SetRight          main.o
    0x08003534   0x08003534   0x00000028   Code   RO         4177    i.SetWantStraight   main.o
    0x0800355c   0x0800355c   0x00000020   Code   RO         4178    i.SoftTimerCountDown  main.o
    0x0800357c   0x0800357c   0x000000cc   Code   RO          262    i.SpeedControl      control.o
    0x08003648   0x08003648   0x00000038   Code   RO          263    i.SpeedControlOutput  control.o
    0x08003680   0x08003680   0x00000038   Code   RO         4179    i.StateControl      main.o
    0x080036b8   0x080036b8   0x00000080   Code   RO         4534    i.SysTick_Handler   stm32f1xx_it.o
    0x08003738   0x08003738   0x0000005e   Code   RO         4180    i.SystemClock_Config  main.o
    0x08003796   0x08003796   0x00000002   Code   RO         7388    i.SystemInit        system_stm32f1xx_1.o
    0x08003798   0x08003798   0x0000000c   Code   RO         4535    i.TIM1_CC_IRQHandler  stm32f1xx_it.o
    0x080037a4   0x080037a4   0x0000000c   Code   RO         4536    i.TIM1_UP_IRQHandler  stm32f1xx_it.o
    0x080037b0   0x080037b0   0x0000006c   Code   RO         6188    i.TIM_Base_SetConfig  stm32f1xx_hal_tim.o
    0x0800381c   0x0800381c   0x0000001a   Code   RO         6189    i.TIM_CCxChannelCmd  stm32f1xx_hal_tim.o
    0x08003836   0x08003836   0x00000002   PAD
    0x08003838   0x08003838   0x00000050   Code   RO         6201    i.TIM_OC1_SetConfig  stm32f1xx_hal_tim.o
    0x08003888   0x08003888   0x00000058   Code   RO         6202    i.TIM_OC2_SetConfig  stm32f1xx_hal_tim.o
    0x080038e0   0x080038e0   0x00000058   Code   RO         6203    i.TIM_OC3_SetConfig  stm32f1xx_hal_tim.o
    0x08003938   0x08003938   0x00000044   Code   RO         6204    i.TIM_OC4_SetConfig  stm32f1xx_hal_tim.o
    0x0800397c   0x0800397c   0x00000058   Code   RO         6207    i.TIM_TI1_SetConfig  stm32f1xx_hal_tim.o
    0x080039d4   0x080039d4   0x00000036   Code   RO         6209    i.TIM_TI2_SetConfig  stm32f1xx_hal_tim.o
    0x08003a0a   0x08003a0a   0x00000002   PAD
    0x08003a0c   0x08003a0c   0x000000ac   Code   RO         4181    i.TraceTask         main.o
    0x08003ab8   0x08003ab8   0x00000050   Code   RO         4182    i.TurnLeft          main.o
    0x08003b08   0x08003b08   0x00000050   Code   RO         4183    i.TurnRight         main.o
    0x08003b58   0x08003b58   0x00000010   Code   RO         7104    i.UART_DMAAbortOnError  stm32f1xx_hal_uart.o
    0x08003b68   0x08003b68   0x0000001c   Code   RO         7114    i.UART_EndRxTransfer  stm32f1xx_hal_uart.o
    0x08003b84   0x08003b84   0x0000008c   Code   RO         7116    i.UART_Receive_IT   stm32f1xx_hal_uart.o
    0x08003c10   0x08003c10   0x000000b8   Code   RO         7117    i.UART_SetConfig    stm32f1xx_hal_uart.o
    0x08003cc8   0x08003cc8   0x0000000c   Code   RO         4537    i.USART1_IRQHandler  stm32f1xx_it.o
    0x08003cd4   0x08003cd4   0x00000002   Code   RO         4538    i.UsageFault_Handler  stm32f1xx_it.o
    0x08003cd6   0x08003cd6   0x00000002   PAD
    0x08003cd8   0x08003cd8   0x00000028   Code   RO         7672    i.__0sprintf        mc_w.l(printfa.o)
    0x08003d00   0x08003d00   0x00000028   Code   RO         7792    i.__ARM_fpclassify  m_ws.l(fpclassify.o)
    0x08003d28   0x08003d28   0x00000020   Code   RO         5606    i.__NVIC_SetPriority  stm32f1xx_hal_cortex.o
    0x08003d48   0x08003d48   0x000000aa   Code   RO         7794    i.__kernel_poly     m_ws.l(poly.o)
    0x08003df2   0x08003df2   0x00000006   Code   RO         7737    i.__mathlib_dbl_infnan  m_ws.l(dunder.o)
    0x08003df8   0x08003df8   0x00000004   Code   RO         7738    i.__mathlib_dbl_infnan2  m_ws.l(dunder.o)
    0x08003dfc   0x08003dfc   0x00000010   Code   RO         7742    i.__mathlib_dbl_underflow  m_ws.l(dunder.o)
    0x08003e0c   0x08003e0c   0x0000000e   Code   RO         7800    i.__scatterload_copy  mc_w.l(handlers.o)
    0x08003e1a   0x08003e1a   0x00000002   Code   RO         7801    i.__scatterload_null  mc_w.l(handlers.o)
    0x08003e1c   0x08003e1c   0x0000000e   Code   RO         7802    i.__scatterload_zeroinit  mc_w.l(handlers.o)
    0x08003e2a   0x08003e2a   0x00000002   PAD
    0x08003e2c   0x08003e2c   0x0000000c   Code   RO         7778    i.__set_errno       mc_w.l(errno.o)
    0x08003e38   0x08003e38   0x00000184   Code   RO         7677    i._fp_digits        mc_w.l(printfa.o)
    0x08003fbc   0x08003fbc   0x000006b4   Code   RO         7678    i._printf_core      mc_w.l(printfa.o)
    0x08004670   0x08004670   0x00000024   Code   RO         7679    i._printf_post_padding  mc_w.l(printfa.o)
    0x08004694   0x08004694   0x0000002e   Code   RO         7680    i._printf_pre_padding  mc_w.l(printfa.o)
    0x080046c2   0x080046c2   0x0000000a   Code   RO         7682    i._sputc            mc_w.l(printfa.o)
    0x080046cc   0x080046cc   0x00000220   Code   RO         7727    i.atan              m_ws.l(atan.o)
    0x080048ec   0x080048ec   0x0000019c   Code   RO         7423    i.atan2             m_ws.l(atan2.o)
    0x08004a88   0x08004a88   0x000002a0   Code   RO         4185    i.main              main.o
    0x08004d28   0x08004d28   0x00000012   Code   RO          478    i.u8g2_ClearBuffer  u8g2_buffer.o
    0x08004d3a   0x08004d3a   0x00000070   Code   RO          666    i.u8g2_DrawGlyph    u8g2_font.o
    0x08004daa   0x08004daa   0x00000002   PAD
    0x08004dac   0x08004dac   0x000000ac   Code   RO         2646    i.u8g2_DrawHVLine   u8g2_hvline.o
    0x08004e58   0x08004e58   0x00000010   Code   RO          667    i.u8g2_DrawStr      u8g2_font.o
    0x08004e68   0x08004e68   0x00000030   Code   RO         2707    i.u8g2_IsIntersection  u8g2_intersection.o
    0x08004e98   0x08004e98   0x00000012   Code   RO          481    i.u8g2_SendBuffer   u8g2_buffer.o
    0x08004eaa   0x08004eaa   0x00000020   Code   RO          683    i.u8g2_SetFont      u8g2_font.o
    0x08004eca   0x08004eca   0x00000002   PAD
    0x08004ecc   0x08004ecc   0x0000000c   Code   RO          686    i.u8g2_SetFontPosBaseline  u8g2_font.o
    0x08004ed8   0x08004ed8   0x0000001c   Code   RO         2895    i.u8g2_SetMaxClipWindow  u8g2_setup.o
    0x08004ef4   0x08004ef4   0x00000042   Code   RO         2896    i.u8g2_SetupBuffer  u8g2_setup.o
    0x08004f36   0x08004f36   0x00000002   PAD
    0x08004f38   0x08004f38   0x00000038   Code   RO          652    i.u8g2_Setup_ssd1306_128x64_noname_f  u8g2_d_setup.o
    0x08004f70   0x08004f70   0x00000052   Code   RO          693    i.u8g2_UpdateRefHeight  u8g2_font.o
    0x08004fc2   0x08004fc2   0x0000001c   Code   RO          694    i.u8g2_add_vector_x  u8g2_font.o
    0x08004fde   0x08004fde   0x0000001c   Code   RO          695    i.u8g2_add_vector_y  u8g2_font.o
    0x08004ffa   0x08004ffa   0x0000006e   Code   RO         2898    i.u8g2_apply_clip_window  u8g2_setup.o
    0x08005068   0x08005068   0x0000003c   Code   RO         2650    i.u8g2_clip_intersection2  u8g2_hvline.o
    0x080050a4   0x080050a4   0x00000012   Code   RO         2651    i.u8g2_draw_hv_line_2dir  u8g2_hvline.o
    0x080050b6   0x080050b6   0x0000000c   Code   RO         2900    i.u8g2_draw_l90_r0  u8g2_setup.o
    0x080050c2   0x080050c2   0x00000076   Code   RO          697    i.u8g2_draw_string  u8g2_font.o
    0x08005138   0x08005138   0x00000004   Code   RO          700    i.u8g2_font_calc_vref_font  u8g2_font.o
    0x0800513c   0x0800513c   0x00000014   Code   RO          702    i.u8g2_font_decode_get_signed_bits  u8g2_font.o
    0x08005150   0x08005150   0x00000034   Code   RO          703    i.u8g2_font_decode_get_unsigned_bits  u8g2_font.o
    0x08005184   0x08005184   0x00000114   Code   RO          704    i.u8g2_font_decode_glyph  u8g2_font.o
    0x08005298   0x08005298   0x0000008c   Code   RO          705    i.u8g2_font_decode_len  u8g2_font.o
    0x08005324   0x08005324   0x00000072   Code   RO          706    i.u8g2_font_get_glyph_data  u8g2_font.o
    0x08005396   0x08005396   0x00000014   Code   RO          707    i.u8g2_font_get_word  u8g2_font.o
    0x080053aa   0x080053aa   0x00000034   Code   RO          708    i.u8g2_font_setup_decode  u8g2_font.o
    0x080053de   0x080053de   0x00000018   Code   RO         2708    i.u8g2_is_intersection_decision_tree  u8g2_intersection.o
    0x080053f6   0x080053f6   0x00000002   PAD
    0x080053f8   0x080053f8   0x00000090   Code   RO         2756    i.u8g2_ll_hvline_vertical_top_lsb  u8g2_ll_hvline.o
    0x08005488   0x08005488   0x0000000c   Code   RO          639    i.u8g2_m_16_8_f     u8g2_d_memory.o
    0x08005494   0x08005494   0x0000006a   Code   RO          709    i.u8g2_read_font_info  u8g2_font.o
    0x080054fe   0x080054fe   0x0000004e   Code   RO          489    i.u8g2_send_buffer  u8g2_buffer.o
    0x0800554c   0x0800554c   0x00000046   Code   RO         2905    i.u8g2_update_dimension_common  u8g2_setup.o
    0x08005592   0x08005592   0x00000004   Code   RO         2906    i.u8g2_update_dimension_r0  u8g2_setup.o
    0x08005596   0x08005596   0x00000022   Code   RO         2910    i.u8g2_update_page_win_r0  u8g2_setup.o
    0x080055b8   0x080055b8   0x0000001e   Code   RO         3607    i.u8x8_DrawTile     u8x8_display.o
    0x080055d6   0x080055d6   0x00000010   Code   RO         3609    i.u8x8_InitDisplay  u8x8_display.o
    0x080055e6   0x080055e6   0x00000010   Code   RO         3610    i.u8x8_RefreshDisplay  u8x8_display.o
    0x080055f6   0x080055f6   0x00000010   Code   RO         3613    i.u8x8_SetPowerSave  u8x8_display.o
    0x08005606   0x08005606   0x00000022   Code   RO         3353    i.u8x8_Setup        u8x8_setup.o
    0x08005628   0x08005628   0x00000024   Code   RO         3354    i.u8x8_SetupDefaults  u8x8_setup.o
    0x0800564c   0x0800564c   0x00000010   Code   RO         3614    i.u8x8_SetupMemory  u8x8_display.o
    0x0800565c   0x0800565c   0x0000000e   Code   RO         4008    i.u8x8_ascii_next   u8x8_8x8.o
    0x0800566a   0x0800566a   0x00000002   PAD
    0x0800566c   0x0800566c   0x000000ea   Code   RO         3879    i.u8x8_byte_4wire_sw_spi  u8x8_byte.o
    0x08005756   0x08005756   0x0000000e   Code   RO         3883    i.u8x8_byte_SendByte  u8x8_byte.o
    0x08005764   0x08005764   0x00000010   Code   RO         3885    i.u8x8_byte_SetDC   u8x8_byte.o
    0x08005774   0x08005774   0x00000052   Code   RO         3743    i.u8x8_cad_001      u8x8_cad.o
    0x080057c6   0x080057c6   0x00000010   Code   RO         3747    i.u8x8_cad_EndTransfer  u8x8_cad.o
    0x080057d6   0x080057d6   0x00000010   Code   RO         3748    i.u8x8_cad_SendArg  u8x8_cad.o
    0x080057e6   0x080057e6   0x00000010   Code   RO         3749    i.u8x8_cad_SendCmd  u8x8_cad.o
    0x080057f6   0x080057f6   0x00000010   Code   RO         3750    i.u8x8_cad_SendData  u8x8_cad.o
    0x08005806   0x08005806   0x00000002   PAD
    0x08005808   0x08005808   0x00000068   Code   RO         3752    i.u8x8_cad_SendSequence  u8x8_cad.o
    0x08005870   0x08005870   0x00000010   Code   RO         3753    i.u8x8_cad_StartTransfer  u8x8_cad.o
    0x08005880   0x08005880   0x00000060   Code   RO         3615    i.u8x8_d_helper_display_init  u8x8_display.o
    0x080058e0   0x080058e0   0x0000000a   Code   RO         3616    i.u8x8_d_helper_display_setup_memory  u8x8_display.o
    0x080058ea   0x080058ea   0x00000002   PAD
    0x080058ec   0x080058ec   0x0000003c   Code   RO         3183    i.u8x8_d_ssd1306_128x64_noname  u8x8_d_ssd1306_128x64_noname.o
    0x08005928   0x08005928   0x000000c8   Code   RO         3185    i.u8x8_d_ssd1306_sh1106_generic  u8x8_d_ssd1306_128x64_noname.o
    0x080059f0   0x080059f0   0x00000004   Code   RO         3356    i.u8x8_dummy_cb     u8x8_setup.o
    0x080059f4   0x080059f4   0x0000000c   Code   RO         3451    i.u8x8_gpio_call    u8x8_gpio.o
    0x08005a00   0x08005a00   0x00000070   Code   RO         3232    i.u8x8_stm32_gpio_and_delay  oled.o
    0x08005a70   0x08005a70   0x00000008   Code   RO         4016    i.u8x8_utf8_init    u8x8_8x8.o
    0x08005a78   0x08005a78   0x0000031a   Data   RO          972    .constdata          u8g2_fonts.o
    0x08005d92   0x08005d92   0x00000002   PAD
    0x08005d94   0x08005d94   0x0000000c   Data   RO         2914    .constdata          u8g2_setup.o
    0x08005da0   0x08005da0   0x00000114   Data   RO         3186    .constdata          u8x8_d_ssd1306_128x64_noname.o
    0x08005eb4   0x08005eb4   0x00000010   Data   RO         7389    .constdata          system_stm32f1xx_1.o
    0x08005ec4   0x08005ec4   0x00000008   Data   RO         7390    .constdata          system_stm32f1xx_1.o
    0x08005ecc   0x08005ecc   0x00000004   PAD
    0x08005ed0   0x08005ed0   0x00000098   Data   RO         7728    .constdata          m_ws.l(atan.o)
    0x08005f68   0x08005f68   0x00000008   Data   RO         7750    .constdata          m_ws.l(qnan.o)
    0x08005f70   0x08005f70   0x00000020   Data   RO         7798    Region$$Table       anon$$obj.o


    Execution Region RW_IRAM1 (Exec base: 0x20000000, Load base: 0x08005f90, Size: 0x00000b08, Max: 0x00005000, ABSOLUTE)

    Exec Addr    Load Addr    Size         Type   Attr      Idx    E Section Name        Object

    0x20000000   0x08005f90   0x00000008   Data   RW          236    .data               filter.o
    0x20000008   0x08005f98   0x0000007c   Data   RW          265    .data               control.o
    0x20000084   0x08006014   0x00000004   Data   RW          266    .data               control.o
    0x20000088   0x08006018   0x00000004   Data   RW          268    .data               control.o
    0x2000008c   0x0800601c   0x00000010   Data   RW         4128    .data               ultrasonic.o
    0x2000009c   0x0800602c   0x00000004   PAD
    0x200000a0   0x08006030   0x00000060   Data   RW         4187    .data               main.o
    0x20000100   0x08006090   0x0000000c   Data   RW         5143    .data               stm32f1xx_hal.o
    0x2000010c   0x0800609c   0x00000004   Data   RW         7391    .data               system_stm32f1xx_1.o
    0x20000110   0x080060a0   0x00000004   Data   RW         7779    .data               mc_w.l(errno.o)
    0x20000114        -       0x00000010   Zero   RW          351    .bss                outputdata.o
    0x20000124        -       0x00000400   Zero   RW          640    .bss                u8g2_d_memory.o
    0x20000524        -       0x0000002c   Zero   RW         4186    .bss                main.o
    0x20000550        -       0x00000054   Zero   RW         4344    .bss                i2c.o
    0x200005a4        -       0x00000120   Zero   RW         4394    .bss                tim.o
    0x200006c4        -       0x00000040   Zero   RW         4477    .bss                usart.o
    0x20000704   0x080060a4   0x00000004   PAD
    0x20000708        -       0x00000400   Zero   RW            1    STACK               startup_stm32f103xb.o


==============================================================================

Image component sizes


      Code (inc. data)   RO Data    RW Data    ZI Data      Debug   Object Name

       912        124          0        132          0       6068   control.o
         0          0          0          0          0     432172   encoder.o
        72         14          0          8          0        808   filter.o
       276         16          0          0          0        963   gpio.o
       176         30          0          0         84       1569   i2c.o
      2314        378          0         96         44     150762   main.o
       462         22          0          0          0       5899   mpu6050.o
       252         20          0          0          0      19088   oled.o
         0          0          0          0         16        558   outputdata.o
        36          8        236          0       1024        788   startup_stm32f103xb.o
       164         28          0         12          0       5785   stm32f1xx_hal.o
       208         14          0          0          0      29863   stm32f1xx_hal_cortex.o
       152          4          0          0          0       1071   stm32f1xx_hal_dma.o
       500         34          0          0          0       3455   stm32f1xx_hal_gpio.o
      2262         56          0          0          0      12578   stm32f1xx_hal_i2c.o
        60          8          0          0          0        818   stm32f1xx_hal_msp.o
      1272        100          0          0          0       5108   stm32f1xx_hal_rcc.o
      2340         70          0          0          0      16937   stm32f1xx_hal_tim.o
       108         12          0          0          0       2313   stm32f1xx_hal_tim_ex.o
       820         10          0          0          0       6499   stm32f1xx_hal_uart.o
       376         56          0          0          0       6492   stm32f1xx_it.o
         2          0         24          4          0       1051   system_stm32f1xx_1.o
       832         90          0          0        288       5265   tim.o
         0          0          0          0          0     138635   u8g2_bitmap.o
       114          0          0          0          0       2307   u8g2_buffer.o
        12          4          0          0       1024        760   u8g2_d_memory.o
        56         14          0          0          0        961   u8g2_d_setup.o
      1212         10          0          0          0      12876   u8g2_font.o
         0          0        794          0          0     123316   u8g2_fonts.o
       250          0          0          0          0       2291   u8g2_hvline.o
        72          0          0          0          0       1767   u8g2_intersection.o
       144          0          0          0          0       1298   u8g2_ll_hvline.o
       324          0         12          0          0     125968   u8g2_setup.o
        22          0          0          0          0       1697   u8x8_8x8.o
       264          0          0          0          0       2732   u8x8_byte.o
       266          6          0          0          0       4541   u8x8_cad.o
       260         10        276          0          0       2759   u8x8_d_ssd1306_128x64_noname.o
       200          0          0          0          0       3990   u8x8_display.o
        12          0          0          0          0        545   u8x8_gpio.o
        74          4          0          0          0       1618   u8x8_setup.o
        76         10          0         16          0        829   ultrasonic.o
       184         20          0          0         64       1690   usart.o

    ----------------------------------------------------------------------
     17188       1172       1380        272       2548    1146490   Object Totals
         0          0         32          0          0          0   (incl. Generated)
        50          0          6          4          4          0   (incl. Padding)

    ----------------------------------------------------------------------

      Code (inc. data)   RO Data    RW Data    ZI Data      Debug   Library Member Name

       544         70        152          0          0        124   atan.o
       412         38          0          0          0        144   atan2.o
        26          6          0          0          0        204   dunder.o
        40          0          0          0          0         68   fpclassify.o
       170          0          0          0          0         96   poly.o
         0          0          8          0          0          0   qnan.o
         0          0          0          0          0          0   entry.o
         0          0          0          0          0          0   entry10a.o
         0          0          0          0          0          0   entry11a.o
         4          0          0          0          0          0   entry12b.o
         8          4          0          0          0          0   entry2.o
         4          0          0          0          0          0   entry5.o
         0          0          0          0          0          0   entry7b.o
         0          0          0          0          0          0   entry8b.o
         8          4          0          0          0          0   entry9a.o
        12          6          0          4          0         68   errno.o
        30          0          0          0          0          0   handlers.o
        36          8          0          0          0         68   init.o
         0          0          0          0          0          0   iusefp.o
        30          0          0          0          0         68   llshl.o
        36          0          0          0          0         68   llsshr.o
        32          0          0          0          0         68   llushr.o
        36          0          0          0          0        108   memseta.o
      2236         86          0          0          0        532   printfa.o
        44          0          0          0          0         80   uidiv.o
        98          0          0          0          0         92   uldiv.o
        48          0          0          0          0         68   cdcmple.o
        48          0          0          0          0         68   cdrcmple.o
        56          0          0          0          0         88   d2f.o
       334          0          0          0          0        148   dadd.o
       222          0          0          0          0        100   ddiv.o
       186          0          0          0          0        176   depilogue.o
        62          0          0          0          0         80   dfixi.o
        48          0          0          0          0         68   dfixul.o
        34          0          0          0          0         76   dflti.o
       228          0          0          0          0         96   dmul.o
        46          0          0          0          0         80   dscalb.o
        38          0          0          0          0         68   f2d.o
       176          0          0          0          0        140   fadd.o
       124          0          0          0          0         88   fdiv.o
       110          0          0          0          0        168   fepilogue.o
        50          0          0          0          0         68   ffixi.o
        18          0          0          0          0         68   fflti.o
       100          0          0          0          0         76   fmul.o

    ----------------------------------------------------------------------
      5736        222        160          4          0       3512   Library Totals
         2          0          0          0          0          0   (incl. Padding)

    ----------------------------------------------------------------------

      Code (inc. data)   RO Data    RW Data    ZI Data      Debug   Library Name

      1192        114        160          0          0        636   m_ws.l
      2614        108          0          4          0       1152   mc_w.l
      1928          0          0          0          0       1724   mf_w.l

    ----------------------------------------------------------------------
      5736        222        160          4          0       3512   Library Totals

    ----------------------------------------------------------------------

==============================================================================


      Code (inc. data)   RO Data    RW Data    ZI Data      Debug   

     22924       1394       1540        276       2548    1138402   Grand Totals
     22924       1394       1540        276       2548    1138402   ELF Image Totals
     22924       1394       1540        276          0          0   ROM Totals

==============================================================================

    Total RO  Size (Code + RO Data)                24464 (  23.89kB)
    Total RW  Size (RW Data + ZI Data)              2824 (   2.76kB)
    Total ROM Size (Code + RO Data + RW Data)      24740 (  24.16kB)

==============================================================================

