<html>
<body>
<pre>
<h1>µVision Build Log</h1>
<h2>Tool Versions:</h2>
IDE-Version: ¦ÌVision V5.34.0.0
Copyright (C) 2021 ARM Ltd and ARM Germany GmbH. All rights reserved.
License Information: Zhiming He, Tsinghua University, LIC=RC93N-Y2F4K-303NC-7QYAN-2WWZS-SB2Y0
 
Tool Versions:
Toolchain:       MDK-ARM Plus  Version: 5.34.0.0
Toolchain Path:  C:\Keil_v5\ARM\ARMCC\Bin
C Compiler:      Armcc.exe V5.06 update 7 (build 960)
Assembler:       Armasm.exe V5.06 update 7 (build 960)
Linker/Locator:  ArmLink.exe V5.06 update 7 (build 960)
Library Manager: ArmAr.exe V5.06 update 7 (build 960)
Hex Converter:   FromElf.exe V5.06 update 7 (build 960)
CPU DLL:         SARMCM3.DLL V5.34.0.0
Dialog DLL:      DCM.DLL V1.17.3.0
Target DLL:      STLink\ST-LINKIII-KEIL_SWO.dll V3.0.8.0
Dialog DLL:      TCM.DLL V1.48.0.0
 
<h2>Project:</h2>
C:\Users\75987\Desktop\MiaowLabs-Demo\MDK-ARM\MiaowLabs-Demo.uvprojx
Project File Date:  06/07/2021

<h2>Output:</h2>
*** Using Compiler 'V5.06 update 7 (build 960)', folder: 'C:\Keil_v5\ARM\ARMCC\Bin'
Rebuild target 'MiaowLabs-Demo'
Note: source file '../Src/system_stm32f1xx.c' - object file renamed from 'MiaowLabs-Demo\system_stm32f1xx.o' to 'MiaowLabs-Demo\system_stm32f1xx_1.o'.
assembling startup_stm32f103xb.s...
compiling filter.c...
compiling u8g2_bitmap.c...
compiling u8g2_box.c...
compiling u8g2_buffer.c...
compiling u8g2_circle.c...
compiling u8g2_d_memory.c...
compiling u8g2_cleardisplay.c...
compiling u8g2_d_setup.c...
compiling u8g2_font.c...
compiling u8g2_hvline.c...
compiling u8g2_input_value.c...
compiling u8g2_intersection.c...
compiling u8g2_kerning.c...
compiling u8g2_line.c...
compiling u8g2_ll_hvline.c...
compiling u8g2_message.c...
compiling mpu6050.c...
compiling outputdata.c...
compiling encoder.c...
compiling control.c...
compiling u8g2_polygon.c...
compiling u8g2_selection_list.c...
compiling u8log.c...
compiling u8log_u8g2.c...
compiling u8log_u8x8.c...
compiling u8g2_setup.c...
..\Src\u8g2_setup.c(468): warning:  #1-D: last line of file ends without a newline
    
..\Src\u8g2_setup.c: 1 warning, 0 errors
compiling u8x8_d_ssd1306_128x64_noname.c...
compiling u8x8_u16toa.c...
..\Src\u8x8_u16toa.c(77): warning:  #1-D: last line of file ends without a newline
  }
..\Src\u8x8_u16toa.c: 1 warning, 0 errors
compiling u8x8_setup.c...
compiling u8x8_u8toa.c...
compiling u8x8_selection_list.c...
compiling u8x8_string.c...
compiling u8x8_message.c...
compiling u8x8_gpio.c...
..\Src\u8x8_gpio.c(50): warning:  #1-D: last line of file ends without a newline
  */
..\Src\u8x8_gpio.c: 1 warning, 0 errors
compiling u8x8_input_value.c...
compiling u8x8_display.c...
..\Src\u8x8_display.c(165): warning:  #1-D: last line of file ends without a newline
  }
..\Src\u8x8_display.c: 1 warning, 0 errors
compiling u8x8_debounce.c...
compiling u8x8_fonts.c...
compiling u8x8_capture.c...
..\Src\u8x8_capture.c(254): warning:  #1-D: last line of file ends without a newline
  #endif
..\Src\u8x8_capture.c: 1 warning, 0 errors
compiling u8x8_cad.c...
compiling u8x8_byte.c...
compiling u8x8_8x8.c...
compiling u8g2_fonts.c...
compiling oled.c...
compiling gpio.c...
compiling ultrasonic.c...
compiling i2c.c...
compiling tim.c...
compiling usart.c...
compiling main.c...
../Src/main.c(418): warning:  #223-D: function "sprintf" declared implicitly
  			sprintf(cStr, "%d %d %d %d", DebugDist[0], DebugDist[1], DebugDist[2],DebugDist[3]);
../Src/main.c: 1 warning, 0 errors
compiling stm32f1xx_it.c...
compiling stm32f1xx_hal_rcc_ex.c...
compiling stm32f1xx_hal_gpio_ex.c...
compiling stm32f1xx_hal.c...
compiling stm32f1xx_hal_msp.c...
compiling stm32f1xx_hal_rcc.c...
compiling stm32f1xx_hal_i2c.c...
compiling stm32f1xx_hal_gpio.c...
compiling stm32f1xx_hal_pwr.c...
compiling stm32f1xx_hal_flash_ex.c...
compiling stm32f1xx_hal_cortex.c...
compiling stm32f1xx_hal_flash.c...
compiling stm32f1xx_hal_exti.c...
compiling stm32f1xx_hal_dma.c...
compiling system_stm32f1xx.c...
compiling stm32f1xx_hal_uart.c...
compiling stm32f1xx_hal_tim_ex.c...
compiling stm32f1xx_hal_tim.c...
linking...
Program Size: Code=20680 RO-data=1536 RW-data=260 ZI-data=2548  
FromELF: creating hex file...
"MiaowLabs-Demo\MiaowLabs-Demo.axf" - 0 Error(s), 6 Warning(s).

<h2>Software Packages used:</h2>

Package Vendor: ARM
                http://www.keil.com/pack/ARM.CMSIS.5.7.0.pack
                ARM.CMSIS.5.7.0
                CMSIS (Cortex Microcontroller Software Interface Standard)
   * Component: CORE Version: 5.4.0

Package Vendor: Keil
                http://www.keil.com/pack/Keil.STM32F1xx_DFP.2.3.0.pack
                Keil.STM32F1xx_DFP.2.3.0
                STMicroelectronics STM32F1 Series Device Support, Drivers and Examples

<h2>Collection of Component include folders:</h2>
  .\RTE\_MiaowLabs-Demo
  C:\Users\75987\AppData\Local\Arm\Packs\ARM\CMSIS\5.7.0\CMSIS\Core\Include
  C:\Users\75987\AppData\Local\Arm\Packs\Keil\STM32F1xx_DFP\2.3.0\Device\Include

<h2>Collection of Component Files used:</h2>

   * Component: ARM::CMSIS:CORE:5.4.0
      Include file:  CMSIS\Core\Include\tz_context.h
Build Time Elapsed:  00:00:17
</pre>
</body>
</html>
