Component: ARM Compiler 5.06 update 7 (build 960) Tool: armlink [4d3601]

==============================================================================

Section Cross References

    startup_stm32f103xb.o(RESET) refers to startup_stm32f103xb.o(STACK) for __initial_sp
    startup_stm32f103xb.o(RESET) refers to startup_stm32f103xb.o(.text) for Reset_Handler
    startup_stm32f103xb.o(RESET) refers to stm32f1xx_it.o(i.NMI_Handler) for NMI_Handler
    startup_stm32f103xb.o(RESET) refers to stm32f1xx_it.o(i.HardFault_Handler) for HardFault_Handler
    startup_stm32f103xb.o(RESET) refers to stm32f1xx_it.o(i.MemManage_Handler) for MemManage_Handler
    startup_stm32f103xb.o(RESET) refers to stm32f1xx_it.o(i.BusFault_Handler) for BusFault_Handler
    startup_stm32f103xb.o(RESET) refers to stm32f1xx_it.o(i.UsageFault_Handler) for UsageFault_Handler
    startup_stm32f103xb.o(RESET) refers to stm32f1xx_it.o(i.SVC_Handler) for SVC_Handler
    startup_stm32f103xb.o(RESET) refers to stm32f1xx_it.o(i.DebugMon_Handler) for DebugMon_Handler
    startup_stm32f103xb.o(RESET) refers to stm32f1xx_it.o(i.PendSV_Handler) for PendSV_Handler
    startup_stm32f103xb.o(RESET) refers to stm32f1xx_it.o(i.SysTick_Handler) for SysTick_Handler
    startup_stm32f103xb.o(RESET) refers to stm32f1xx_it.o(i.TIM1_UP_IRQHandler) for TIM1_UP_IRQHandler
    startup_stm32f103xb.o(RESET) refers to stm32f1xx_it.o(i.TIM1_CC_IRQHandler) for TIM1_CC_IRQHandler
    startup_stm32f103xb.o(RESET) refers to stm32f1xx_it.o(i.USART1_IRQHandler) for USART1_IRQHandler
    startup_stm32f103xb.o(.text) refers to system_stm32f1xx_1.o(i.SystemInit) for SystemInit
    startup_stm32f103xb.o(.text) refers to entry.o(.ARM.Collect$$$$00000000) for __main
    button.o(i.ButtonScan) refers to stm32f1xx_hal_gpio.o(i.HAL_GPIO_ReadPin) for HAL_GPIO_ReadPin
    button.o(i.ButtonScan) refers to button.o(.data) for .data
    encoder.o(i.GetTim2Encoder) refers to tim.o(.bss) for htim2
    encoder.o(i.GetTim2Encoder) refers to encoder.o(.data) for .data
    encoder.o(i.GetTim4Encoder) refers to tim.o(.bss) for htim4
    encoder.o(i.GetTim4Encoder) refers to encoder.o(.data) for .data
    mpu6050.o(i.MPU_Get_Accelerometer) refers to mpu6050.o(i.MPU_Read_Len) for MPU_Read_Len
    mpu6050.o(i.MPU_Get_Gyroscope) refers to mpu6050.o(i.MPU_Read_Len) for MPU_Read_Len
    mpu6050.o(i.MPU_Get_Temperature) refers to mpu6050.o(i.MPU_Read_Len) for MPU_Read_Len
    mpu6050.o(i.MPU_Get_Temperature) refers to dflti.o(.text) for __aeabi_i2d
    mpu6050.o(i.MPU_Get_Temperature) refers to ddiv.o(.text) for __aeabi_ddiv
    mpu6050.o(i.MPU_Get_Temperature) refers to dadd.o(.text) for __aeabi_dadd
    mpu6050.o(i.MPU_Get_Temperature) refers to dmul.o(.text) for __aeabi_dmul
    mpu6050.o(i.MPU_Get_Temperature) refers to d2f.o(.text) for __aeabi_d2f
    mpu6050.o(i.MPU_Get_Temperature) refers to fdiv.o(.text) for __aeabi_fdiv
    mpu6050.o(i.MPU_Init) refers to stm32f1xx_hal_i2c.o(i.HAL_I2C_Init) for HAL_I2C_Init
    mpu6050.o(i.MPU_Init) refers to mpu6050.o(i.MPU_Write_Byte) for MPU_Write_Byte
    mpu6050.o(i.MPU_Init) refers to mpu6050.o(i.MPU_Set_Gyro_Fsr) for MPU_Set_Gyro_Fsr
    mpu6050.o(i.MPU_Init) refers to mpu6050.o(i.MPU_Set_Accel_Fsr) for MPU_Set_Accel_Fsr
    mpu6050.o(i.MPU_Init) refers to mpu6050.o(i.MPU_Set_Rate) for MPU_Set_Rate
    mpu6050.o(i.MPU_Init) refers to mpu6050.o(i.MPU_Read_Byte) for MPU_Read_Byte
    mpu6050.o(i.MPU_Init) refers to i2c.o(.bss) for hi2c1
    mpu6050.o(i.MPU_Read_Byte) refers to stm32f1xx_hal_i2c.o(i.HAL_I2C_Mem_Read) for HAL_I2C_Mem_Read
    mpu6050.o(i.MPU_Read_Byte) refers to stm32f1xx_hal.o(i.HAL_Delay) for HAL_Delay
    mpu6050.o(i.MPU_Read_Byte) refers to i2c.o(.bss) for hi2c1
    mpu6050.o(i.MPU_Read_Len) refers to stm32f1xx_hal_i2c.o(i.HAL_I2C_Mem_Read) for HAL_I2C_Mem_Read
    mpu6050.o(i.MPU_Read_Len) refers to i2c.o(.bss) for hi2c1
    mpu6050.o(i.MPU_Set_Accel_Fsr) refers to mpu6050.o(i.MPU_Write_Byte) for MPU_Write_Byte
    mpu6050.o(i.MPU_Set_Gyro_Fsr) refers to mpu6050.o(i.MPU_Write_Byte) for MPU_Write_Byte
    mpu6050.o(i.MPU_Set_LPF) refers to mpu6050.o(i.MPU_Write_Byte) for MPU_Write_Byte
    mpu6050.o(i.MPU_Set_Rate) refers to mpu6050.o(i.MPU_Write_Byte) for MPU_Write_Byte
    mpu6050.o(i.MPU_Set_Rate) refers to mpu6050.o(i.MPU_Set_LPF) for MPU_Set_LPF
    mpu6050.o(i.MPU_Write_Byte) refers to stm32f1xx_hal_i2c.o(i.HAL_I2C_Mem_Write) for HAL_I2C_Mem_Write
    mpu6050.o(i.MPU_Write_Byte) refers to stm32f1xx_hal.o(i.HAL_Delay) for HAL_Delay
    mpu6050.o(i.MPU_Write_Byte) refers to i2c.o(.bss) for hi2c1
    mpu6050.o(i.MPU_Write_Len) refers to stm32f1xx_hal_i2c.o(i.HAL_I2C_Mem_Write) for HAL_I2C_Mem_Write
    mpu6050.o(i.MPU_Write_Len) refers to stm32f1xx_hal.o(i.HAL_Delay) for HAL_Delay
    mpu6050.o(i.MPU_Write_Len) refers to i2c.o(.bss) for hi2c1
    filter.o(i.ComplementaryFilter) refers to fmul.o(.text) for __aeabi_fmul
    filter.o(i.ComplementaryFilter) refers to fadd.o(.text) for __aeabi_fadd
[...]
    i.TIM_OC2_SetConfig                      0x080033b4   Section        0  stm32f1xx_hal_tim.o(i.TIM_OC2_SetConfig)
    i.TIM_OC3_SetConfig                      0x0800340c   Section        0  stm32f1xx_hal_tim.o(i.TIM_OC3_SetConfig)
    TIM_OC3_SetConfig                        0x0800340d   Thumb Code    82  stm32f1xx_hal_tim.o(i.TIM_OC3_SetConfig)
    i.TIM_OC4_SetConfig                      0x08003464   Section        0  stm32f1xx_hal_tim.o(i.TIM_OC4_SetConfig)
    TIM_OC4_SetConfig                        0x08003465   Thumb Code    64  stm32f1xx_hal_tim.o(i.TIM_OC4_SetConfig)
    i.TIM_TI1_SetConfig                      0x080034a8   Section        0  stm32f1xx_hal_tim.o(i.TIM_TI1_SetConfig)
    i.TIM_TI2_SetConfig                      0x08003500   Section        0  stm32f1xx_hal_tim.o(i.TIM_TI2_SetConfig)
    TIM_TI2_SetConfig                        0x08003501   Thumb Code    54  stm32f1xx_hal_tim.o(i.TIM_TI2_SetConfig)
    i.UART_DMAAbortOnError                   0x08003536   Section        0  stm32f1xx_hal_uart.o(i.UART_DMAAbortOnError)
    UART_DMAAbortOnError                     0x08003537   Thumb Code    16  stm32f1xx_hal_uart.o(i.UART_DMAAbortOnError)
    i.UART_EndRxTransfer                     0x08003546   Section        0  stm32f1xx_hal_uart.o(i.UART_EndRxTransfer)
    UART_EndRxTransfer                       0x08003547   Thumb Code    28  stm32f1xx_hal_uart.o(i.UART_EndRxTransfer)
    i.UART_Receive_IT                        0x08003562   Section        0  stm32f1xx_hal_uart.o(i.UART_Receive_IT)
    UART_Receive_IT                          0x08003563   Thumb Code   140  stm32f1xx_hal_uart.o(i.UART_Receive_IT)
    i.UART_SetConfig                         0x080035f0   Section        0  stm32f1xx_hal_uart.o(i.UART_SetConfig)
    UART_SetConfig                           0x080035f1   Thumb Code   178  stm32f1xx_hal_uart.o(i.UART_SetConfig)
    i.USART1_IRQHandler                      0x080036a8   Section        0  stm32f1xx_it.o(i.USART1_IRQHandler)
    i.UsageFault_Handler                     0x080036b4   Section        0  stm32f1xx_it.o(i.UsageFault_Handler)
    i.__0sprintf                             0x080036b8   Section        0  printfa.o(i.__0sprintf)
    i.__ARM_fpclassify                       0x080036e0   Section        0  fpclassify.o(i.__ARM_fpclassify)
    i.__NVIC_SetPriority                     0x08003708   Section        0  stm32f1xx_hal_cortex.o(i.__NVIC_SetPriority)
    __NVIC_SetPriority                       0x08003709   Thumb Code    32  stm32f1xx_hal_cortex.o(i.__NVIC_SetPriority)
    i.__kernel_poly                          0x08003728   Section        0  poly.o(i.__kernel_poly)
    i.__mathlib_dbl_infnan                   0x080037d2   Section        0  dunder.o(i.__mathlib_dbl_infnan)
    i.__mathlib_dbl_infnan2                  0x080037d8   Section        0  dunder.o(i.__mathlib_dbl_infnan2)
    i.__mathlib_dbl_underflow                0x080037dc   Section        0  dunder.o(i.__mathlib_dbl_underflow)
    i.__scatterload_copy                     0x080037ec   Section       14  handlers.o(i.__scatterload_copy)
    i.__scatterload_null                     0x080037fa   Section        2  handlers.o(i.__scatterload_null)
    i.__scatterload_zeroinit                 0x080037fc   Section       14  handlers.o(i.__scatterload_zeroinit)
    i.__set_errno                            0x0800380c   Section        0  errno.o(i.__set_errno)
    i._fp_digits                             0x08003818   Section        0  printfa.o(i._fp_digits)
    _fp_digits                               0x08003819   Thumb Code   366  printfa.o(i._fp_digits)
    i._printf_core                           0x0800399c   Section        0  printfa.o(i._printf_core)
    _printf_core                             0x0800399d   Thumb Code  1704  printfa.o(i._printf_core)
    i._printf_post_padding                   0x08004050   Section        0  printfa.o(i._printf_post_padding)
    _printf_post_padding                     0x08004051   Thumb Code    36  printfa.o(i._printf_post_padding)
    i._printf_pre_padding                    0x08004074   Section        0  printfa.o(i._printf_pre_padding)
    _printf_pre_padding                      0x08004075   Thumb Code    46  printfa.o(i._printf_pre_padding)
    i._sputc                                 0x080040a2   Section        0  printfa.o(i._sputc)
    _sputc                                   0x080040a3   Thumb Code    10  printfa.o(i._sputc)
    i.atan                                   0x080040ac   Section        0  atan.o(i.atan)
    i.atan2                                  0x080042cc   Section        0  atan2.o(i.atan2)
    i.main                                   0x08004468   Section        0  main.o(i.main)
    i.u8g2_ClearBuffer                       0x080045d4   Section        0  u8g2_buffer.o(i.u8g2_ClearBuffer)
    i.u8g2_DrawGlyph                         0x080045e6   Section        0  u8g2_font.o(i.u8g2_DrawGlyph)
    i.u8g2_DrawHVLine                        0x08004658   Section        0  u8g2_hvline.o(i.u8g2_DrawHVLine)
    i.u8g2_DrawStr                           0x08004704   Section        0  u8g2_font.o(i.u8g2_DrawStr)
    i.u8g2_IsIntersection                    0x08004714   Section        0  u8g2_intersection.o(i.u8g2_IsIntersection)
    i.u8g2_SendBuffer                        0x08004744   Section        0  u8g2_buffer.o(i.u8g2_SendBuffer)
    i.u8g2_SetFont                           0x08004756   Section        0  u8g2_font.o(i.u8g2_SetFont)
    i.u8g2_SetFontPosBaseline                0x08004778   Section        0  u8g2_font.o(i.u8g2_SetFontPosBaseline)
    i.u8g2_SetMaxClipWindow                  0x08004784   Section        0  u8g2_setup.o(i.u8g2_SetMaxClipWindow)
    i.u8g2_SetupBuffer                       0x080047a0   Section        0  u8g2_setup.o(i.u8g2_SetupBuffer)
    i.u8g2_Setup_ssd1306_128x64_noname_f     0x080047e4   Section        0  u8g2_d_setup.o(i.u8g2_Setup_ssd1306_128x64_noname_f)
    i.u8g2_UpdateRefHeight                   0x0800481c   Section        0  u8g2_font.o(i.u8g2_UpdateRefHeight)
    i.u8g2_add_vector_x                      0x0800486e   Section        0  u8g2_font.o(i.u8g2_add_vector_x)
    i.u8g2_add_vector_y                      0x0800488a   Section        0  u8g2_font.o(i.u8g2_add_vector_y)
    i.u8g2_apply_clip_window                 0x080048a6   Section        0  u8g2_setup.o(i.u8g2_apply_clip_window)
    u8g2_apply_clip_window                   0x080048a7   Thumb Code   110  u8g2_setup.o(i.u8g2_apply_clip_window)
    i.u8g2_clip_intersection2                0x08004914   Section        0  u8g2_hvline.o(i.u8g2_clip_intersection2)
    u8g2_clip_intersection2                  0x08004915   Thumb Code    60  u8g2_hvline.o(i.u8g2_clip_intersection2)
    i.u8g2_draw_hv_line_2dir                 0x08004950   Section        0  u8g2_hvline.o(i.u8g2_draw_hv_line_2dir)
    i.u8g2_draw_l90_r0                       0x08004962   Section        0  u8g2_setup.o(i.u8g2_draw_l90_r0)
    i.u8g2_draw_string                       0x0800496e   Section        0  u8g2_font.o(i.u8g2_draw_string)
    u8g2_draw_string                         0x0800496f   Thumb Code   118  u8g2_font.o(i.u8g2_draw_string)
    i.u8g2_font_calc_vref_font               0x080049e4   Section        0  u8g2_font.o(i.u8g2_font_calc_vref_font)
    i.u8g2_font_decode_get_signed_bits       0x080049e8   Section        0  u8g2_font.o(i.u8g2_font_decode_get_signed_bits)
    i.u8g2_font_decode_get_unsigned_bits     0x080049fc   Section        0  u8g2_font.o(i.u8g2_font_decode_get_unsigned_bits)
    i.u8g2_font_decode_glyph                 0x08004a30   Section        0  u8g2_font.o(i.u8g2_font_decode_glyph)
    i.u8g2_font_decode_len                   0x08004b44   Section        0  u8g2_font.o(i.u8g2_font_decode_len)
    i.u8g2_font_get_glyph_data               0x08004bd0   Section        0  u8g2_font.o(i.u8g2_font_get_glyph_data)
    i.u8g2_font_get_word                     0x08004c42   Section        0  u8g2_font.o(i.u8g2_font_get_word)
    u8g2_font_get_word                       0x08004c43   Thumb Code    20  u8g2_font.o(i.u8g2_font_get_word)
    i.u8g2_font_setup_decode                 0x08004c56   Section        0  u8g2_font.o(i.u8g2_font_setup_decode)
    u8g2_font_setup_decode                   0x08004c57   Thumb Code    52  u8g2_font.o(i.u8g2_font_setup_decode)
    i.u8g2_is_intersection_decision_tree     0x08004c8a   Section        0  u8g2_intersection.o(i.u8g2_is_intersection_decision_tree)
    i.u8g2_ll_hvline_vertical_top_lsb        0x08004ca4   Section        0  u8g2_ll_hvline.o(i.u8g2_ll_hvline_vertical_top_lsb)
    i.u8g2_m_16_8_f                          0x08004d34   Section        0  u8g2_d_memory.o(i.u8g2_m_16_8_f)
    i.u8g2_read_font_info                    0x08004d40   Section        0  u8g2_font.o(i.u8g2_read_font_info)
    i.u8g2_send_buffer                       0x08004daa   Section        0  u8g2_buffer.o(i.u8g2_send_buffer)
    u8g2_send_buffer                         0x08004dab   Thumb Code    78  u8g2_buffer.o(i.u8g2_send_buffer)
    i.u8g2_update_dimension_common           0x08004df8   Section        0  u8g2_setup.o(i.u8g2_update_dimension_common)
    u8g2_update_dimension_common             0x08004df9   Thumb Code    70  u8g2_setup.o(i.u8g2_update_dimension_common)
    i.u8g2_update_dimension_r0               0x08004e3e   Section        0  u8g2_setup.o(i.u8g2_update_dimension_r0)
    i.u8g2_update_page_win_r0                0x08004e42   Section        0  u8g2_setup.o(i.u8g2_update_page_win_r0)
    i.u8x8_DrawTile                          0x08004e64   Section        0  u8x8_display.o(i.u8x8_DrawTile)
    i.u8x8_InitDisplay                       0x08004e82   Section        0  u8x8_display.o(i.u8x8_InitDisplay)
    i.u8x8_RefreshDisplay                    0x08004e92   Section        0  u8x8_display.o(i.u8x8_RefreshDisplay)
    i.u8x8_SetPowerSave                      0x08004ea2   Section        0  u8x8_display.o(i.u8x8_SetPowerSave)
    i.u8x8_Setup                             0x08004eb2   Section        0  u8x8_setup.o(i.u8x8_Setup)
    i.u8x8_SetupDefaults                     0x08004ed4   Section        0  u8x8_setup.o(i.u8x8_SetupDefaults)
    i.u8x8_SetupMemory                       0x08004ef8   Section        0  u8x8_display.o(i.u8x8_SetupMemory)
    i.u8x8_ascii_next                        0x08004f08   Section        0  u8x8_8x8.o(i.u8x8_ascii_next)
    i.u8x8_byte_4wire_sw_spi                 0x08004f18   Section        0  u8x8_byte.o(i.u8x8_byte_4wire_sw_spi)
    i.u8x8_byte_SendByte                     0x08005002   Section        0  u8x8_byte.o(i.u8x8_byte_SendByte)
    i.u8x8_byte_SetDC                        0x08005010   Section        0  u8x8_byte.o(i.u8x8_byte_SetDC)
    i.u8x8_cad_001                           0x08005020   Section        0  u8x8_cad.o(i.u8x8_cad_001)
    i.u8x8_cad_EndTransfer                   0x08005072   Section        0  u8x8_cad.o(i.u8x8_cad_EndTransfer)
    i.u8x8_cad_SendArg                       0x08005082   Section        0  u8x8_cad.o(i.u8x8_cad_SendArg)
    i.u8x8_cad_SendCmd                       0x08005092   Section        0  u8x8_cad.o(i.u8x8_cad_SendCmd)
    i.u8x8_cad_SendData                      0x080050a2   Section        0  u8x8_cad.o(i.u8x8_cad_SendData)
    i.u8x8_cad_SendSequence                  0x080050b4   Section        0  u8x8_cad.o(i.u8x8_cad_SendSequence)
    i.u8x8_cad_StartTransfer                 0x0800511c   Section        0  u8x8_cad.o(i.u8x8_cad_StartTransfer)
    i.u8x8_d_helper_display_init             0x0800512c   Section        0  u8x8_display.o(i.u8x8_d_helper_display_init)
    i.u8x8_d_helper_display_setup_memory     0x0800518c   Section        0  u8x8_display.o(i.u8x8_d_helper_display_setup_memory)
    i.u8x8_d_ssd1306_128x64_noname           0x08005198   Section        0  u8x8_d_ssd1306_128x64_noname.o(i.u8x8_d_ssd1306_128x64_noname)
    i.u8x8_d_ssd1306_sh1106_generic          0x080051d4   Section        0  u8x8_d_ssd1306_128x64_noname.o(i.u8x8_d_ssd1306_sh1106_generic)
    u8x8_d_ssd1306_sh1106_generic            0x080051d5   Thumb Code   196  u8x8_d_ssd1306_128x64_noname.o(i.u8x8_d_ssd1306_sh1106_generic)
    i.u8x8_dummy_cb                          0x0800529c   Section        0  u8x8_setup.o(i.u8x8_dummy_cb)
    i.u8x8_gpio_call                         0x080052a0   Section        0  u8x8_gpio.o(i.u8x8_gpio_call)
    i.u8x8_stm32_gpio_and_delay              0x080052ac   Section        0  oled.o(i.u8x8_stm32_gpio_and_delay)
    i.u8x8_utf8_init                         0x0800531c   Section        0  u8x8_8x8.o(i.u8x8_utf8_init)
    .constdata                               0x08005324   Section     1193  u8g2_fonts.o(.constdata)
    .constdata                               0x080057d0   Section       12  u8g2_setup.o(.constdata)
    .constdata                               0x080057dc   Section      276  u8x8_d_ssd1306_128x64_noname.o(.constdata)
    u8x8_d_ssd1306_128x64_noname_powersave0_seq 0x080057dc   Data           5  u8x8_d_ssd1306_128x64_noname.o(.constdata)
    u8x8_d_ssd1306_128x64_noname_powersave1_seq 0x080057e1   Data           5  u8x8_d_ssd1306_128x64_noname.o(.constdata)
    u8x8_d_ssd1306_128x64_noname_flip0_seq   0x080057e6   Data           7  u8x8_d_ssd1306_128x64_noname.o(.constdata)
    u8x8_d_ssd1306_128x64_noname_flip1_seq   0x080057ed   Data           7  u8x8_d_ssd1306_128x64_noname.o(.constdata)
    u8x8_d_ssd1306_128x64_noname_init_seq    0x080057f4   Data          53  u8x8_d_ssd1306_128x64_noname.o(.constdata)
    u8x8_d_ssd1306_128x64_vcomh0_init_seq    0x08005829   Data          53  u8x8_d_ssd1306_128x64_noname.o(.constdata)
    u8x8_d_ssd1306_128x64_alt0_init_seq      0x0800585e   Data          53  u8x8_d_ssd1306_128x64_noname.o(.constdata)
    u8x8_d_sh1106_128x64_winstar_init_seq    0x08005893   Data          45  u8x8_d_ssd1306_128x64_noname.o(.constdata)
    u8x8_ssd1306_128x64_noname_display_info  0x080058c0   Data          24  u8x8_d_ssd1306_128x64_noname.o(.constdata)
    u8x8_sh1106_128x64_noname_display_info   0x080058d8   Data          24  u8x8_d_ssd1306_128x64_noname.o(.constdata)
    .constdata                               0x080058f0   Section       16  system_stm32f1xx_1.o(.constdata)
    .constdata                               0x08005900   Section        8  system_stm32f1xx_1.o(.constdata)
    .constdata                               0x08005908   Section      152  atan.o(.constdata)
    atanhi                                   0x08005908   Data          32  atan.o(.constdata)
    atanlo                                   0x08005928   Data          32  atan.o(.constdata)
    aTodd                                    0x08005948   Data          40  atan.o(.constdata)
    aTeven                                   0x08005970   Data          48  atan.o(.constdata)
    .constdata                               0x080059a0   Section        8  qnan.o(.constdata)
    .data                                    0x20000000   Section       12  button.o(.data)
    .data                                    0x2000000c   Section        8  filter.o(.data)
    .data                                    0x20000014   Section      104  control.o(.data)
    .data                                    0x2000007c   Section        4  control.o(.data)
    .data                                    0x20000080   Section        4  control.o(.data)
    .data                                    0x20000084   Section       16  ultrasonic.o(.data)
    .data                                    0x20000094   Section       12  stm32f1xx_hal.o(.data)
    .data                                    0x200000a0   Section        4  system_stm32f1xx_1.o(.data)
    .data                                    0x200000a4   Section        4  errno.o(.data)
    _errno                                   0x200000a4   Data           4  errno.o(.data)
    .bss                                     0x200000a8   Section       16  outputdata.o(.bss)
    .bss                                     0x200000b8   Section     1024  u8g2_d_memory.o(.bss)
    buf                                      0x200000b8   Data        1024  u8g2_d_memory.o(.bss)
    .bss                                     0x200004b8   Section       10  main.o(.bss)
    .bss                                     0x200004c4   Section       84  i2c.o(.bss)
    .bss                                     0x20000518   Section      288  tim.o(.bss)
    .bss                                     0x20000638   Section       64  usart.o(.bss)
    STACK                                    0x20000678   Section     1024  startup_stm32f103xb.o(STACK)

    Global Symbols

    Symbol Name                              Value     Ov Type        Size  Object(Section)

    BuildAttributes$$THM_ISAv4$P$D$K$B$S$PE$A:L22UL41UL21$X:L11$S22US41US21$IEEE1$IW$USESV6$~STKCKD$USESV7$~SHL$OTIME$ROPI$IEEEX$EBA8$MICROLIB$REQ8$PRES8$EABIv2 0x00000000   Number         0  anon$$obj.o ABSOLUTE
    __ARM_use_no_argv                        0x00000000   Number         0  main.o ABSOLUTE
    _printf_a                                0x00000000   Number         0  stubs.o ABSOLUTE
    _printf_c                                0x00000000   Number         0  stubs.o ABSOLUTE
    _printf_charcount                        0x00000000   Number         0  stubs.o ABSOLUTE
    _printf_d                                0x00000000   Number         0  stubs.o ABSOLUTE
    _printf_e                                0x00000000   Number         0  stubs.o ABSOLUTE
    _printf_f                                0x00000000   Number         0  stubs.o ABSOLUTE
    _printf_flags                            0x00000000   Number         0  stubs.o ABSOLUTE
    _printf_fp_dec                           0x00000000   Number         0  stubs.o ABSOLUTE
    _printf_fp_hex                           0x00000000   Number         0  stubs.o ABSOLUTE
    _printf_g                                0x00000000   Number         0  stubs.o ABSOLUTE
    _printf_i                                0x00000000   Number         0  stubs.o ABSOLUTE
    _printf_int_dec                          0x00000000   Number         0  stubs.o ABSOLUTE
    _printf_l                                0x00000000   Number         0  stubs.o ABSOLUTE
    _printf_lc                               0x00000000   Number         0  stubs.o ABSOLUTE
    _printf_ll                               0x00000000   Number         0  stubs.o ABSOLUTE
    _printf_lld                              0x00000000   Number         0  stubs.o ABSOLUTE
    _printf_lli                              0x00000000   Number         0  stubs.o ABSOLUTE
    _printf_llo                              0x00000000   Number         0  stubs.o ABSOLUTE
    _printf_llu                              0x00000000   Number         0  stubs.o ABSOLUTE
    _printf_llx                              0x00000000   Number         0  stubs.o ABSOLUTE
    _printf_longlong_dec                     0x00000000   Number         0  stubs.o ABSOLUTE
    _printf_longlong_hex                     0x00000000   Number         0  stubs.o ABSOLUTE
    _printf_longlong_oct                     0x00000000   Number         0  stubs.o ABSOLUTE
    _printf_ls                               0x00000000   Number         0  stubs.o ABSOLUTE
    _printf_mbtowc                           0x00000000   Number         0  stubs.o ABSOLUTE
    _printf_n                                0x00000000   Number         0  stubs.o ABSOLUTE
    _printf_o                                0x00000000   Number         0  stubs.o ABSOLUTE
    _printf_p                                0x00000000   Number         0  stubs.o ABSOLUTE
    _printf_percent                          0x00000000   Number         0  stubs.o ABSOLUTE
    _printf_pre_padding                      0x00000000   Number         0  stubs.o ABSOLUTE
    _printf_return_value                     0x00000000   Number         0  stubs.o ABSOLUTE
    _printf_s                                0x00000000   Number         0  stubs.o ABSOLUTE
    _printf_sizespec                         0x00000000   Number         0  stubs.o ABSOLUTE
    _printf_str                              0x00000000   Number         0  stubs.o ABSOLUTE
    _printf_truncate_signed                  0x00000000   Number         0  stubs.o ABSOLUTE
    _printf_truncate_unsigned                0x00000000   Number         0  stubs.o ABSOLUTE
    _printf_u                                0x00000000   Number         0  stubs.o ABSOLUTE
    _printf_wc                               0x00000000   Number         0  stubs.o ABSOLUTE
    _printf_wctomb                           0x00000000   Number         0  stubs.o ABSOLUTE
    _printf_widthprec                        0x00000000   Number         0  stubs.o ABSOLUTE
    _printf_x                                0x00000000   Number         0  stubs.o ABSOLUTE
    __arm_fini_                               - Undefined Weak Reference
    __cpp_initialize__aeabi_                  - Undefined Weak Reference
    __cxa_finalize                            - Undefined Weak Reference
    __decompress                              - Undefined Weak Reference
    _clock_init                               - Undefined Weak Reference
    _microlib_exit                            - Undefined Weak Reference
    __Vectors_Size                           0x000000ec   Number         0  startup_stm32f103xb.o ABSOLUTE
    __Vectors                                0x08000000   Data           4  startup_stm32f103xb.o(RESET)
    __Vectors_End                            0x080000ec   Data           0  startup_stm32f103xb.o(RESET)
    __main                                   0x080000ed   Thumb Code     0  entry.o(.ARM.Collect$$$$00000000)
    _main_stk                                0x080000ed   Thumb Code     0  entry2.o(.ARM.Collect$$$$00000001)
    _main_scatterload                        0x080000f1   Thumb Code     0  entry5.o(.ARM.Collect$$$$00000004)
    __main_after_scatterload                 0x080000f5   Thumb Code     0  entry5.o(.ARM.Collect$$$$00000004)
    _main_clock                              0x080000f5   Thumb Code     0  entry7b.o(.ARM.Collect$$$$00000008)
    _main_cpp_init                           0x080000f5   Thumb Code     0  entry8b.o(.ARM.Collect$$$$0000000A)
    _main_init                               0x080000f5   Thumb Code     0  entry9a.o(.ARM.Collect$$$$0000000B)
    __rt_lib_shutdown_fini                   0x080000fd   Thumb Code     0  entry12b.o(.ARM.Collect$$$$0000000E)
    __rt_final_cpp                           0x08000101   Thumb Code     0  entry10a.o(.ARM.Collect$$$$0000000F)
    __rt_final_exit                          0x08000101   Thumb Code     0  entry11a.o(.ARM.Collect$$$$00000011)
    Reset_Handler                            0x08000105   Thumb Code     8  startup_stm32f103xb.o(.text)
    ADC1_2_IRQHandler                        0x0800011f   Thumb Code     0  startup_stm32f103xb.o(.text)
    CAN1_RX1_IRQHandler                      0x0800011f   Thumb Code     0  startup_stm32f103xb.o(.text)
    CAN1_SCE_IRQHandler                      0x0800011f   Thumb Code     0  startup_stm32f103xb.o(.text)
    DMA1_Channel1_IRQHandler                 0x0800011f   Thumb Code     0  startup_stm32f103xb.o(.text)
    DMA1_Channel2_IRQHandler                 0x0800011f   Thumb Code     0  startup_stm32f103xb.o(.text)
    DMA1_Channel3_IRQHandler                 0x0800011f   Thumb Code     0  startup_stm32f103xb.o(.text)
    DMA1_Channel4_IRQHandler                 0x0800011f   Thumb Code     0  startup_stm32f103xb.o(.text)
    DMA1_Channel5_IRQHandler                 0x0800011f   Thumb Code     0  startup_stm32f103xb.o(.text)
    DMA1_Channel6_IRQHandler                 0x0800011f   Thumb Code     0  startup_stm32f103xb.o(.text)
    DMA1_Channel7_IRQHandler                 0x0800011f   Thumb Code     0  startup_stm32f103xb.o(.text)
    EXTI0_IRQHandler                         0x0800011f   Thumb Code     0  startup_stm32f103xb.o(.text)
    EXTI15_10_IRQHandler                     0x0800011f   Thumb Code     0  startup_stm32f103xb.o(.text)
    EXTI1_IRQHandler                         0x0800011f   Thumb Code     0  startup_stm32f103xb.o(.text)
    EXTI2_IRQHandler                         0x0800011f   Thumb Code     0  startup_stm32f103xb.o(.text)
    EXTI3_IRQHandler                         0x0800011f   Thumb Code     0  startup_stm32f103xb.o(.text)
    EXTI4_IRQHandler                         0x0800011f   Thumb Code     0  startup_stm32f103xb.o(.text)
    EXTI9_5_IRQHandler                       0x0800011f   Thumb Code     0  startup_stm32f103xb.o(.text)
    FLASH_IRQHandler                         0x0800011f   Thumb Code     0  startup_stm32f103xb.o(.text)
    I2C1_ER_IRQHandler                       0x0800011f   Thumb Code     0  startup_stm32f103xb.o(.text)
    I2C1_EV_IRQHandler                       0x0800011f   Thumb Code     0  startup_stm32f103xb.o(.text)
    I2C2_ER_IRQHandler                       0x0800011f   Thumb Code     0  startup_stm32f103xb.o(.text)
    I2C2_EV_IRQHandler                       0x0800011f   Thumb Code     0  startup_stm32f103xb.o(.text)
    PVD_IRQHandler                           0x0800011f   Thumb Code     0  startup_stm32f103xb.o(.text)
    RCC_IRQHandler                           0x0800011f   Thumb Code     0  startup_stm32f103xb.o(.text)
    RTC_Alarm_IRQHandler                     0x0800011f   Thumb Code     0  startup_stm32f103xb.o(.text)
    RTC_IRQHandler                           0x0800011f   Thumb Code     0  startup_stm32f103xb.o(.text)
    SPI1_IRQHandler                          0x0800011f   Thumb Code     0  startup_stm32f103xb.o(.text)
    SPI2_IRQHandler                          0x0800011f   Thumb Code     0  startup_stm32f103xb.o(.text)
    TAMPER_IRQHandler                        0x0800011f   Thumb Code     0  startup_stm32f103xb.o(.text)
    TIM1_BRK_IRQHandler                      0x0800011f   Thumb Code     0  startup_stm32f103xb.o(.text)
    TIM1_TRG_COM_IRQHandler                  0x0800011f   Thumb Code     0  startup_stm32f103xb.o(.text)
    TIM2_IRQHandler                          0x0800011f   Thumb Code     0  startup_stm32f103xb.o(.text)
    TIM3_IRQHandler                          0x0800011f   Thumb Code     0  startup_stm32f103xb.o(.text)
    TIM4_IRQHandler                          0x0800011f   Thumb Code     0  startup_stm32f103xb.o(.text)
    USART2_IRQHandler                        0x0800011f   Thumb Code     0  startup_stm32f103xb.o(.text)
    USART3_IRQHandler                        0x0800011f   Thumb Code     0  startup_stm32f103xb.o(.text)
    USBWakeUp_IRQHandler                     0x0800011f   Thumb Code     0  startup_stm32f103xb.o(.text)
    USB_HP_CAN1_TX_IRQHandler                0x0800011f   Thumb Code     0  startup_stm32f103xb.o(.text)
    USB_LP_CAN1_RX0_IRQHandler               0x0800011f   Thumb Code     0  startup_stm32f103xb.o(.text)
    WWDG_IRQHandler                          0x0800011f   Thumb Code     0  startup_stm32f103xb.o(.text)
    __aeabi_llsr                             0x08000129   Thumb Code    32  llushr.o(.text)
    _ll_ushift_r                             0x08000129   Thumb Code     0  llushr.o(.text)
    __aeabi_memset                           0x08000149   Thumb Code    14  memseta.o(.text)
    __aeabi_memset4                          0x08000149   Thumb Code     0  memseta.o(.text)
    __aeabi_memset8                          0x08000149   Thumb Code     0  memseta.o(.text)
    __aeabi_memclr                           0x08000157   Thumb Code     4  memseta.o(.text)
    __aeabi_memclr4                          0x08000157   Thumb Code     0  memseta.o(.text)
    __aeabi_memclr8                          0x08000157   Thumb Code     0  memseta.o(.text)
    _memset$wrapper                          0x0800015b   Thumb Code    18  memseta.o(.text)
    __aeabi_fadd                             0x0800016d   Thumb Code   164  fadd.o(.text)
    __aeabi_fsub                             0x08000211   Thumb Code     6  fadd.o(.text)
    __aeabi_frsub                            0x08000217   Thumb Code     6  fadd.o(.text)
    __aeabi_fmul                             0x0800021d   Thumb Code   100  fmul.o(.text)
    __aeabi_fdiv                             0x08000281   Thumb Code   124  fdiv.o(.text)
    __aeabi_dadd                             0x080002fd   Thumb Code   322  dadd.o(.text)
    __aeabi_dsub                             0x0800043f   Thumb Code     6  dadd.o(.text)
    __aeabi_drsub                            0x08000445   Thumb Code     6  dadd.o(.text)
    __aeabi_dmul                             0x0800044b   Thumb Code   228  dmul.o(.text)
    __aeabi_ddiv                             0x0800052f   Thumb Code   222  ddiv.o(.text)
    __ARM_scalbn                             0x0800060d   Thumb Code    46  dscalb.o(.text)
    scalbn                                   0x0800060d   Thumb Code     0  dscalb.o(.text)
    __aeabi_i2f                              0x0800063b   Thumb Code    18  fflti.o(.text)
    __aeabi_i2d                              0x0800064d   Thumb Code    34  dflti.o(.text)
    __aeabi_f2iz                             0x0800066f   Thumb Code    50  ffixi.o(.text)
    __aeabi_f2d                              0x080006a1   Thumb Code    38  f2d.o(.text)
    __aeabi_d2f                              0x080006c7   Thumb Code    56  d2f.o(.text)
    __aeabi_uidiv                            0x080006ff   Thumb Code     0  uidiv.o(.text)
    __aeabi_uidivmod                         0x080006ff   Thumb Code    44  uidiv.o(.text)
    __aeabi_uldivmod                         0x0800072b   Thumb Code    98  uldiv.o(.text)
    __aeabi_llsl                             0x0800078d   Thumb Code    30  llshl.o(.text)
    _ll_shift_l                              0x0800078d   Thumb Code     0  llshl.o(.text)
    __aeabi_lasr                             0x080007ab   Thumb Code    36  llsshr.o(.text)
    _ll_sshift_r                             0x080007ab   Thumb Code     0  llsshr.o(.text)
    __I$use$fp                               0x080007cf   Thumb Code     0  iusefp.o(.text)
    _float_round                             0x080007cf   Thumb Code    18  fepilogue.o(.text)
    _float_epilogue                          0x080007e1   Thumb Code    92  fepilogue.o(.text)
    _double_round                            0x0800083d   Thumb Code    30  depilogue.o(.text)
    _double_epilogue                         0x0800085b   Thumb Code   156  depilogue.o(.text)
    __aeabi_d2ulz                            0x080008f7   Thumb Code    48  dfixul.o(.text)
    __aeabi_cdcmpeq                          0x08000929   Thumb Code     0  cdcmple.o(.text)
    __aeabi_cdcmple                          0x08000929   Thumb Code    48  cdcmple.o(.text)
    __aeabi_cdrcmple                         0x08000959   Thumb Code    48  cdrcmple.o(.text)
    __scatterload                            0x08000989   Thumb Code    28  init.o(.text)
    __scatterload_rt2                        0x08000989   Thumb Code     0  init.o(.text)
    AngleCalculate                           0x080009ad   Thumb Code   176  control.o(i.AngleCalculate)
    AngleControl                             0x08000a75   Thumb Code    38  control.o(i.AngleControl)
    BusFault_Handler                         0x08000aa9   Thumb Code     2  stm32f1xx_it.o(i.BusFault_Handler)
    ButtonScan                               0x08000aad   Thumb Code    52  button.o(i.ButtonScan)
    ComplementaryFilter                      0x08000ae9   Thumb Code    58  filter.o(i.ComplementaryFilter)
    DebugMon_Handler                         0x08000b31   Thumb Code     2  stm32f1xx_it.o(i.DebugMon_Handler)
    Error_Handler                            0x08000b33   Thumb Code     4  main.o(i.Error_Handler)
    GetMPUData                               0x08000b39   Thumb Code    28  control.o(i.GetMPUData)
    GetMotorPulse                            0x08000b59   Thumb Code    46  control.o(i.GetMotorPulse)
    HAL_DMA_Abort_IT                         0x08000b95   Thumb Code   148  stm32f1xx_hal_dma.o(i.HAL_DMA_Abort_IT)
    HAL_Delay                                0x08000c2d   Thumb Code    32  stm32f1xx_hal.o(i.HAL_Delay)
    HAL_GPIO_Init                            0x08000c51   Thumb Code   446  stm32f1xx_hal_gpio.o(i.HAL_GPIO_Init)
    HAL_GPIO_ReadPin                         0x08000e31   Thumb Code    10  stm32f1xx_hal_gpio.o(i.HAL_GPIO_ReadPin)
    HAL_GPIO_WritePin                        0x08000e3b   Thumb Code    10  stm32f1xx_hal_gpio.o(i.HAL_GPIO_WritePin)
    HAL_GetTick                              0x08000e45   Thumb Code     6  stm32f1xx_hal.o(i.HAL_GetTick)
    HAL_I2C_Init                             0x08000e51   Thumb Code   376  stm32f1xx_hal_i2c.o(i.HAL_I2C_Init)
    HAL_I2C_Mem_Read                         0x08000fd9   Thumb Code   574  stm32f1xx_hal_i2c.o(i.HAL_I2C_Mem_Read)
    HAL_I2C_Mem_Write                        0x08001229   Thumb Code   294  stm32f1xx_hal_i2c.o(i.HAL_I2C_Mem_Write)
    HAL_I2C_MspInit                          0x08001359   Thumb Code    96  i2c.o(i.HAL_I2C_MspInit)
    HAL_IncTick                              0x080013c9   Thumb Code    12  stm32f1xx_hal.o(i.HAL_IncTick)
    HAL_Init                                 0x080013d9   Thumb Code    32  stm32f1xx_hal.o(i.HAL_Init)
    HAL_InitTick                             0x080013fd   Thumb Code    54  stm32f1xx_hal.o(i.HAL_InitTick)
    HAL_MspInit                              0x0800143d   Thumb Code    52  stm32f1xx_hal_msp.o(i.HAL_MspInit)
    HAL_NVIC_EnableIRQ                       0x08001479   Thumb Code    26  stm32f1xx_hal_cortex.o(i.HAL_NVIC_EnableIRQ)
    HAL_NVIC_SetPriority                     0x08001495   Thumb Code    60  stm32f1xx_hal_cortex.o(i.HAL_NVIC_SetPriority)
    HAL_NVIC_SetPriorityGrouping             0x080014d5   Thumb Code    26  stm32f1xx_hal_cortex.o(i.HAL_NVIC_SetPriorityGrouping)
    HAL_RCC_ClockConfig                      0x080014f9   Thumb Code   280  stm32f1xx_hal_rcc.o(i.HAL_RCC_ClockConfig)
    HAL_RCC_GetPCLK1Freq                     0x08001625   Thumb Code    20  stm32f1xx_hal_rcc.o(i.HAL_RCC_GetPCLK1Freq)
    HAL_RCC_GetPCLK2Freq                     0x08001645   Thumb Code    20  stm32f1xx_hal_rcc.o(i.HAL_RCC_GetPCLK2Freq)
    HAL_RCC_GetSysClockFreq                  0x08001665   Thumb Code    74  stm32f1xx_hal_rcc.o(i.HAL_RCC_GetSysClockFreq)
    HAL_RCC_OscConfig                        0x080016d1   Thumb Code   778  stm32f1xx_hal_rcc.o(i.HAL_RCC_OscConfig)
    HAL_SYSTICK_Callback                     0x080019f1   Thumb Code     2  stm32f1xx_hal_cortex.o(i.HAL_SYSTICK_Callback)
    HAL_SYSTICK_Config                       0x080019f3   Thumb Code    40  stm32f1xx_hal_cortex.o(i.HAL_SYSTICK_Config)
    HAL_SYSTICK_IRQHandler                   0x08001a1b   Thumb Code     8  stm32f1xx_hal_cortex.o(i.HAL_SYSTICK_IRQHandler)
    HAL_TIMEx_BreakCallback                  0x08001a23   Thumb Code     2  stm32f1xx_hal_tim_ex.o(i.HAL_TIMEx_BreakCallback)
    HAL_TIMEx_CommutCallback                 0x08001a25   Thumb Code     2  stm32f1xx_hal_tim_ex.o(i.HAL_TIMEx_CommutCallback)
    HAL_TIMEx_MasterConfigSynchronization    0x08001a29   Thumb Code    92  stm32f1xx_hal_tim_ex.o(i.HAL_TIMEx_MasterConfigSynchronization)
    HAL_TIM_Encoder_Init                     0x08001a91   Thumb Code   164  stm32f1xx_hal_tim.o(i.HAL_TIM_Encoder_Init)
    HAL_TIM_Encoder_MspInit                  0x08001b35   Thumb Code   122  tim.o(i.HAL_TIM_Encoder_MspInit)
    HAL_TIM_Encoder_Start                    0x08001bc1   Thumb Code   142  stm32f1xx_hal_tim.o(i.HAL_TIM_Encoder_Start)
    HAL_TIM_IC_CaptureCallback               0x08001c51   Thumb Code   128  stm32f1xx_it.o(i.HAL_TIM_IC_CaptureCallback)
    HAL_TIM_IC_ConfigChannel                 0x08001cdd   Thumb Code   270  stm32f1xx_hal_tim.o(i.HAL_TIM_IC_ConfigChannel)
    HAL_TIM_IC_Init                          0x08001deb   Thumb Code    90  stm32f1xx_hal_tim.o(i.HAL_TIM_IC_Init)
    HAL_TIM_IC_MspInit                       0x08001e45   Thumb Code   106  tim.o(i.HAL_TIM_IC_MspInit)
    HAL_TIM_IC_Start_IT                      0x08001ebd   Thumb Code   212  stm32f1xx_hal_tim.o(i.HAL_TIM_IC_Start_IT)
    HAL_TIM_IRQHandler                       0x08001f9d   Thumb Code   358  stm32f1xx_hal_tim.o(i.HAL_TIM_IRQHandler)
    HAL_TIM_MspPostInit                      0x08002105   Thumb Code    62  tim.o(i.HAL_TIM_MspPostInit)
    HAL_TIM_OC_DelayElapsedCallback          0x08002151   Thumb Code     2  stm32f1xx_hal_tim.o(i.HAL_TIM_OC_DelayElapsedCallback)
    HAL_TIM_PWM_ConfigChannel                0x08002153   Thumb Code   198  stm32f1xx_hal_tim.o(i.HAL_TIM_PWM_ConfigChannel)
    HAL_TIM_PWM_Init                         0x08002219   Thumb Code    90  stm32f1xx_hal_tim.o(i.HAL_TIM_PWM_Init)
    HAL_TIM_PWM_MspInit                      0x08002275   Thumb Code    30  tim.o(i.HAL_TIM_PWM_MspInit)
    HAL_TIM_PWM_PulseFinishedCallback        0x0800229d   Thumb Code     2  stm32f1xx_hal_tim.o(i.HAL_TIM_PWM_PulseFinishedCallback)
    HAL_TIM_PWM_Start                        0x080022a1   Thumb Code   144  stm32f1xx_hal_tim.o(i.HAL_TIM_PWM_Start)
    HAL_TIM_PeriodElapsedCallback            0x0800233d   Thumb Code    44  stm32f1xx_it.o(i.HAL_TIM_PeriodElapsedCallback)
    HAL_TIM_ReadCapturedValue                0x08002375   Thumb Code    42  stm32f1xx_hal_tim.o(i.HAL_TIM_ReadCapturedValue)
    HAL_TIM_TriggerCallback                  0x0800239f   Thumb Code     2  stm32f1xx_hal_tim.o(i.HAL_TIM_TriggerCallback)
    HAL_UART_ErrorCallback                   0x080023a1   Thumb Code     2  stm32f1xx_hal_uart.o(i.HAL_UART_ErrorCallback)
    HAL_UART_IRQHandler                      0x080023a5   Thumb Code   344  stm32f1xx_hal_uart.o(i.HAL_UART_IRQHandler)
    HAL_UART_Init                            0x08002501   Thumb Code    98  stm32f1xx_hal_uart.o(i.HAL_UART_Init)
    HAL_UART_MspInit                         0x08002565   Thumb Code   116  usart.o(i.HAL_UART_MspInit)
    HAL_UART_RxCpltCallback                  0x080025e5   Thumb Code     2  stm32f1xx_hal_uart.o(i.HAL_UART_RxCpltCallback)
    HAL_UART_TxCpltCallback                  0x080025e7   Thumb Code     2  stm32f1xx_hal_uart.o(i.HAL_UART_TxCpltCallback)
    HardFault_Handler                        0x080025e9   Thumb Code     2  stm32f1xx_it.o(i.HardFault_Handler)
    MPU_Get_Accelerometer                    0x080029b9   Thumb Code    48  mpu6050.o(i.MPU_Get_Accelerometer)
    MPU_Get_Gyroscope                        0x080029e9   Thumb Code    48  mpu6050.o(i.MPU_Get_Gyroscope)
    MPU_Init                                 0x08002a19   Thumb Code   114  mpu6050.o(i.MPU_Init)
    MPU_Read_Byte                            0x08002a91   Thumb Code    46  mpu6050.o(i.MPU_Read_Byte)
    MPU_Read_Len                             0x08002ac5   Thumb Code    28  mpu6050.o(i.MPU_Read_Len)
    MPU_Set_Accel_Fsr                        0x08002ae5   Thumb Code    10  mpu6050.o(i.MPU_Set_Accel_Fsr)
    MPU_Set_Gyro_Fsr                         0x08002aef   Thumb Code    10  mpu6050.o(i.MPU_Set_Gyro_Fsr)
    MPU_Set_LPF                              0x08002af9   Thumb Code    48  mpu6050.o(i.MPU_Set_LPF)
    MPU_Set_Rate                             0x08002b29   Thumb Code    46  mpu6050.o(i.MPU_Set_Rate)
    MPU_Write_Byte                           0x08002b59   Thumb Code    42  mpu6050.o(i.MPU_Write_Byte)
    MX_GPIO_Init                             0x08002b89   Thumb Code   244  gpio.o(i.MX_GPIO_Init)
    MX_I2C1_Init                             0x08002c8d   Thumb Code    50  i2c.o(i.MX_I2C1_Init)
    MX_TIM1_Init                             0x08002ccd   Thumb Code   102  tim.o(i.MX_TIM1_Init)
    MX_TIM2_Init                             0x08002d3d   Thumb Code   100  tim.o(i.MX_TIM2_Init)
    MX_TIM3_Init                             0x08002da5   Thumb Code   122  tim.o(i.MX_TIM3_Init)
    MX_TIM4_Init                             0x08002e29   Thumb Code    98  tim.o(i.MX_TIM4_Init)
    MX_USART1_UART_Init                      0x08002e95   Thumb Code    48  usart.o(i.MX_USART1_UART_Init)
    MemManage_Handler                        0x08002ecd   Thumb Code     2  stm32f1xx_it.o(i.MemManage_Handler)
    MotorOutput                              0x08002ed1   Thumb Code    98  control.o(i.MotorOutput)
    NMI_Handler                              0x08002f45   Thumb Code     2  stm32f1xx_it.o(i.NMI_Handler)
    OLED_Init                                0x08002f49   Thumb Code   128  oled.o(i.OLED_Init)
    PendSV_Handler                           0x08002fd5   Thumb Code     2  stm32f1xx_it.o(i.PendSV_Handler)
    ReadDistance                             0x08002fd9   Thumb Code    66  ultrasonic.o(i.ReadDistance)
    SVC_Handler                              0x08003025   Thumb Code     2  stm32f1xx_it.o(i.SVC_Handler)
    SecTask                                  0x08003029   Thumb Code    16  main.o(i.SecTask)
    SetMotorVoltageAndDirection              0x0800303d   Thumb Code   128  control.o(i.SetMotorVoltageAndDirection)
    SoftTimerCountDown                       0x080030c9   Thumb Code    26  main.o(i.SoftTimerCountDown)
    SpeedControl                             0x080030e9   Thumb Code   164  control.o(i.SpeedControl)
    SpeedControlOutput                       0x080031a9   Thumb Code    46  control.o(i.SpeedControlOutput)
    SysTick_Handler                          0x080031e1   Thumb Code   118  stm32f1xx_it.o(i.SysTick_Handler)
    SystemClock_Config                       0x08003265   Thumb Code    94  main.o(i.SystemClock_Config)
    SystemInit                               0x080032c3   Thumb Code     2  system_stm32f1xx_1.o(i.SystemInit)
    TIM1_CC_IRQHandler                       0x080032c5   Thumb Code     6  stm32f1xx_it.o(i.TIM1_CC_IRQHandler)
    TIM1_UP_IRQHandler                       0x080032d1   Thumb Code     6  stm32f1xx_it.o(i.TIM1_UP_IRQHandler)
    TIM_Base_SetConfig                       0x080032dd   Thumb Code    94  stm32f1xx_hal_tim.o(i.TIM_Base_SetConfig)
    TIM_CCxChannelCmd                        0x08003349   Thumb Code    26  stm32f1xx_hal_tim.o(i.TIM_CCxChannelCmd)
    TIM_OC2_SetConfig                        0x080033b5   Thumb Code    84  stm32f1xx_hal_tim.o(i.TIM_OC2_SetConfig)
    TIM_TI1_SetConfig                        0x080034a9   Thumb Code    76  stm32f1xx_hal_tim.o(i.TIM_TI1_SetConfig)
    USART1_IRQHandler                        0x080036a9   Thumb Code     6  stm32f1xx_it.o(i.USART1_IRQHandler)
    UsageFault_Handler                       0x080036b5   Thumb Code     2  stm32f1xx_it.o(i.UsageFault_Handler)
    __0sprintf                               0x080036b9   Thumb Code    34  printfa.o(i.__0sprintf)
    __1sprintf                               0x080036b9   Thumb Code     0  printfa.o(i.__0sprintf)
    __2sprintf                               0x080036b9   Thumb Code     0  printfa.o(i.__0sprintf)
    __c89sprintf                             0x080036b9   Thumb Code     0  printfa.o(i.__0sprintf)
    sprintf                                  0x080036b9   Thumb Code     0  printfa.o(i.__0sprintf)
    __ARM_fpclassify                         0x080036e1   Thumb Code    40  fpclassify.o(i.__ARM_fpclassify)
    __kernel_poly                            0x08003729   Thumb Code   170  poly.o(i.__kernel_poly)
    __mathlib_dbl_infnan                     0x080037d3   Thumb Code     6  dunder.o(i.__mathlib_dbl_infnan)
    __mathlib_dbl_infnan2                    0x080037d9   Thumb Code     4  dunder.o(i.__mathlib_dbl_infnan2)
    __mathlib_dbl_underflow                  0x080037dd   Thumb Code    10  dunder.o(i.__mathlib_dbl_underflow)
    __scatterload_copy                       0x080037ed   Thumb Code    14  handlers.o(i.__scatterload_copy)
    __scatterload_null                       0x080037fb   Thumb Code     2  handlers.o(i.__scatterload_null)
    __scatterload_zeroinit                   0x080037fd   Thumb Code    14  handlers.o(i.__scatterload_zeroinit)
    __set_errno                              0x0800380d   Thumb Code     6  errno.o(i.__set_errno)
    atan                                     0x080040ad   Thumb Code   474  atan.o(i.atan)
    atan2                                    0x080042cd   Thumb Code   374  atan2.o(i.atan2)
    main                                     0x08004469   Thumb Code   272  main.o(i.main)
    u8g2_ClearBuffer                         0x080045d5   Thumb Code    18  u8g2_buffer.o(i.u8g2_ClearBuffer)
    u8g2_DrawGlyph                           0x080045e7   Thumb Code   112  u8g2_font.o(i.u8g2_DrawGlyph)
    u8g2_DrawHVLine                          0x08004659   Thumb Code   172  u8g2_hvline.o(i.u8g2_DrawHVLine)
    u8g2_DrawStr                             0x08004705   Thumb Code    12  u8g2_font.o(i.u8g2_DrawStr)
    u8g2_IsIntersection                      0x08004715   Thumb Code    48  u8g2_intersection.o(i.u8g2_IsIntersection)
    u8g2_SendBuffer                          0x08004745   Thumb Code    18  u8g2_buffer.o(i.u8g2_SendBuffer)
    u8g2_SetFont                             0x08004757   Thumb Code    32  u8g2_font.o(i.u8g2_SetFont)
    u8g2_SetFontPosBaseline                  0x08004779   Thumb Code     6  u8g2_font.o(i.u8g2_SetFontPosBaseline)
    u8g2_SetMaxClipWindow                    0x08004785   Thumb Code    28  u8g2_setup.o(i.u8g2_SetMaxClipWindow)
    u8g2_SetupBuffer                         0x080047a1   Thumb Code    66  u8g2_setup.o(i.u8g2_SetupBuffer)
    u8g2_Setup_ssd1306_128x64_noname_f       0x080047e5   Thumb Code    42  u8g2_d_setup.o(i.u8g2_Setup_ssd1306_128x64_noname_f)
    u8g2_UpdateRefHeight                     0x0800481d   Thumb Code    82  u8g2_font.o(i.u8g2_UpdateRefHeight)
    u8g2_add_vector_x                        0x0800486f   Thumb Code    28  u8g2_font.o(i.u8g2_add_vector_x)
    u8g2_add_vector_y                        0x0800488b   Thumb Code    28  u8g2_font.o(i.u8g2_add_vector_y)
    u8g2_draw_hv_line_2dir                   0x08004951   Thumb Code    18  u8g2_hvline.o(i.u8g2_draw_hv_line_2dir)
    u8g2_draw_l90_r0                         0x08004963   Thumb Code    12  u8g2_setup.o(i.u8g2_draw_l90_r0)
    u8g2_font_calc_vref_font                 0x080049e5   Thumb Code     4  u8g2_font.o(i.u8g2_font_calc_vref_font)
    u8g2_font_decode_get_signed_bits         0x080049e9   Thumb Code    20  u8g2_font.o(i.u8g2_font_decode_get_signed_bits)
    u8g2_font_decode_get_unsigned_bits       0x080049fd   Thumb Code    52  u8g2_font.o(i.u8g2_font_decode_get_unsigned_bits)
    u8g2_font_decode_glyph                   0x08004a31   Thumb Code   276  u8g2_font.o(i.u8g2_font_decode_glyph)
    u8g2_font_decode_len                     0x08004b45   Thumb Code   140  u8g2_font.o(i.u8g2_font_decode_len)
    u8g2_font_get_glyph_data                 0x08004bd1   Thumb Code   114  u8g2_font.o(i.u8g2_font_get_glyph_data)
    u8g2_is_intersection_decision_tree       0x08004c8b   Thumb Code    24  u8g2_intersection.o(i.u8g2_is_intersection_decision_tree)
    u8g2_ll_hvline_vertical_top_lsb          0x08004ca5   Thumb Code   144  u8g2_ll_hvline.o(i.u8g2_ll_hvline_vertical_top_lsb)
    u8g2_m_16_8_f                            0x08004d35   Thumb Code     8  u8g2_d_memory.o(i.u8g2_m_16_8_f)
    u8g2_read_font_info                      0x08004d41   Thumb Code   106  u8g2_font.o(i.u8g2_read_font_info)
    u8g2_update_dimension_r0                 0x08004e3f   Thumb Code     4  u8g2_setup.o(i.u8g2_update_dimension_r0)
    u8g2_update_page_win_r0                  0x08004e43   Thumb Code    34  u8g2_setup.o(i.u8g2_update_page_win_r0)
    u8x8_DrawTile                            0x08004e65   Thumb Code    30  u8x8_display.o(i.u8x8_DrawTile)
    u8x8_InitDisplay                         0x08004e83   Thumb Code    16  u8x8_display.o(i.u8x8_InitDisplay)
    u8x8_RefreshDisplay                      0x08004e93   Thumb Code    16  u8x8_display.o(i.u8x8_RefreshDisplay)
    u8x8_SetPowerSave                        0x08004ea3   Thumb Code    16  u8x8_display.o(i.u8x8_SetPowerSave)
    u8x8_Setup                               0x08004eb3   Thumb Code    34  u8x8_setup.o(i.u8x8_Setup)
    u8x8_SetupDefaults                       0x08004ed5   Thumb Code    32  u8x8_setup.o(i.u8x8_SetupDefaults)
    u8x8_SetupMemory                         0x08004ef9   Thumb Code    16  u8x8_display.o(i.u8x8_SetupMemory)
    u8x8_ascii_next                          0x08004f09   Thumb Code    14  u8x8_8x8.o(i.u8x8_ascii_next)
    u8x8_byte_4wire_sw_spi                   0x08004f19   Thumb Code   234  u8x8_byte.o(i.u8x8_byte_4wire_sw_spi)
    u8x8_byte_SendByte                       0x08005003   Thumb Code    14  u8x8_byte.o(i.u8x8_byte_SendByte)
    u8x8_byte_SetDC                          0x08005011   Thumb Code    16  u8x8_byte.o(i.u8x8_byte_SetDC)
    u8x8_cad_001                             0x08005021   Thumb Code    82  u8x8_cad.o(i.u8x8_cad_001)
    u8x8_cad_EndTransfer                     0x08005073   Thumb Code    16  u8x8_cad.o(i.u8x8_cad_EndTransfer)
    u8x8_cad_SendArg                         0x08005083   Thumb Code    16  u8x8_cad.o(i.u8x8_cad_SendArg)
    u8x8_cad_SendCmd                         0x08005093   Thumb Code    16  u8x8_cad.o(i.u8x8_cad_SendCmd)
    u8x8_cad_SendData                        0x080050a3   Thumb Code    16  u8x8_cad.o(i.u8x8_cad_SendData)
    u8x8_cad_SendSequence                    0x080050b5   Thumb Code   104  u8x8_cad.o(i.u8x8_cad_SendSequence)
    u8x8_cad_StartTransfer                   0x0800511d   Thumb Code    16  u8x8_cad.o(i.u8x8_cad_StartTransfer)
    u8x8_d_helper_display_init               0x0800512d   Thumb Code    96  u8x8_display.o(i.u8x8_d_helper_display_init)
    u8x8_d_helper_display_setup_memory       0x0800518d   Thumb Code    10  u8x8_display.o(i.u8x8_d_helper_display_setup_memory)
    u8x8_d_ssd1306_128x64_noname             0x08005199   Thumb Code    54  u8x8_d_ssd1306_128x64_noname.o(i.u8x8_d_ssd1306_128x64_noname)
    u8x8_dummy_cb                            0x0800529d   Thumb Code     4  u8x8_setup.o(i.u8x8_dummy_cb)
    u8x8_gpio_call                           0x080052a1   Thumb Code    12  u8x8_gpio.o(i.u8x8_gpio_call)
    u8x8_stm32_gpio_and_delay                0x080052ad   Thumb Code   104  oled.o(i.u8x8_stm32_gpio_and_delay)
    u8x8_utf8_init                           0x0800531d   Thumb Code     8  u8x8_8x8.o(i.u8x8_utf8_init)
    u8g2_font_6x12_mr                        0x08005324   Data        1193  u8g2_fonts.o(.constdata)
    u8g2_cb_r0                               0x080057d0   Data          12  u8g2_setup.o(.constdata)
    AHBPrescTable                            0x080058f0   Data          16  system_stm32f1xx_1.o(.constdata)
    APBPrescTable                            0x08005900   Data           8  system_stm32f1xx_1.o(.constdata)
    __mathlib_zero                           0x080059a0   Data           8  qnan.o(.constdata)
    Region$$Table$$Base                      0x080059a8   Number         0  anon$$obj.o(Region$$Table)
    Region$$Table$$Limit                     0x080059c8   Number         0  anon$$obj.o(Region$$Table)
    iButtonCount                             0x20000000   Data           4  button.o(.data)
    iButtonFlag                              0x20000004   Data           4  button.o(.data)
    g_iButtonState                           0x20000008   Data           4  button.o(.data)
    angle                                    0x2000000c   Data           4  filter.o(.data)
    a                                        0x20000010   Data           4  filter.o(.data)
    x_nAcc                                   0x20000014   Data           2  control.o(.data)
    y_nAcc                                   0x20000016   Data           2  control.o(.data)
    z_nAcc                                   0x20000018   Data           2  control.o(.data)
    x_nGyro                                  0x2000001a   Data           2  control.o(.data)
    y_nGyro                                  0x2000001c   Data           2  control.o(.data)
    z_nGyro                                  0x2000001e   Data           2  control.o(.data)
    g_fCarAngleOffset                        0x20000020   Data           4  control.o(.data)
    dt                                       0x20000024   Data           4  control.o(.data)
    x_fAcc                                   0x20000028   Data           4  control.o(.data)
    y_fAcc                                   0x2000002c   Data           4  control.o(.data)
    z_fAcc                                   0x20000030   Data           4  control.o(.data)
    g_fAccAngle                              0x20000034   Data           4  control.o(.data)
    g_fGyroAngleSpeed                        0x20000038   Data           4  control.o(.data)
    g_fCarAngle                              0x2000003c   Data           4  control.o(.data)
    g_nLeftMotorPulse                        0x20000040   Data           4  control.o(.data)
    g_nRightMotorPulse                       0x20000044   Data           4  control.o(.data)
    nPwmBais                                 0x20000048   Data           4  control.o(.data)
    g_fLeftMotorOut                          0x2000004c   Data           4  control.o(.data)
    g_fRightMotorOut                         0x20000050   Data           4  control.o(.data)
    g_fAngleControlOut                       0x20000054   Data           4  control.o(.data)
    g_fCarSpeed                              0x20000058   Data           4  control.o(.data)
    g_fCarSpeedPrev                          0x2000005c   Data           4  control.o(.data)
    g_fCarPosition                           0x20000060   Data           4  control.o(.data)
    g_lLeftMotorPulseSigma                   0x20000064   Data           4  control.o(.data)
    g_lRightMotorPulseSigma                  0x20000068   Data           4  control.o(.data)
    g_fSpeedControlOut                       0x2000006c   Data           4  control.o(.data)
    g_fSpeedControlOutNew                    0x20000070   Data           4  control.o(.data)
    g_fSpeedControlOutOld                    0x20000074   Data           4  control.o(.data)
    g_nSpeedControlPeriod                    0x20000078   Data           4  control.o(.data)
    g_nMainEventCount                        0x2000007c   Data           4  control.o(.data)
    g_nSpeedControlCount                     0x20000080   Data           4  control.o(.data)
    Distance                                 0x20000084   Data           4  ultrasonic.o(.data)
    UltraError                               0x20000088   Data           4  ultrasonic.o(.data)
    TIM1CH4_CAPTURE_STA                      0x2000008c   Data           4  ultrasonic.o(.data)
    TIM1CH4_CAPTURE_VAL                      0x20000090   Data           4  ultrasonic.o(.data)
    uwTickFreq                               0x20000094   Data           1  stm32f1xx_hal.o(.data)
    uwTickPrio                               0x20000098   Data           4  stm32f1xx_hal.o(.data)
    uwTick                                   0x2000009c   Data           4  stm32f1xx_hal.o(.data)
    SystemCoreClock                          0x200000a0   Data           4  system_stm32f1xx_1.o(.data)
    OutData                                  0x200000a8   Data          16  outputdata.o(.bss)
    SoftTimer                                0x200004b8   Data          10  main.o(.bss)
    hi2c1                                    0x200004c4   Data          84  i2c.o(.bss)
    htim1                                    0x20000518   Data          72  tim.o(.bss)
    htim2                                    0x20000560   Data          72  tim.o(.bss)
    htim3                                    0x200005a8   Data          72  tim.o(.bss)
    htim4                                    0x200005f0   Data          72  tim.o(.bss)
    huart1                                   0x20000638   Data          64  usart.o(.bss)
    __initial_sp                             0x20000a78   Data           0  startup_stm32f103xb.o(STACK)



==============================================================================

Memory Map of the image

  Image Entry point : 0x080000ed

  Load Region LR_IROM1 (Base: 0x08000000, Size: 0x00005a70, Max: 0x00010000, ABSOLUTE)

    Execution Region ER_IROM1 (Exec base: 0x08000000, Load base: 0x08000000, Size: 0x000059c8, Max: 0x00010000, ABSOLUTE)

    Exec Addr    Load Addr    Size         Type   Attr      Idx    E Section Name        Object

    0x08000000   0x08000000   0x000000ec   Data   RO            3    RESET               startup_stm32f103xb.o
    0x080000ec   0x080000ec   0x00000000   Code   RO         7381  * .ARM.Collect$$$$00000000  mc_w.l(entry.o)
    0x080000ec   0x080000ec   0x00000004   Code   RO         7698    .ARM.Collect$$$$00000001  mc_w.l(entry2.o)
    0x080000f0   0x080000f0   0x00000004   Code   RO         7701    .ARM.Collect$$$$00000004  mc_w.l(entry5.o)
    0x080000f4   0x080000f4   0x00000000   Code   RO         7703    .ARM.Collect$$$$00000008  mc_w.l(entry7b.o)
    0x080000f4   0x080000f4   0x00000000   Code   RO         7705    .ARM.Collect$$$$0000000A  mc_w.l(entry8b.o)
    0x080000f4   0x080000f4   0x00000008   Code   RO         7706    .ARM.Collect$$$$0000000B  mc_w.l(entry9a.o)
    0x080000fc   0x080000fc   0x00000004   Code   RO         7713    .ARM.Collect$$$$0000000E  mc_w.l(entry12b.o)
    0x08000100   0x08000100   0x00000000   Code   RO         7708    .ARM.Collect$$$$0000000F  mc_w.l(entry10a.o)
    0x08000100   0x08000100   0x00000000   Code   RO         7710    .ARM.Collect$$$$00000011  mc_w.l(entry11a.o)
    0x08000100   0x08000100   0x00000004   Code   RO         7699    .ARM.Collect$$$$00002712  mc_w.l(entry2.o)
    0x08000104   0x08000104   0x00000024   Code   RO            4    .text               startup_stm32f103xb.o
    0x08000128   0x08000128   0x00000020   Code   RO         7384    .text               mc_w.l(llushr.o)
    0x08000148   0x08000148   0x00000024   Code   RO         7386    .text               mc_w.l(memseta.o)
    0x0800016c   0x0800016c   0x000000b0   Code   RO         7649    .text               mf_w.l(fadd.o)
    0x0800021c   0x0800021c   0x00000064   Code   RO         7651    .text               mf_w.l(fmul.o)
    0x08000280   0x08000280   0x0000007c   Code   RO         7653    .text               mf_w.l(fdiv.o)
    0x080002fc   0x080002fc   0x0000014e   Code   RO         7655    .text               mf_w.l(dadd.o)
    0x0800044a   0x0800044a   0x000000e4   Code   RO         7657    .text               mf_w.l(dmul.o)
    0x0800052e   0x0800052e   0x000000de   Code   RO         7659    .text               mf_w.l(ddiv.o)
    0x0800060c   0x0800060c   0x0000002e   Code   RO         7661    .text               mf_w.l(dscalb.o)
    0x0800063a   0x0800063a   0x00000012   Code   RO         7663    .text               mf_w.l(fflti.o)
    0x0800064c   0x0800064c   0x00000022   Code   RO         7665    .text               mf_w.l(dflti.o)
    0x0800066e   0x0800066e   0x00000032   Code   RO         7667    .text               mf_w.l(ffixi.o)
    0x080006a0   0x080006a0   0x00000026   Code   RO         7669    .text               mf_w.l(f2d.o)
    0x080006c6   0x080006c6   0x00000038   Code   RO         7671    .text               mf_w.l(d2f.o)
    0x080006fe   0x080006fe   0x0000002c   Code   RO         7715    .text               mc_w.l(uidiv.o)
    0x0800072a   0x0800072a   0x00000062   Code   RO         7717    .text               mc_w.l(uldiv.o)
    0x0800078c   0x0800078c   0x0000001e   Code   RO         7719    .text               mc_w.l(llshl.o)
    0x080007aa   0x080007aa   0x00000024   Code   RO         7721    .text               mc_w.l(llsshr.o)
    0x080007ce   0x080007ce   0x00000000   Code   RO         7730    .text               mc_w.l(iusefp.o)
    0x080007ce   0x080007ce   0x0000006e   Code   RO         7731    .text               mf_w.l(fepilogue.o)
    0x0800083c   0x0800083c   0x000000ba   Code   RO         7733    .text               mf_w.l(depilogue.o)
    0x080008f6   0x080008f6   0x00000030   Code   RO         7735    .text               mf_w.l(dfixul.o)
    0x08000926   0x08000926   0x00000002   PAD
    0x08000928   0x08000928   0x00000030   Code   RO         7737    .text               mf_w.l(cdcmple.o)
    0x08000958   0x08000958   0x00000030   Code   RO         7739    .text               mf_w.l(cdrcmple.o)
    0x08000988   0x08000988   0x00000024   Code   RO         7745    .text               mc_w.l(init.o)
    0x080009ac   0x080009ac   0x000000c8   Code   RO          289    i.AngleCalculate    control.o
    0x08000a74   0x08000a74   0x00000034   Code   RO          290    i.AngleControl      control.o
    0x08000aa8   0x08000aa8   0x00000002   Code   RO         4437    i.BusFault_Handler  stm32f1xx_it.o
    0x08000aaa   0x08000aaa   0x00000002   PAD
    0x08000aac   0x08000aac   0x0000003c   Code   RO           13    i.ButtonScan        button.o
    0x08000ae8   0x08000ae8   0x00000048   Code   RO          268    i.ComplementaryFilter  filter.o
    0x08000b30   0x08000b30   0x00000002   Code   RO         4438    i.DebugMon_Handler  stm32f1xx_it.o
    0x08000b32   0x08000b32   0x00000004   Code   RO         4159    i.Error_Handler     main.o
    0x08000b36   0x08000b36   0x00000002   PAD
    0x08000b38   0x08000b38   0x00000020   Code   RO          291    i.GetMPUData        control.o
    0x08000b58   0x08000b58   0x0000003c   Code   RO          292    i.GetMotorPulse     control.o
    0x08000b94   0x08000b94   0x00000098   Code   RO         5449    i.HAL_DMA_Abort_IT  stm32f1xx_hal_dma.o
    0x08000c2c   0x08000c2c   0x00000024   Code   RO         5076    i.HAL_Delay         stm32f1xx_hal.o
    0x08000c50   0x08000c50   0x000001e0   Code   RO         5384    i.HAL_GPIO_Init     stm32f1xx_hal_gpio.o
    0x08000e30   0x08000e30   0x0000000a   Code   RO         5386    i.HAL_GPIO_ReadPin  stm32f1xx_hal_gpio.o
    0x08000e3a   0x08000e3a   0x0000000a   Code   RO         5388    i.HAL_GPIO_WritePin  stm32f1xx_hal_gpio.o
    0x08000e44   0x08000e44   0x0000000c   Code   RO         5080    i.HAL_GetTick       stm32f1xx_hal.o
    0x08000e50   0x08000e50   0x00000188   Code   RO         4653    i.HAL_I2C_Init      stm32f1xx_hal_i2c.o
    0x08000fd8   0x08000fd8   0x00000250   Code   RO         4671    i.HAL_I2C_Mem_Read  stm32f1xx_hal_i2c.o
    0x08001228   0x08001228   0x00000130   Code   RO         4674    i.HAL_I2C_Mem_Write  stm32f1xx_hal_i2c.o
    0x08001358   0x08001358   0x00000070   Code   RO         4254    i.HAL_I2C_MspInit   i2c.o
    0x080013c8   0x080013c8   0x00000010   Code   RO         5086    i.HAL_IncTick       stm32f1xx_hal.o
    0x080013d8   0x080013d8   0x00000024   Code   RO         5087    i.HAL_Init          stm32f1xx_hal.o
    0x080013fc   0x080013fc   0x00000040   Code   RO         5088    i.HAL_InitTick      stm32f1xx_hal.o
    0x0800143c   0x0800143c   0x0000003c   Code   RO         4540    i.HAL_MspInit       stm32f1xx_hal_msp.o
    0x08001478   0x08001478   0x0000001a   Code   RO         5544    i.HAL_NVIC_EnableIRQ  stm32f1xx_hal_cortex.o
    0x08001492   0x08001492   0x00000002   PAD
    0x08001494   0x08001494   0x00000040   Code   RO         5550    i.HAL_NVIC_SetPriority  stm32f1xx_hal_cortex.o
    0x080014d4   0x080014d4   0x00000024   Code   RO         5551    i.HAL_NVIC_SetPriorityGrouping  stm32f1xx_hal_cortex.o
    0x080014f8   0x080014f8   0x0000012c   Code   RO         5244    i.HAL_RCC_ClockConfig  stm32f1xx_hal_rcc.o
    0x08001624   0x08001624   0x00000020   Code   RO         5251    i.HAL_RCC_GetPCLK1Freq  stm32f1xx_hal_rcc.o
    0x08001644   0x08001644   0x00000020   Code   RO         5252    i.HAL_RCC_GetPCLK2Freq  stm32f1xx_hal_rcc.o
    0x08001664   0x08001664   0x0000006c   Code   RO         5253    i.HAL_RCC_GetSysClockFreq  stm32f1xx_hal_rcc.o
    0x080016d0   0x080016d0   0x00000320   Code   RO         5256    i.HAL_RCC_OscConfig  stm32f1xx_hal_rcc.o
    0x080019f0   0x080019f0   0x00000002   Code   RO         5554    i.HAL_SYSTICK_Callback  stm32f1xx_hal_cortex.o
    0x080019f2   0x080019f2   0x00000028   Code   RO         5555    i.HAL_SYSTICK_Config  stm32f1xx_hal_cortex.o
    0x08001a1a   0x08001a1a   0x00000008   Code   RO         5556    i.HAL_SYSTICK_IRQHandler  stm32f1xx_hal_cortex.o
    0x08001a22   0x08001a22   0x00000002   Code   RO         6750    i.HAL_TIMEx_BreakCallback  stm32f1xx_hal_tim_ex.o
    0x08001a24   0x08001a24   0x00000002   Code   RO         6751    i.HAL_TIMEx_CommutCallback  stm32f1xx_hal_tim_ex.o
    0x08001a26   0x08001a26   0x00000002   PAD
    0x08001a28   0x08001a28   0x00000068   Code   RO         6769    i.HAL_TIMEx_MasterConfigSynchronization  stm32f1xx_hal_tim_ex.o
    0x08001a90   0x08001a90   0x000000a4   Code   RO         6067    i.HAL_TIM_Encoder_Init  stm32f1xx_hal_tim.o
    0x08001b34   0x08001b34   0x0000008c   Code   RO         4296    i.HAL_TIM_Encoder_MspInit  tim.o
    0x08001bc0   0x08001bc0   0x0000008e   Code   RO         6070    i.HAL_TIM_Encoder_Start  stm32f1xx_hal_tim.o
    0x08001c4e   0x08001c4e   0x00000002   PAD
    0x08001c50   0x08001c50   0x0000008c   Code   RO         4439    i.HAL_TIM_IC_CaptureCallback  stm32f1xx_it.o
    0x08001cdc   0x08001cdc   0x0000010e   Code   RO         6082    i.HAL_TIM_IC_ConfigChannel  stm32f1xx_hal_tim.o
    0x08001dea   0x08001dea   0x0000005a   Code   RO         6085    i.HAL_TIM_IC_Init   stm32f1xx_hal_tim.o
    0x08001e44   0x08001e44   0x00000078   Code   RO         4298    i.HAL_TIM_IC_MspInit  tim.o
    0x08001ebc   0x08001ebc   0x000000e0   Code   RO         6090    i.HAL_TIM_IC_Start_IT  stm32f1xx_hal_tim.o
    0x08001f9c   0x08001f9c   0x00000166   Code   RO         6094    i.HAL_TIM_IRQHandler  stm32f1xx_hal_tim.o
    0x08002102   0x08002102   0x00000002   PAD
    0x08002104   0x08002104   0x0000004c   Code   RO         4299    i.HAL_TIM_MspPostInit  tim.o
    0x08002150   0x08002150   0x00000002   Code   RO         6097    i.HAL_TIM_OC_DelayElapsedCallback  stm32f1xx_hal_tim.o
    0x08002152   0x08002152   0x000000c6   Code   RO         6118    i.HAL_TIM_PWM_ConfigChannel  stm32f1xx_hal_tim.o
    0x08002218   0x08002218   0x0000005a   Code   RO         6121    i.HAL_TIM_PWM_Init  stm32f1xx_hal_tim.o
    0x08002272   0x08002272   0x00000002   PAD
    0x08002274   0x08002274   0x00000028   Code   RO         4301    i.HAL_TIM_PWM_MspInit  tim.o
    0x0800229c   0x0800229c   0x00000002   Code   RO         6124    i.HAL_TIM_PWM_PulseFinishedCallback  stm32f1xx_hal_tim.o
    0x0800229e   0x0800229e   0x00000002   PAD
    0x080022a0   0x080022a0   0x0000009c   Code   RO         6126    i.HAL_TIM_PWM_Start  stm32f1xx_hal_tim.o
    0x0800233c   0x0800233c   0x00000038   Code   RO         4440    i.HAL_TIM_PeriodElapsedCallback  stm32f1xx_it.o
    0x08002374   0x08002374   0x0000002a   Code   RO         6134    i.HAL_TIM_ReadCapturedValue  stm32f1xx_hal_tim.o
    0x0800239e   0x0800239e   0x00000002   Code   RO         6137    i.HAL_TIM_TriggerCallback  stm32f1xx_hal_tim.o
    0x080023a0   0x080023a0   0x00000002   Code   RO         7038    i.HAL_UART_ErrorCallback  stm32f1xx_hal_uart.o
    0x080023a2   0x080023a2   0x00000002   PAD
    0x080023a4   0x080023a4   0x0000015c   Code   RO         7041    i.HAL_UART_IRQHandler  stm32f1xx_hal_uart.o
    0x08002500   0x08002500   0x00000062   Code   RO         7042    i.HAL_UART_Init     stm32f1xx_hal_uart.o
    0x08002562   0x08002562   0x00000002   PAD
    0x08002564   0x08002564   0x00000080   Code   RO         4386    i.HAL_UART_MspInit  usart.o
    0x080025e4   0x080025e4   0x00000002   Code   RO         7048    i.HAL_UART_RxCpltCallback  stm32f1xx_hal_uart.o
    0x080025e6   0x080025e6   0x00000002   Code   RO         7053    i.HAL_UART_TxCpltCallback  stm32f1xx_hal_uart.o
    0x080025e8   0x080025e8   0x00000002   Code   RO         4441    i.HardFault_Handler  stm32f1xx_it.o
    0x080025ea   0x080025ea   0x0000002e   Code   RO         4695    i.I2C_IsAcknowledgeFailed  stm32f1xx_hal_i2c.o
    0x08002618   0x08002618   0x000000fc   Code   RO         4705    i.I2C_RequestMemoryRead  stm32f1xx_hal_i2c.o
    0x08002714   0x08002714   0x000000a8   Code   RO         4706    i.I2C_RequestMemoryWrite  stm32f1xx_hal_i2c.o
    0x080027bc   0x080027bc   0x0000004c   Code   RO         4709    i.I2C_WaitOnBTFFlagUntilTimeout  stm32f1xx_hal_i2c.o
    0x08002808   0x08002808   0x00000068   Code   RO         4710    i.I2C_WaitOnFlagUntilTimeout  stm32f1xx_hal_i2c.o
    0x08002870   0x08002870   0x00000096   Code   RO         4711    i.I2C_WaitOnMasterAddressFlagUntilTimeout  stm32f1xx_hal_i2c.o
    0x08002906   0x08002906   0x00000066   Code   RO         4712    i.I2C_WaitOnRXNEFlagUntilTimeout  stm32f1xx_hal_i2c.o
    0x0800296c   0x0800296c   0x0000004c   Code   RO         4713    i.I2C_WaitOnTXEFlagUntilTimeout  stm32f1xx_hal_i2c.o
    0x080029b8   0x080029b8   0x00000030   Code   RO          181    i.MPU_Get_Accelerometer  mpu6050.o
    0x080029e8   0x080029e8   0x00000030   Code   RO          182    i.MPU_Get_Gyroscope  mpu6050.o
    0x08002a18   0x08002a18   0x00000078   Code   RO          184    i.MPU_Init          mpu6050.o
    0x08002a90   0x08002a90   0x00000034   Code   RO          185    i.MPU_Read_Byte     mpu6050.o
    0x08002ac4   0x08002ac4   0x00000020   Code   RO          186    i.MPU_Read_Len      mpu6050.o
    0x08002ae4   0x08002ae4   0x0000000a   Code   RO          187    i.MPU_Set_Accel_Fsr  mpu6050.o
    0x08002aee   0x08002aee   0x0000000a   Code   RO          188    i.MPU_Set_Gyro_Fsr  mpu6050.o
    0x08002af8   0x08002af8   0x00000030   Code   RO          189    i.MPU_Set_LPF       mpu6050.o
    0x08002b28   0x08002b28   0x0000002e   Code   RO          190    i.MPU_Set_Rate      mpu6050.o
    0x08002b56   0x08002b56   0x00000002   PAD
    0x08002b58   0x08002b58   0x00000030   Code   RO          191    i.MPU_Write_Byte    mpu6050.o
    0x08002b88   0x08002b88   0x00000104   Code   RO         4229    i.MX_GPIO_Init      gpio.o
    0x08002c8c   0x08002c8c   0x00000040   Code   RO         4255    i.MX_I2C1_Init      i2c.o
    0x08002ccc   0x08002ccc   0x00000070   Code   RO         4302    i.MX_TIM1_Init      tim.o
    0x08002d3c   0x08002d3c   0x00000068   Code   RO         4303    i.MX_TIM2_Init      tim.o
    0x08002da4   0x08002da4   0x00000084   Code   RO         4304    i.MX_TIM3_Init      tim.o
    0x08002e28   0x08002e28   0x0000006c   Code   RO         4305    i.MX_TIM4_Init      tim.o
    0x08002e94   0x08002e94   0x00000038   Code   RO         4387    i.MX_USART1_UART_Init  usart.o
    0x08002ecc   0x08002ecc   0x00000002   Code   RO         4442    i.MemManage_Handler  stm32f1xx_it.o
    0x08002ece   0x08002ece   0x00000002   PAD
    0x08002ed0   0x08002ed0   0x00000074   Code   RO          293    i.MotorOutput       control.o
    0x08002f44   0x08002f44   0x00000002   Code   RO         4443    i.NMI_Handler       stm32f1xx_it.o
    0x08002f46   0x08002f46   0x00000002   PAD
    0x08002f48   0x08002f48   0x0000008c   Code   RO         3265    i.OLED_Init         oled.o
    0x08002fd4   0x08002fd4   0x00000002   Code   RO         4444    i.PendSV_Handler    stm32f1xx_it.o
    0x08002fd6   0x08002fd6   0x00000002   PAD
    0x08002fd8   0x08002fd8   0x0000004c   Code   RO         4565    i.ReadDistance      ultrasonic.o
    0x08003024   0x08003024   0x00000002   Code   RO         4445    i.SVC_Handler       stm32f1xx_it.o
    0x08003026   0x08003026   0x00000002   PAD
    0x08003028   0x08003028   0x00000014   Code   RO         4160    i.SecTask           main.o
    0x0800303c   0x0800303c   0x0000008c   Code   RO          294    i.SetMotorVoltageAndDirection  control.o
    0x080030c8   0x080030c8   0x00000020   Code   RO         4161    i.SoftTimerCountDown  main.o
    0x080030e8   0x080030e8   0x000000c0   Code   RO          295    i.SpeedControl      control.o
    0x080031a8   0x080031a8   0x00000038   Code   RO          296    i.SpeedControlOutput  control.o
    0x080031e0   0x080031e0   0x00000084   Code   RO         4446    i.SysTick_Handler   stm32f1xx_it.o
    0x08003264   0x08003264   0x0000005e   Code   RO         4162    i.SystemClock_Config  main.o
    0x080032c2   0x080032c2   0x00000002   Code   RO         7339    i.SystemInit        system_stm32f1xx_1.o
    0x080032c4   0x080032c4   0x0000000c   Code   RO         4447    i.TIM1_CC_IRQHandler  stm32f1xx_it.o
    0x080032d0   0x080032d0   0x0000000c   Code   RO         4448    i.TIM1_UP_IRQHandler  stm32f1xx_it.o
    0x080032dc   0x080032dc   0x0000006c   Code   RO         6139    i.TIM_Base_SetConfig  stm32f1xx_hal_tim.o
    0x08003348   0x08003348   0x0000001a   Code   RO         6140    i.TIM_CCxChannelCmd  stm32f1xx_hal_tim.o
    0x08003362   0x08003362   0x00000002   PAD
    0x08003364   0x08003364   0x00000050   Code   RO         6152    i.TIM_OC1_SetConfig  stm32f1xx_hal_tim.o
    0x080033b4   0x080033b4   0x00000058   Code   RO         6153    i.TIM_OC2_SetConfig  stm32f1xx_hal_tim.o
    0x0800340c   0x0800340c   0x00000058   Code   RO         6154    i.TIM_OC3_SetConfig  stm32f1xx_hal_tim.o
    0x08003464   0x08003464   0x00000044   Code   RO         6155    i.TIM_OC4_SetConfig  stm32f1xx_hal_tim.o
    0x080034a8   0x080034a8   0x00000058   Code   RO         6158    i.TIM_TI1_SetConfig  stm32f1xx_hal_tim.o
    0x08003500   0x08003500   0x00000036   Code   RO         6160    i.TIM_TI2_SetConfig  stm32f1xx_hal_tim.o
    0x08003536   0x08003536   0x00000010   Code   RO         7055    i.UART_DMAAbortOnError  stm32f1xx_hal_uart.o
    0x08003546   0x08003546   0x0000001c   Code   RO         7065    i.UART_EndRxTransfer  stm32f1xx_hal_uart.o
    0x08003562   0x08003562   0x0000008c   Code   RO         7067    i.UART_Receive_IT   stm32f1xx_hal_uart.o
    0x080035ee   0x080035ee   0x00000002   PAD
    0x080035f0   0x080035f0   0x000000b8   Code   RO         7068    i.UART_SetConfig    stm32f1xx_hal_uart.o
    0x080036a8   0x080036a8   0x0000000c   Code   RO         4449    i.USART1_IRQHandler  stm32f1xx_it.o
    0x080036b4   0x080036b4   0x00000002   Code   RO         4450    i.UsageFault_Handler  stm32f1xx_it.o
    0x080036b6   0x080036b6   0x00000002   PAD
    0x080036b8   0x080036b8   0x00000028   Code   RO         7623    i.__0sprintf        mc_w.l(printfa.o)
    0x080036e0   0x080036e0   0x00000028   Code   RO         7741    i.__ARM_fpclassify  m_ws.l(fpclassify.o)
    0x08003708   0x08003708   0x00000020   Code   RO         5557    i.__NVIC_SetPriority  stm32f1xx_hal_cortex.o
    0x08003728   0x08003728   0x000000aa   Code   RO         7743    i.__kernel_poly     m_ws.l(poly.o)
    0x080037d2   0x080037d2   0x00000006   Code   RO         7684    i.__mathlib_dbl_infnan  m_ws.l(dunder.o)
    0x080037d8   0x080037d8   0x00000004   Code   RO         7685    i.__mathlib_dbl_infnan2  m_ws.l(dunder.o)
    0x080037dc   0x080037dc   0x00000010   Code   RO         7689    i.__mathlib_dbl_underflow  m_ws.l(dunder.o)
    0x080037ec   0x080037ec   0x0000000e   Code   RO         7749    i.__scatterload_copy  mc_w.l(handlers.o)
    0x080037fa   0x080037fa   0x00000002   Code   RO         7750    i.__scatterload_null  mc_w.l(handlers.o)
    0x080037fc   0x080037fc   0x0000000e   Code   RO         7751    i.__scatterload_zeroinit  mc_w.l(handlers.o)
    0x0800380a   0x0800380a   0x00000002   PAD
    0x0800380c   0x0800380c   0x0000000c   Code   RO         7725    i.__set_errno       mc_w.l(errno.o)
    0x08003818   0x08003818   0x00000184   Code   RO         7628    i._fp_digits        mc_w.l(printfa.o)
    0x0800399c   0x0800399c   0x000006b4   Code   RO         7629    i._printf_core      mc_w.l(printfa.o)
    0x08004050   0x08004050   0x00000024   Code   RO         7630    i._printf_post_padding  mc_w.l(printfa.o)
    0x08004074   0x08004074   0x0000002e   Code   RO         7631    i._printf_pre_padding  mc_w.l(printfa.o)
    0x080040a2   0x080040a2   0x0000000a   Code   RO         7633    i._sputc            mc_w.l(printfa.o)
    0x080040ac   0x080040ac   0x00000220   Code   RO         7674    i.atan              m_ws.l(atan.o)
    0x080042cc   0x080042cc   0x0000019c   Code   RO         7374    i.atan2             m_ws.l(atan2.o)
    0x08004468   0x08004468   0x0000016c   Code   RO         4163    i.main              main.o
    0x080045d4   0x080045d4   0x00000012   Code   RO          512    i.u8g2_ClearBuffer  u8g2_buffer.o
    0x080045e6   0x080045e6   0x00000070   Code   RO          700    i.u8g2_DrawGlyph    u8g2_font.o
    0x08004656   0x08004656   0x00000002   PAD
    0x08004658   0x08004658   0x000000ac   Code   RO         2680    i.u8g2_DrawHVLine   u8g2_hvline.o
    0x08004704   0x08004704   0x00000010   Code   RO          701    i.u8g2_DrawStr      u8g2_font.o
    0x08004714   0x08004714   0x00000030   Code   RO         2741    i.u8g2_IsIntersection  u8g2_intersection.o
    0x08004744   0x08004744   0x00000012   Code   RO          515    i.u8g2_SendBuffer   u8g2_buffer.o
    0x08004756   0x08004756   0x00000020   Code   RO          717    i.u8g2_SetFont      u8g2_font.o
    0x08004776   0x08004776   0x00000002   PAD
    0x08004778   0x08004778   0x0000000c   Code   RO          720    i.u8g2_SetFontPosBaseline  u8g2_font.o
    0x08004784   0x08004784   0x0000001c   Code   RO         2929    i.u8g2_SetMaxClipWindow  u8g2_setup.o
    0x080047a0   0x080047a0   0x00000042   Code   RO         2930    i.u8g2_SetupBuffer  u8g2_setup.o
    0x080047e2   0x080047e2   0x00000002   PAD
    0x080047e4   0x080047e4   0x00000038   Code   RO          686    i.u8g2_Setup_ssd1306_128x64_noname_f  u8g2_d_setup.o
    0x0800481c   0x0800481c   0x00000052   Code   RO          727    i.u8g2_UpdateRefHeight  u8g2_font.o
    0x0800486e   0x0800486e   0x0000001c   Code   RO          728    i.u8g2_add_vector_x  u8g2_font.o
    0x0800488a   0x0800488a   0x0000001c   Code   RO          729    i.u8g2_add_vector_y  u8g2_font.o
    0x080048a6   0x080048a6   0x0000006e   Code   RO         2932    i.u8g2_apply_clip_window  u8g2_setup.o
    0x08004914   0x08004914   0x0000003c   Code   RO         2684    i.u8g2_clip_intersection2  u8g2_hvline.o
    0x08004950   0x08004950   0x00000012   Code   RO         2685    i.u8g2_draw_hv_line_2dir  u8g2_hvline.o
    0x08004962   0x08004962   0x0000000c   Code   RO         2934    i.u8g2_draw_l90_r0  u8g2_setup.o
    0x0800496e   0x0800496e   0x00000076   Code   RO          731    i.u8g2_draw_string  u8g2_font.o
    0x080049e4   0x080049e4   0x00000004   Code   RO          734    i.u8g2_font_calc_vref_font  u8g2_font.o
    0x080049e8   0x080049e8   0x00000014   Code   RO          736    i.u8g2_font_decode_get_signed_bits  u8g2_font.o
    0x080049fc   0x080049fc   0x00000034   Code   RO          737    i.u8g2_font_decode_get_unsigned_bits  u8g2_font.o
    0x08004a30   0x08004a30   0x00000114   Code   RO          738    i.u8g2_font_decode_glyph  u8g2_font.o
    0x08004b44   0x08004b44   0x0000008c   Code   RO          739    i.u8g2_font_decode_len  u8g2_font.o
    0x08004bd0   0x08004bd0   0x00000072   Code   RO          740    i.u8g2_font_get_glyph_data  u8g2_font.o
    0x08004c42   0x08004c42   0x00000014   Code   RO          741    i.u8g2_font_get_word  u8g2_font.o
    0x08004c56   0x08004c56   0x00000034   Code   RO          742    i.u8g2_font_setup_decode  u8g2_font.o
    0x08004c8a   0x08004c8a   0x00000018   Code   RO         2742    i.u8g2_is_intersection_decision_tree  u8g2_intersection.o
    0x08004ca2   0x08004ca2   0x00000002   PAD
    0x08004ca4   0x08004ca4   0x00000090   Code   RO         2790    i.u8g2_ll_hvline_vertical_top_lsb  u8g2_ll_hvline.o
    0x08004d34   0x08004d34   0x0000000c   Code   RO          673    i.u8g2_m_16_8_f     u8g2_d_memory.o
    0x08004d40   0x08004d40   0x0000006a   Code   RO          743    i.u8g2_read_font_info  u8g2_font.o
    0x08004daa   0x08004daa   0x0000004e   Code   RO          523    i.u8g2_send_buffer  u8g2_buffer.o
    0x08004df8   0x08004df8   0x00000046   Code   RO         2939    i.u8g2_update_dimension_common  u8g2_setup.o
    0x08004e3e   0x08004e3e   0x00000004   Code   RO         2940    i.u8g2_update_dimension_r0  u8g2_setup.o
    0x08004e42   0x08004e42   0x00000022   Code   RO         2944    i.u8g2_update_page_win_r0  u8g2_setup.o
    0x08004e64   0x08004e64   0x0000001e   Code   RO         3641    i.u8x8_DrawTile     u8x8_display.o
    0x08004e82   0x08004e82   0x00000010   Code   RO         3643    i.u8x8_InitDisplay  u8x8_display.o
    0x08004e92   0x08004e92   0x00000010   Code   RO         3644    i.u8x8_RefreshDisplay  u8x8_display.o
    0x08004ea2   0x08004ea2   0x00000010   Code   RO         3647    i.u8x8_SetPowerSave  u8x8_display.o
    0x08004eb2   0x08004eb2   0x00000022   Code   RO         3387    i.u8x8_Setup        u8x8_setup.o
    0x08004ed4   0x08004ed4   0x00000024   Code   RO         3388    i.u8x8_SetupDefaults  u8x8_setup.o
    0x08004ef8   0x08004ef8   0x00000010   Code   RO         3648    i.u8x8_SetupMemory  u8x8_display.o
    0x08004f08   0x08004f08   0x0000000e   Code   RO         4042    i.u8x8_ascii_next   u8x8_8x8.o
    0x08004f16   0x08004f16   0x00000002   PAD
    0x08004f18   0x08004f18   0x000000ea   Code   RO         3913    i.u8x8_byte_4wire_sw_spi  u8x8_byte.o
    0x08005002   0x08005002   0x0000000e   Code   RO         3917    i.u8x8_byte_SendByte  u8x8_byte.o
    0x08005010   0x08005010   0x00000010   Code   RO         3919    i.u8x8_byte_SetDC   u8x8_byte.o
    0x08005020   0x08005020   0x00000052   Code   RO         3777    i.u8x8_cad_001      u8x8_cad.o
    0x08005072   0x08005072   0x00000010   Code   RO         3781    i.u8x8_cad_EndTransfer  u8x8_cad.o
    0x08005082   0x08005082   0x00000010   Code   RO         3782    i.u8x8_cad_SendArg  u8x8_cad.o
    0x08005092   0x08005092   0x00000010   Code   RO         3783    i.u8x8_cad_SendCmd  u8x8_cad.o
    0x080050a2   0x080050a2   0x00000010   Code   RO         3784    i.u8x8_cad_SendData  u8x8_cad.o
    0x080050b2   0x080050b2   0x00000002   PAD
    0x080050b4   0x080050b4   0x00000068   Code   RO         3786    i.u8x8_cad_SendSequence  u8x8_cad.o
    0x0800511c   0x0800511c   0x00000010   Code   RO         3787    i.u8x8_cad_StartTransfer  u8x8_cad.o
    0x0800512c   0x0800512c   0x00000060   Code   RO         3649    i.u8x8_d_helper_display_init  u8x8_display.o
    0x0800518c   0x0800518c   0x0000000a   Code   RO         3650    i.u8x8_d_helper_display_setup_memory  u8x8_display.o
    0x08005196   0x08005196   0x00000002   PAD
    0x08005198   0x08005198   0x0000003c   Code   RO         3217    i.u8x8_d_ssd1306_128x64_noname  u8x8_d_ssd1306_128x64_noname.o
    0x080051d4   0x080051d4   0x000000c8   Code   RO         3219    i.u8x8_d_ssd1306_sh1106_generic  u8x8_d_ssd1306_128x64_noname.o
    0x0800529c   0x0800529c   0x00000004   Code   RO         3390    i.u8x8_dummy_cb     u8x8_setup.o
    0x080052a0   0x080052a0   0x0000000c   Code   RO         3485    i.u8x8_gpio_call    u8x8_gpio.o
    0x080052ac   0x080052ac   0x00000070   Code   RO         3266    i.u8x8_stm32_gpio_and_delay  oled.o
    0x0800531c   0x0800531c   0x00000008   Code   RO         4050    i.u8x8_utf8_init    u8x8_8x8.o
    0x08005324   0x08005324   0x000004a9   Data   RO         1034    .constdata          u8g2_fonts.o
    0x080057cd   0x080057cd   0x00000003   PAD
    0x080057d0   0x080057d0   0x0000000c   Data   RO         2948    .constdata          u8g2_setup.o
    0x080057dc   0x080057dc   0x00000114   Data   RO         3220    .constdata          u8x8_d_ssd1306_128x64_noname.o
    0x080058f0   0x080058f0   0x00000010   Data   RO         7340    .constdata          system_stm32f1xx_1.o
    0x08005900   0x08005900   0x00000008   Data   RO         7341    .constdata          system_stm32f1xx_1.o
    0x08005908   0x08005908   0x00000098   Data   RO         7675    .constdata          m_ws.l(atan.o)
    0x080059a0   0x080059a0   0x00000008   Data   RO         7697    .constdata          m_ws.l(qnan.o)
    0x080059a8   0x080059a8   0x00000020   Data   RO         7747    Region$$Table       anon$$obj.o


    Execution Region RW_IRAM1 (Exec base: 0x20000000, Load base: 0x080059c8, Size: 0x00000a78, Max: 0x00005000, ABSOLUTE)

    Exec Addr    Load Addr    Size         Type   Attr      Idx    E Section Name        Object

    0x20000000   0x080059c8   0x0000000c   Data   RW           14    .data               button.o
    0x2000000c   0x080059d4   0x00000008   Data   RW          269    .data               filter.o
    0x20000014   0x080059dc   0x00000068   Data   RW          298    .data               control.o
    0x2000007c   0x08005a44   0x00000004   Data   RW          299    .data               control.o
    0x20000080   0x08005a48   0x00000004   Data   RW          301    .data               control.o
    0x20000084   0x08005a4c   0x00000010   Data   RW         4567    .data               ultrasonic.o
    0x20000094   0x08005a5c   0x0000000c   Data   RW         5094    .data               stm32f1xx_hal.o
    0x200000a0   0x08005a68   0x00000004   Data   RW         7342    .data               system_stm32f1xx_1.o
    0x200000a4   0x08005a6c   0x00000004   Data   RW         7726    .data               mc_w.l(errno.o)
    0x200000a8        -       0x00000010   Zero   RW          385    .bss                outputdata.o
    0x200000b8        -       0x00000400   Zero   RW          674    .bss                u8g2_d_memory.o
    0x200004b8        -       0x0000000a   Zero   RW         4164    .bss                main.o
    0x200004c2   0x08005a70   0x00000002   PAD
    0x200004c4        -       0x00000054   Zero   RW         4256    .bss                i2c.o
    0x20000518        -       0x00000120   Zero   RW         4306    .bss                tim.o
    0x20000638        -       0x00000040   Zero   RW         4389    .bss                usart.o
    0x20000678        -       0x00000400   Zero   RW            1    STACK               startup_stm32f103xb.o


==============================================================================

Image component sizes


      Code (inc. data)   RO Data    RW Data    ZI Data      Debug   Object Name

        60          8          0         12          0     432939   button.o
       848        124          0        112          0       5791   control.o
        72         14          0          8          0        808   filter.o
       260         16          0          0          0        951   gpio.o
       176         30          0          0         84       1569   i2c.o
       514        102          0          0         10     141824   main.o
       462         22          0          0          0       5899   mpu6050.o
       252         20          0          0          0      19088   oled.o
         0          0          0          0         16        558   outputdata.o
        36          8        236          0       1024        788   startup_stm32f103xb.o
       164         28          0         12          0       5785   stm32f1xx_hal.o
       208         14          0          0          0      29863   stm32f1xx_hal_cortex.o
       152          4          0          0          0       1071   stm32f1xx_hal_dma.o
       500         34          0          0          0       3455   stm32f1xx_hal_gpio.o
      2262         56          0          0          0      12578   stm32f1xx_hal_i2c.o
        60          8          0          0          0        818   stm32f1xx_hal_msp.o
      1272        100          0          0          0       5108   stm32f1xx_hal_rcc.o
      2340         70          0          0          0      16937   stm32f1xx_hal_tim.o
       108         12          0          0          0       2313   stm32f1xx_hal_tim_ex.o
       820         10          0          0          0       6499   stm32f1xx_hal_uart.o
       380         56          0          0          0       6512   stm32f1xx_it.o
         2          0         24          4          0       1051   system_stm32f1xx_1.o
       832         90          0          0        288       5265   tim.o
         0          0          0          0          0     138635   u8g2_bitmap.o
       114          0          0          0          0       2307   u8g2_buffer.o
        12          4          0          0       1024        760   u8g2_d_memory.o
        56         14          0          0          0        961   u8g2_d_setup.o
      1212         10          0          0          0      12876   u8g2_font.o
         0          0       1193          0          0     123316   u8g2_fonts.o
       250          0          0          0          0       2291   u8g2_hvline.o
        72          0          0          0          0       1767   u8g2_intersection.o
       144          0          0          0          0       1298   u8g2_ll_hvline.o
       324          0         12          0          0     125968   u8g2_setup.o
        22          0          0          0          0       1697   u8x8_8x8.o
       264          0          0          0          0       2732   u8x8_byte.o
       266          6          0          0          0       4541   u8x8_cad.o
       260         10        276          0          0       2759   u8x8_d_ssd1306_128x64_noname.o
       200          0          0          0          0       3990   u8x8_display.o
        12          0          0          0          0        545   u8x8_gpio.o
        74          4          0          0          0       1618   u8x8_setup.o
        76         10          0         16          0        829   ultrasonic.o
       184         20          0          0         64       1690   usart.o

    ----------------------------------------------------------------------
     15372        904       1776        164       2512    1138050   Object Totals
         0          0         32          0          0          0   (incl. Generated)
        50          0          3          0          2          0   (incl. Padding)

    ----------------------------------------------------------------------

      Code (inc. data)   RO Data    RW Data    ZI Data      Debug   Library Member Name

       544         70        152          0          0        124   atan.o
       412         38          0          0          0        144   atan2.o
        26          6          0          0          0        204   dunder.o
        40          0          0          0          0         68   fpclassify.o
       170          0          0          0          0         96   poly.o
         0          0          8          0          0          0   qnan.o
         0          0          0          0          0          0   entry.o
         0          0          0          0          0          0   entry10a.o
         0          0          0          0          0          0   entry11a.o
         4          0          0          0          0          0   entry12b.o
         8          4          0          0          0          0   entry2.o
         4          0          0          0          0          0   entry5.o
         0          0          0          0          0          0   entry7b.o
         0          0          0          0          0          0   entry8b.o
         8          4          0          0          0          0   entry9a.o
        12          6          0          4          0         68   errno.o
        30          0          0          0          0          0   handlers.o
        36          8          0          0          0         68   init.o
         0          0          0          0          0          0   iusefp.o
        30          0          0          0          0         68   llshl.o
        36          0          0          0          0         68   llsshr.o
        32          0          0          0          0         68   llushr.o
        36          0          0          0          0        108   memseta.o
      2236         86          0          0          0        532   printfa.o
        44          0          0          0          0         80   uidiv.o
        98          0          0          0          0         92   uldiv.o
        48          0          0          0          0         68   cdcmple.o
        48          0          0          0          0         68   cdrcmple.o
        56          0          0          0          0         88   d2f.o
       334          0          0          0          0        148   dadd.o
       222          0          0          0          0        100   ddiv.o
       186          0          0          0          0        176   depilogue.o
        48          0          0          0          0         68   dfixul.o
        34          0          0          0          0         76   dflti.o
       228          0          0          0          0         96   dmul.o
        46          0          0          0          0         80   dscalb.o
        38          0          0          0          0         68   f2d.o
       176          0          0          0          0        140   fadd.o
       124          0          0          0          0         88   fdiv.o
       110          0          0          0          0        168   fepilogue.o
        50          0          0          0          0         68   ffixi.o
        18          0          0          0          0         68   fflti.o
       100          0          0          0          0         76   fmul.o

    ----------------------------------------------------------------------
      5676        222        160          4          0       3432   Library Totals
         4          0          0          0          0          0   (incl. Padding)

    ----------------------------------------------------------------------

      Code (inc. data)   RO Data    RW Data    ZI Data      Debug   Library Name

      1192        114        160          0          0        636   m_ws.l
      2614        108          0          4          0       1152   mc_w.l
      1866          0          0          0          0       1644   mf_w.l

    ----------------------------------------------------------------------
      5676        222        160          4          0       3432   Library Totals

    ----------------------------------------------------------------------

==============================================================================


      Code (inc. data)   RO Data    RW Data    ZI Data      Debug   

     21048       1126       1936        168       2512    1130506   Grand Totals
     21048       1126       1936        168       2512    1130506   ELF Image Totals
     21048       1126       1936        168          0          0   ROM Totals

==============================================================================

    Total RO  Size (Code + RO Data)                22984 (  22.45kB)
    Total RW  Size (RW Data + ZI Data)              2680 (   2.62kB)
    Total ROM Size (Code + RO Data + RW Data)      23152 (  22.61kB)

==============================================================================

